Component: ARM Compiler 5.06 update 6 (build 750) Tool: armlink [4d35ed]

==============================================================================

Section Cross References

    startup_stm32f427_437xx.o(RESET) refers to startup_stm32f427_437xx.o(STACK) for __initial_sp
    startup_stm32f427_437xx.o(RESET) refers to startup_stm32f427_437xx.o(.text) for Reset_Handler
    startup_stm32f427_437xx.o(RESET) refers to stm32f4xx_it.o(i.NMI_Handler) for NMI_Handler
    startup_stm32f427_437xx.o(RESET) refers to stm32f4xx_it.o(i.HardFault_Handler) for HardFault_Handler
    startup_stm32f427_437xx.o(RESET) refers to stm32f4xx_it.o(i.MemManage_Handler) for MemManage_Handler
    startup_stm32f427_437xx.o(RESET) refers to stm32f4xx_it.o(i.BusFault_Handler) for BusFault_Handler
    startup_stm32f427_437xx.o(RESET) refers to stm32f4xx_it.o(i.UsageFault_Handler) for UsageFault_Handler
    startup_stm32f427_437xx.o(RESET) refers to port.o(.emb_text) for SVC_Handler
    startup_stm32f427_437xx.o(RESET) refers to stm32f4xx_it.o(i.DebugMon_Handler) for DebugMon_Handler
    startup_stm32f427_437xx.o(RESET) refers to delay.o(i.SysTick_Handler) for SysTick_Handler
    startup_stm32f427_437xx.o(RESET) refers to can.o(i.CAN1_RX0_IRQHandler) for CAN1_RX0_IRQHandler
    startup_stm32f427_437xx.o(RESET) refers to dbus.o(i.USART1_IRQHandler) for USART1_IRQHandler
    startup_stm32f427_437xx.o(RESET) refers to bmi_task.o(i.USART6_IRQHandler) for USART6_IRQHandler
    startup_stm32f427_437xx.o(.text) refers to system_stm32f4xx.o(i.SystemInit) for SystemInit
    startup_stm32f427_437xx.o(.text) refers to entry.o(.ARM.Collect$$$$00000000) for __main
    event_groups.o(i.vEventGroupClearBitsCallback) refers to event_groups.o(i.xEventGroupClearBits) for xEventGroupClearBits
    event_groups.o(i.vEventGroupDelete) refers to tasks.o(i.vTaskSuspendAll) for vTaskSuspendAll
    event_groups.o(i.vEventGroupDelete) refers to tasks.o(i.vTaskRemoveFromUnorderedEventList) for vTaskRemoveFromUnorderedEventList
    event_groups.o(i.vEventGroupDelete) refers to heap_4.o(i.vPortFree) for vPortFree
    event_groups.o(i.vEventGroupDelete) refers to tasks.o(i.xTaskResumeAll) for xTaskResumeAll
    event_groups.o(i.vEventGroupSetBitsCallback) refers to event_groups.o(i.xEventGroupSetBits) for xEventGroupSetBits
    event_groups.o(i.xEventGroupClearBits) refers to port.o(i.vPortEnterCritical) for vPortEnterCritical
    event_groups.o(i.xEventGroupClearBits) refers to port.o(i.vPortExitCritical) for vPortExitCritical
    event_groups.o(i.xEventGroupCreate) refers to heap_4.o(i.pvPortMalloc) for pvPortMalloc
    event_groups.o(i.xEventGroupCreate) refers to list.o(i.vListInitialise) for vListInitialise
    event_groups.o(i.xEventGroupSetBits) refers to tasks.o(i.vTaskSuspendAll) for vTaskSuspendAll
    event_groups.o(i.xEventGroupSetBits) refers to tasks.o(i.vTaskRemoveFromUnorderedEventList) for vTaskRemoveFromUnorderedEventList
    event_groups.o(i.xEventGroupSetBits) refers to tasks.o(i.xTaskResumeAll) for xTaskResumeAll
    event_groups.o(i.xEventGroupSync) refers to tasks.o(i.xTaskGetSchedulerState) for xTaskGetSchedulerState
    event_groups.o(i.xEventGroupSync) refers to tasks.o(i.vTaskSuspendAll) for vTaskSuspendAll
    event_groups.o(i.xEventGroupSync) refers to event_groups.o(i.xEventGroupSetBits) for xEventGroupSetBits
    event_groups.o(i.xEventGroupSync) refers to tasks.o(i.vTaskPlaceOnUnorderedEventList) for vTaskPlaceOnUnorderedEventList
    event_groups.o(i.xEventGroupSync) refers to tasks.o(i.xTaskResumeAll) for xTaskResumeAll
    event_groups.o(i.xEventGroupSync) refers to tasks.o(i.uxTaskResetEventItemValue) for uxTaskResetEventItemValue
    event_groups.o(i.xEventGroupSync) refers to port.o(i.vPortEnterCritical) for vPortEnterCritical
    event_groups.o(i.xEventGroupSync) refers to port.o(i.vPortExitCritical) for vPortExitCritical
    event_groups.o(i.xEventGroupWaitBits) refers to tasks.o(i.xTaskGetSchedulerState) for xTaskGetSchedulerState
    event_groups.o(i.xEventGroupWaitBits) refers to tasks.o(i.vTaskSuspendAll) for vTaskSuspendAll
    event_groups.o(i.xEventGroupWaitBits) refers to event_groups.o(i.prvTestWaitCondition) for prvTestWaitCondition
    event_groups.o(i.xEventGroupWaitBits) refers to tasks.o(i.vTaskPlaceOnUnorderedEventList) for vTaskPlaceOnUnorderedEventList
    event_groups.o(i.xEventGroupWaitBits) refers to tasks.o(i.xTaskResumeAll) for xTaskResumeAll
    event_groups.o(i.xEventGroupWaitBits) refers to tasks.o(i.uxTaskResetEventItemValue) for uxTaskResetEventItemValue
    event_groups.o(i.xEventGroupWaitBits) refers to port.o(i.vPortEnterCritical) for vPortEnterCritical
    event_groups.o(i.xEventGroupWaitBits) refers to port.o(i.vPortExitCritical) for vPortExitCritical
    queue.o(i.pcQueueGetName) refers to queue.o(.bss) for xQueueRegistry
    queue.o(i.prvCopyDataFromQueue) refers to memcpya.o(.text) for __aeabi_memcpy
[...]
    Removing stm32f4xx_tim.o(i.TIM_OC1FastConfig), (18 bytes).
    Removing stm32f4xx_tim.o(i.TIM_OC1Init), (124 bytes).
    Removing stm32f4xx_tim.o(i.TIM_OC1NPolarityConfig), (18 bytes).
    Removing stm32f4xx_tim.o(i.TIM_OC1PolarityConfig), (18 bytes).
    Removing stm32f4xx_tim.o(i.TIM_OC1PreloadConfig), (18 bytes).
    Removing stm32f4xx_tim.o(i.TIM_OC2FastConfig), (26 bytes).
    Removing stm32f4xx_tim.o(i.TIM_OC2Init), (164 bytes).
    Removing stm32f4xx_tim.o(i.TIM_OC2NPolarityConfig), (26 bytes).
    Removing stm32f4xx_tim.o(i.TIM_OC2PolarityConfig), (26 bytes).
    Removing stm32f4xx_tim.o(i.TIM_OC2PreloadConfig), (26 bytes).
    Removing stm32f4xx_tim.o(i.TIM_OC3FastConfig), (18 bytes).
    Removing stm32f4xx_tim.o(i.TIM_OC3Init), (160 bytes).
    Removing stm32f4xx_tim.o(i.TIM_OC3NPolarityConfig), (26 bytes).
    Removing stm32f4xx_tim.o(i.TIM_OC3PolarityConfig), (26 bytes).
    Removing stm32f4xx_tim.o(i.TIM_OC3PreloadConfig), (18 bytes).
    Removing stm32f4xx_tim.o(i.TIM_OC4FastConfig), (26 bytes).
    Removing stm32f4xx_tim.o(i.TIM_OC4Init), (120 bytes).
    Removing stm32f4xx_tim.o(i.TIM_OC4PolarityConfig), (26 bytes).
    Removing stm32f4xx_tim.o(i.TIM_OC4PreloadConfig), (26 bytes).
    Removing stm32f4xx_tim.o(i.TIM_OCStructInit), (20 bytes).
    Removing stm32f4xx_tim.o(i.TIM_PWMIConfig), (124 bytes).
    Removing stm32f4xx_tim.o(i.TIM_PrescalerConfig), (6 bytes).
    Removing stm32f4xx_tim.o(i.TIM_RemapConfig), (6 bytes).
    Removing stm32f4xx_tim.o(i.TIM_SelectCCDMA), (24 bytes).
    Removing stm32f4xx_tim.o(i.TIM_SelectCOM), (24 bytes).
    Removing stm32f4xx_tim.o(i.TIM_SelectHallSensor), (24 bytes).
    Removing stm32f4xx_tim.o(i.TIM_SelectInputTrigger), (18 bytes).
    Removing stm32f4xx_tim.o(i.TIM_SelectMasterSlaveMode), (18 bytes).
    Removing stm32f4xx_tim.o(i.TIM_SelectOCxM), (86 bytes).
    Removing stm32f4xx_tim.o(i.TIM_SelectOnePulseMode), (18 bytes).
    Removing stm32f4xx_tim.o(i.TIM_SelectOutputTrigger), (18 bytes).
    Removing stm32f4xx_tim.o(i.TIM_SelectSlaveMode), (18 bytes).
    Removing stm32f4xx_tim.o(i.TIM_SetAutoreload), (4 bytes).
    Removing stm32f4xx_tim.o(i.TIM_SetClockDivision), (18 bytes).
    Removing stm32f4xx_tim.o(i.TIM_SetCompare1), (4 bytes).
    Removing stm32f4xx_tim.o(i.TIM_SetCompare2), (4 bytes).
    Removing stm32f4xx_tim.o(i.TIM_SetCompare3), (4 bytes).
    Removing stm32f4xx_tim.o(i.TIM_SetCompare4), (4 bytes).
    Removing stm32f4xx_tim.o(i.TIM_SetCounter), (4 bytes).
    Removing stm32f4xx_tim.o(i.TIM_SetIC1Prescaler), (18 bytes).
    Removing stm32f4xx_tim.o(i.TIM_SetIC2Prescaler), (26 bytes).
    Removing stm32f4xx_tim.o(i.TIM_SetIC3Prescaler), (18 bytes).
    Removing stm32f4xx_tim.o(i.TIM_SetIC4Prescaler), (26 bytes).
    Removing stm32f4xx_tim.o(i.TIM_TIxExternalClockConfig), (62 bytes).
    Removing stm32f4xx_tim.o(i.TIM_TimeBaseInit), (132 bytes).
    Removing stm32f4xx_tim.o(i.TIM_TimeBaseStructInit), (18 bytes).
    Removing stm32f4xx_tim.o(i.TIM_UpdateDisableConfig), (24 bytes).
    Removing stm32f4xx_tim.o(i.TIM_UpdateRequestConfig), (24 bytes).
    Removing stm32f4xx_usart.o(.rev16_text), (4 bytes).
    Removing stm32f4xx_usart.o(.revsh_text), (4 bytes).
    Removing stm32f4xx_usart.o(.rrx_text), (6 bytes).
    Removing stm32f4xx_usart.o(i.USART_ClockInit), (32 bytes).
    Removing stm32f4xx_usart.o(i.USART_ClockStructInit), (12 bytes).
    Removing stm32f4xx_usart.o(i.USART_Cmd), (24 bytes).
    Removing stm32f4xx_usart.o(i.USART_DMACmd), (18 bytes).
    Removing stm32f4xx_usart.o(i.USART_DeInit), (240 bytes).
    Removing stm32f4xx_usart.o(i.USART_GetFlagStatus), (26 bytes).
    Removing stm32f4xx_usart.o(i.USART_HalfDuplexCmd), (24 bytes).
    Removing stm32f4xx_usart.o(i.USART_ITConfig), (74 bytes).
    Removing stm32f4xx_usart.o(i.USART_Init), (212 bytes).
    Removing stm32f4xx_usart.o(i.USART_IrDACmd), (24 bytes).
    Removing stm32f4xx_usart.o(i.USART_IrDAConfig), (18 bytes).
    Removing stm32f4xx_usart.o(i.USART_LINBreakDetectLengthConfig), (18 bytes).
    Removing stm32f4xx_usart.o(i.USART_LINCmd), (24 bytes).
    Removing stm32f4xx_usart.o(i.USART_OneBitMethodCmd), (24 bytes).
    Removing stm32f4xx_usart.o(i.USART_OverSampling8Cmd), (22 bytes).
    Removing stm32f4xx_usart.o(i.USART_ReceiverWakeUpCmd), (24 bytes).
    Removing stm32f4xx_usart.o(i.USART_SendBreak), (10 bytes).
    Removing stm32f4xx_usart.o(i.USART_SendData), (8 bytes).
    Removing stm32f4xx_usart.o(i.USART_SetAddress), (18 bytes).
    Removing stm32f4xx_usart.o(i.USART_SetGuardTime), (16 bytes).
    Removing stm32f4xx_usart.o(i.USART_SetPrescaler), (16 bytes).
    Removing stm32f4xx_usart.o(i.USART_SmartCardCmd), (24 bytes).
    Removing stm32f4xx_usart.o(i.USART_SmartCardNACKCmd), (24 bytes).
    Removing stm32f4xx_usart.o(i.USART_StructInit), (24 bytes).
    Removing stm32f4xx_usart.o(i.USART_WakeUpConfig), (18 bytes).
    Removing stm32f4xx_wwdg.o(.rev16_text), (4 bytes).
    Removing stm32f4xx_wwdg.o(.revsh_text), (4 bytes).
    Removing stm32f4xx_wwdg.o(.rrx_text), (6 bytes).
    Removing stm32f4xx_wwdg.o(i.WWDG_ClearFlag), (12 bytes).
    Removing stm32f4xx_wwdg.o(i.WWDG_DeInit), (22 bytes).
    Removing stm32f4xx_wwdg.o(i.WWDG_Enable), (16 bytes).
    Removing stm32f4xx_wwdg.o(i.WWDG_EnableIT), (12 bytes).
    Removing stm32f4xx_wwdg.o(i.WWDG_GetFlagStatus), (20 bytes).
    Removing stm32f4xx_wwdg.o(i.WWDG_SetCounter), (16 bytes).
    Removing stm32f4xx_wwdg.o(i.WWDG_SetPrescaler), (24 bytes).
    Removing stm32f4xx_wwdg.o(i.WWDG_SetWindowValue), (40 bytes).
    Removing main.o(.rev16_text), (4 bytes).
    Removing main.o(.revsh_text), (4 bytes).
    Removing main.o(.rrx_text), (6 bytes).
    Removing main.o(.data), (20 bytes).
    Removing stm32f4xx_it.o(.rev16_text), (4 bytes).
    Removing stm32f4xx_it.o(.revsh_text), (4 bytes).
    Removing stm32f4xx_it.o(.rrx_text), (6 bytes).
    Removing system_stm32f4xx.o(.rev16_text), (4 bytes).
    Removing system_stm32f4xx.o(.revsh_text), (4 bytes).
    Removing system_stm32f4xx.o(.rrx_text), (6 bytes).
    Removing system_stm32f4xx.o(i.SystemCoreClockUpdate), (192 bytes).
    Removing init.o(.rev16_text), (4 bytes).
    Removing init.o(.revsh_text), (4 bytes).
    Removing init.o(.rrx_text), (6 bytes).
    Removing init.o(i.init_all), (72 bytes).
    Removing bmi_task.o(.rev16_text), (4 bytes).
    Removing bmi_task.o(.revsh_text), (4 bytes).
    Removing bmi_task.o(.rrx_text), (6 bytes).
    Removing bmi_task.o(i.CollectData_BMI), (2 bytes).
    Removing bmi_task.o(i.bmi_task), (124 bytes).
    Removing bmi_task.o(.constdata), (2 bytes).
    Removing pid_caculate_task.o(.rev16_text), (4 bytes).
    Removing pid_caculate_task.o(.revsh_text), (4 bytes).
    Removing pid_caculate_task.o(.rrx_text), (6 bytes).
    Removing pid_caculate_task.o(i.pid_caculate_init), (316 bytes).
    Removing pid_caculate_task.o(i.pid_caculate_task), (280 bytes).
    Removing pid_caculate_task.o(.bss), (16 bytes).
    Removing pid_caculate_task.o(.data), (28 bytes).
    Removing task_manager.o(.rev16_text), (4 bytes).
    Removing task_manager.o(.revsh_text), (4 bytes).
    Removing task_manager.o(.rrx_text), (6 bytes).
    Removing task_manager.o(i.AddInitFunction), (56 bytes).
    Removing task_manager.o(i.TaskInit), (48 bytes).
    Removing task_manager.o(i.start_task), (96 bytes).
    Removing task_manager.o(.bss), (240 bytes).
    Removing task_manager.o(.data), (8 bytes).
    Removing test_task.o(.rev16_text), (4 bytes).
    Removing test_task.o(.revsh_text), (4 bytes).
    Removing test_task.o(.rrx_text), (6 bytes).
    Removing test_task.o(i.test_task), (32 bytes).
    Removing test_task.o(i.test_task_Init), (48 bytes).
    Removing test_task.o(.bss), (12 bytes).
    Removing delay.o(.rev16_text), (4 bytes).
    Removing delay.o(.revsh_text), (4 bytes).
    Removing delay.o(.rrx_text), (6 bytes).
    Removing delay.o(i.delay_init), (68 bytes).
    Removing delay.o(i.delay_ms), (64 bytes).
    Removing delay.o(i.delay_us), (72 bytes).
    Removing delay.o(i.delay_xms), (24 bytes).
    Removing delay.o(.data), (4 bytes).
    Removing sys.o(.rev16_text), (4 bytes).
    Removing sys.o(.revsh_text), (4 bytes).
    Removing sys.o(.rrx_text), (6 bytes).
    Removing sys.o(.emb_text), (16 bytes).
    Removing frame.o(.rev16_text), (4 bytes).
    Removing frame.o(.revsh_text), (4 bytes).
    Removing frame.o(.rrx_text), (6 bytes).
    Removing frame.o(i.FrameTask), (84 bytes).
    Removing frame.o(i.InitAll), (42 bytes).
    Removing frame.o(.data), (4 bytes).
    Removing mecanum.o(.rev16_text), (4 bytes).
    Removing mecanum.o(.revsh_text), (4 bytes).
    Removing mecanum.o(.rrx_text), (6 bytes).
    Removing mecanum.o(i.CollectData_Mecanum), (2 bytes).
    Removing mecanum.o(i.InitDataCollection_Mecanum), (36 bytes).
    Removing mecanum.o(i.get_aimSpeed), (1752 bytes).
    Removing mecanum.o(.constdata), (48 bytes).
    Removing mecanum.o(.data), (52 bytes).
    Removing can.o(.rev16_text), (4 bytes).
    Removing can.o(.revsh_text), (4 bytes).
    Removing can.o(.rrx_text), (6 bytes).
    Removing can.o(i.CollectData_CAN), (80 bytes).
    Removing can.o(i.can1_init), (252 bytes).
    Removing can.o(i.power_init), (120 bytes).
    Removing can.o(i.set_2006_current), (72 bytes).
    Removing can.o(i.set_3508_current), (100 bytes).
    Removing can.o(i.set_moto_current), (100 bytes).
    Removing dbus.o(.rev16_text), (4 bytes).
    Removing dbus.o(.revsh_text), (4 bytes).
    Removing dbus.o(.rrx_text), (6 bytes).
    Removing dbus.o(i.CollectData_DBUS), (24 bytes).
    Removing dbus.o(i.InitDataCollection_DBUS), (2 bytes).
    Removing dbus.o(i.RC_Init), (356 bytes).
    Removing gimbal.o(.rev16_text), (4 bytes).
    Removing gimbal.o(.revsh_text), (4 bytes).
    Removing gimbal.o(.rrx_text), (6 bytes).
    Removing gimbal.o(i.SetAngles), (16 bytes).
    Removing gimbal.o(i.SetAngles_delta), (32 bytes).
    Removing gimbal.o(.data), (44 bytes).
    Removing led.o(.rev16_text), (4 bytes).
    Removing led.o(.revsh_text), (4 bytes).
    Removing led.o(.rrx_text), (6 bytes).
    Removing led.o(i.ledX_Clear), (32 bytes).
    Removing led.o(i.ledX_Off), (124 bytes).
    Removing led.o(i.ledX_On), (12 bytes).
    Removing led.o(i.ledX_cmd), (40 bytes).
    Removing led.o(i.ledX_init), (108 bytes).
    Removing led.o(i.ledX_light), (124 bytes).
    Removing pwm.o(.rev16_text), (4 bytes).
    Removing pwm.o(.revsh_text), (4 bytes).
    Removing pwm.o(.rrx_text), (6 bytes).
    Removing pwm.o(i.PWM4_init), (240 bytes).
    Removing usart.o(.rev16_text), (4 bytes).
    Removing usart.o(.revsh_text), (4 bytes).
    Removing usart.o(.rrx_text), (6 bytes).
    Removing usart.o(i.UART8_init), (152 bytes).
    Removing usart.o(i.USART6_init), (168 bytes).
    Removing usart.o(i.USART_sendFloat), (68 bytes).
    Removing usart.o(i.sendD), (32 bytes).
    Removing pid.o(.rev16_text), (4 bytes).
    Removing pid.o(.revsh_text), (4 bytes).
    Removing pid.o(.rrx_text), (6 bytes).
    Removing pid.o(i.pid_abs_limit), (46 bytes).
    Removing pid.o(i.pid_caculate_delta), (210 bytes).
    Removing pid.o(i.pid_caculate_position), (178 bytes).
    Removing pid.o(i.pid_caculate_position_2), (218 bytes).
    Removing pid.o(i.pid_init), (116 bytes).
    Removing pid.o(.bss), (1280 bytes).
    Removing filters.o(.rev16_text), (4 bytes).
    Removing filters.o(.revsh_text), (4 bytes).
    Removing filters.o(.rrx_text), (6 bytes).
    Removing filters.o(i.firstOrderFilter_caculate), (84 bytes).
    Removing filters.o(i.firstOrderFilter_init), (40 bytes).
    Removing filters.o(i.meanFilter_caculate), (160 bytes).
    Removing filters.o(i.meanFilter_init), (8 bytes).
    Removing bsp_crc8_1.o(i.crc_8), (40 bytes).
    Removing bsp_crc8_1.o(i.update_crc_8), (16 bytes).
    Removing bsp_crc8_1.o(.data), (256 bytes).
    Removing bsp_crc16_1.o(i.crc_16), (72 bytes).
    Removing bsp_crc16_1.o(i.crc_modbus), (72 bytes).
    Removing bsp_crc16_1.o(i.init_crc16_tab), (76 bytes).
    Removing bsp_crc16_1.o(i.update_crc_16), (44 bytes).
    Removing bsp_crc16_1.o(.bss), (512 bytes).
    Removing bsp_crc16_1.o(.data), (1 bytes).
    Removing bsp_protocol_1.o(i.CRC16_Check_Sum), (56 bytes).
    Removing bsp_protocol_1.o(i.CRC8_Check_Sum), (46 bytes).
    Removing bsp_protocol_1.o(i.Get_CRC16_Check), (16 bytes).
    Removing bsp_protocol_1.o(i.Get_CRC8_Check), (16 bytes).
    Removing bsp_protocol_1.o(i.float_protocol), (32 bytes).
    Removing bsp_protocol_1.o(i.get_protocol_info), (152 bytes).
    Removing bsp_protocol_1.o(i.get_protocol_send_data), (148 bytes).
    Removing bsp_protocol_1.o(i.protocol_heade_Check), (66 bytes).
    Removing bsp_protocol_1.o(.data), (10 bytes).
    Removing dadd.o(.text), (334 bytes).
    Removing dmul.o(.text), (228 bytes).
    Removing ddiv.o(.text), (222 bytes).
    Removing dflti.o(.text), (34 bytes).
    Removing dfixui.o(.text), (50 bytes).
    Removing f2d.o(.text), (38 bytes).
    Removing d2f.o(.text), (56 bytes).
    Removing fepilogue.o(.text), (110 bytes).
    Removing depilogue.o(.text), (186 bytes).
    Removing dneg.o(.text), (6 bytes).
    Removing dscalb.o(.text), (46 bytes).
    Removing dsqrt.o(.text), (162 bytes).
    Removing cdcmple.o(.text), (48 bytes).
    Removing cdrcmple.o(.text), (48 bytes).

1098 unused section(s) (total 59547 bytes) removed from the image.

==============================================================================

Image Symbol Table

    Local Symbols

    Symbol Name                              Value     Ov Type        Size  Object(Section)

    ../clib/microlib/errno.c                 0x00000000   Number         0  errno.o ABSOLUTE
    ../clib/microlib/init/entry.s            0x00000000   Number         0  entry2.o ABSOLUTE
    ../clib/microlib/init/entry.s            0x00000000   Number         0  entry9a.o ABSOLUTE
    ../clib/microlib/init/entry.s            0x00000000   Number         0  entry8b.o ABSOLUTE
    ../clib/microlib/init/entry.s            0x00000000   Number         0  entry8a.o ABSOLUTE
    ../clib/microlib/init/entry.s            0x00000000   Number         0  entry7b.o ABSOLUTE
    ../clib/microlib/init/entry.s            0x00000000   Number         0  entry5.o ABSOLUTE
    ../clib/microlib/init/entry.s            0x00000000   Number         0  entry7a.o ABSOLUTE
    ../clib/microlib/init/entry.s            0x00000000   Number         0  entry.o ABSOLUTE
    ../clib/microlib/init/entry.s            0x00000000   Number         0  entry9b.o ABSOLUTE
    ../clib/microlib/init/entry.s            0x00000000   Number         0  entry10a.o ABSOLUTE
    ../clib/microlib/init/entry.s            0x00000000   Number         0  entry10b.o ABSOLUTE
    ../clib/microlib/init/entry.s            0x00000000   Number         0  entry11a.o ABSOLUTE
    ../clib/microlib/init/entry.s            0x00000000   Number         0  entry11b.o ABSOLUTE
    ../clib/microlib/longlong.c              0x00000000   Number         0  llsshr.o ABSOLUTE
    ../clib/microlib/longlong.c              0x00000000   Number         0  llushr.o ABSOLUTE
    ../clib/microlib/longlong.c              0x00000000   Number         0  llshl.o ABSOLUTE
    ../clib/microlib/string/memcpy.c         0x00000000   Number         0  memcpya.o ABSOLUTE
    ../clib/microlib/string/memcpy.c         0x00000000   Number         0  memcpyb.o ABSOLUTE
    ../clib/microlib/string/memset.c         0x00000000   Number         0  memseta.o ABSOLUTE
    ../clib/microlib/string/memset.c         0x00000000   Number         0  memset.o ABSOLUTE
    ../clib/microlib/stubs.s                 0x00000000   Number         0  iusefp.o ABSOLUTE
    ../fplib/microlib/d2f.c                  0x00000000   Number         0  d2f.o ABSOLUTE
    ../fplib/microlib/f2d.c                  0x00000000   Number         0  f2d.o ABSOLUTE
    ../fplib/microlib/fpadd.c                0x00000000   Number         0  dadd.o ABSOLUTE
    ../fplib/microlib/fpdiv.c                0x00000000   Number         0  ddiv.o ABSOLUTE
    ../fplib/microlib/fpepilogue.c           0x00000000   Number         0  depilogue.o ABSOLUTE
    ../fplib/microlib/fpepilogue.c           0x00000000   Number         0  fepilogue.o ABSOLUTE
    ../fplib/microlib/fpfix.c                0x00000000   Number         0  dfixui.o ABSOLUTE
    ../fplib/microlib/fpflt.c                0x00000000   Number         0  dflti.o ABSOLUTE
    ../fplib/microlib/fpmul.c                0x00000000   Number         0  dmul.o ABSOLUTE
    ../fplib/microlib/fpneg.c                0x00000000   Number         0  dneg.o ABSOLUTE
    ../fplib/microlib/fpscalb.c              0x00000000   Number         0  dscalb.o ABSOLUTE
    ../fplib/microlib/fpsqrt.c               0x00000000   Number         0  dsqrt.o ABSOLUTE
    ../mathlib/cosf.c                        0x00000000   Number         0  cosf_x.o ABSOLUTE
    ../mathlib/cosf.c                        0x00000000   Number         0  cosf.o ABSOLUTE
    ../mathlib/dunder.c                      0x00000000   Number         0  dunder.o ABSOLUTE
    ../mathlib/fabs.c                        0x00000000   Number         0  fabs.o ABSOLUTE
    ../mathlib/fpclassify.c                  0x00000000   Number         0  fpclassify.o ABSOLUTE
    ../mathlib/fpclassifyf.c                 0x00000000   Number         0  fpclassifyf.o ABSOLUTE
    ../mathlib/funder.c                      0x00000000   Number         0  funder.o ABSOLUTE
    ../mathlib/poly.c                        0x00000000   Number         0  poly.o ABSOLUTE
    ../mathlib/pow.c                         0x00000000   Number         0  pow_x.o ABSOLUTE
    ../mathlib/pow.c                         0x00000000   Number         0  pow.o ABSOLUTE
    ../mathlib/qnan.c                        0x00000000   Number         0  qnan.o ABSOLUTE
    ../mathlib/rredf.c                       0x00000000   Number         0  rredf.o ABSOLUTE
    ../mathlib/sinf.c                        0x00000000   Number         0  sinf_x.o ABSOLUTE
    ../mathlib/sinf.c                        0x00000000   Number         0  sinf.o ABSOLUTE
    ../mathlib/sqrt.c                        0x00000000   Number         0  sqrt.o ABSOLUTE
    ../mathlib/sqrt.c                        0x00000000   Number         0  sqrt_x.o ABSOLUTE
    ..\\freertos\\portable\\RVDS\\ARM_CM4F\\port.c 0x00000000   Number         0  port.o ABSOLUTE
    ..\\fwlib\\src\\misc.c                   0x00000000   Number         0  misc.o ABSOLUTE
    ..\\fwlib\\src\\stm32f4xx_adc.c          0x00000000   Number         0  stm32f4xx_adc.o ABSOLUTE
    ..\\fwlib\\src\\stm32f4xx_can.c          0x00000000   Number         0  stm32f4xx_can.o ABSOLUTE
    ..\\fwlib\\src\\stm32f4xx_cec.c          0x00000000   Number         0  stm32f4xx_cec.o ABSOLUTE
    ..\\fwlib\\src\\stm32f4xx_crc.c          0x00000000   Number         0  stm32f4xx_crc.o ABSOLUTE
    ..\\fwlib\\src\\stm32f4xx_cryp.c         0x00000000   Number         0  stm32f4xx_cryp.o ABSOLUTE
    ..\\fwlib\\src\\stm32f4xx_cryp_aes.c     0x00000000   Number         0  stm32f4xx_cryp_aes.o ABSOLUTE
    ..\\fwlib\\src\\stm32f4xx_cryp_des.c     0x00000000   Number         0  stm32f4xx_cryp_des.o ABSOLUTE
    ..\\fwlib\\src\\stm32f4xx_cryp_tdes.c    0x00000000   Number         0  stm32f4xx_cryp_tdes.o ABSOLUTE
    ..\\fwlib\\src\\stm32f4xx_dac.c          0x00000000   Number         0  stm32f4xx_dac.o ABSOLUTE
    ..\\fwlib\\src\\stm32f4xx_dbgmcu.c       0x00000000   Number         0  stm32f4xx_dbgmcu.o ABSOLUTE
    ..\\fwlib\\src\\stm32f4xx_dcmi.c         0x00000000   Number         0  stm32f4xx_dcmi.o ABSOLUTE
    ..\\fwlib\\src\\stm32f4xx_dfsdm.c        0x00000000   Number         0  stm32f4xx_dfsdm.o ABSOLUTE
    ..\\fwlib\\src\\stm32f4xx_dma.c          0x00000000   Number         0  stm32f4xx_dma.o ABSOLUTE
    ..\\fwlib\\src\\stm32f4xx_dma2d.c        0x00000000   Number         0  stm32f4xx_dma2d.o ABSOLUTE
    ..\\fwlib\\src\\stm32f4xx_dsi.c          0x00000000   Number         0  stm32f4xx_dsi.o ABSOLUTE
    ..\\fwlib\\src\\stm32f4xx_exti.c         0x00000000   Number         0  stm32f4xx_exti.o ABSOLUTE
    ..\\fwlib\\src\\stm32f4xx_flash.c        0x00000000   Number         0  stm32f4xx_flash.o ABSOLUTE
    ..\\fwlib\\src\\stm32f4xx_flash_ramfunc.c 0x00000000   Number         0  stm32f4xx_flash_ramfunc.o ABSOLUTE
    ..\\fwlib\\src\\stm32f4xx_fmc.c          0x00000000   Number         0  stm32f4xx_fmc.o ABSOLUTE
    ..\\fwlib\\src\\stm32f4xx_fmpi2c.c       0x00000000   Number         0  stm32f4xx_fmpi2c.o ABSOLUTE
    ..\\fwlib\\src\\stm32f4xx_gpio.c         0x00000000   Number         0  stm32f4xx_gpio.o ABSOLUTE
    ..\\fwlib\\src\\stm32f4xx_hash.c         0x00000000   Number         0  stm32f4xx_hash.o ABSOLUTE
    ..\\fwlib\\src\\stm32f4xx_hash_md5.c     0x00000000   Number         0  stm32f4xx_hash_md5.o ABSOLUTE
    ..\\fwlib\\src\\stm32f4xx_hash_sha1.c    0x00000000   Number         0  stm32f4xx_hash_sha1.o ABSOLUTE
    ..\\fwlib\\src\\stm32f4xx_i2c.c          0x00000000   Number         0  stm32f4xx_i2c.o ABSOLUTE
    ..\\fwlib\\src\\stm32f4xx_iwdg.c         0x00000000   Number         0  stm32f4xx_iwdg.o ABSOLUTE
    ..\\fwlib\\src\\stm32f4xx_lptim.c        0x00000000   Number         0  stm32f4xx_lptim.o ABSOLUTE
    ..\\fwlib\\src\\stm32f4xx_ltdc.c         0x00000000   Number         0  stm32f4xx_ltdc.o ABSOLUTE
    ..\\fwlib\\src\\stm32f4xx_pwr.c          0x00000000   Number         0  stm32f4xx_pwr.o ABSOLUTE
    ..\\fwlib\\src\\stm32f4xx_qspi.c         0x00000000   Number         0  stm32f4xx_qspi.o ABSOLUTE
    ..\\fwlib\\src\\stm32f4xx_rcc.c          0x00000000   Number         0  stm32f4xx_rcc.o ABSOLUTE
    ..\\fwlib\\src\\stm32f4xx_rng.c          0x00000000   Number         0  stm32f4xx_rng.o ABSOLUTE
    ..\\fwlib\\src\\stm32f4xx_rtc.c          0x00000000   Number         0  stm32f4xx_rtc.o ABSOLUTE
    ..\\fwlib\\src\\stm32f4xx_sai.c          0x00000000   Number         0  stm32f4xx_sai.o ABSOLUTE
    ..\\fwlib\\src\\stm32f4xx_sdio.c         0x00000000   Number         0  stm32f4xx_sdio.o ABSOLUTE
    ..\\fwlib\\src\\stm32f4xx_spdifrx.c      0x00000000   Number         0  stm32f4xx_spdifrx.o ABSOLUTE
    ..\\fwlib\\src\\stm32f4xx_spi.c          0x00000000   Number         0  stm32f4xx_spi.o ABSOLUTE
    ..\\fwlib\\src\\stm32f4xx_syscfg.c       0x00000000   Number         0  stm32f4xx_syscfg.o ABSOLUTE
    ..\\fwlib\\src\\stm32f4xx_tim.c          0x00000000   Number         0  stm32f4xx_tim.o ABSOLUTE
    ..\\fwlib\\src\\stm32f4xx_usart.c        0x00000000   Number         0  stm32f4xx_usart.o ABSOLUTE
    ..\\fwlib\\src\\stm32f4xx_wwdg.c         0x00000000   Number         0  stm32f4xx_wwdg.o ABSOLUTE
    ..\\middlewares\\delay\\delay.c          0x00000000   Number         0  delay.o ABSOLUTE
    ..\\middlewares\\sys\\sys.c              0x00000000   Number         0  sys.o ABSOLUTE
    ..\\task\\src\\bmi_task.c                0x00000000   Number         0  bmi_task.o ABSOLUTE
    ..\\task\\src\\pid_caculate_task.c       0x00000000   Number         0  pid_caculate_task.o ABSOLUTE
    ..\\task\\src\\task_manager.c            0x00000000   Number         0  task_manager.o ABSOLUTE
    ..\\task\\src\\test_task.c               0x00000000   Number         0  test_task.o ABSOLUTE
    ..\\user\\algorithm\\src\\filters.c      0x00000000   Number         0  filters.o ABSOLUTE
    ..\\user\\algorithm\\src\\pid.c          0x00000000   Number         0  pid.o ABSOLUTE
    ..\\user\\groundwork\\src\\can.c         0x00000000   Number         0  can.o ABSOLUTE
    ..\\user\\groundwork\\src\\dbus.c        0x00000000   Number         0  dbus.o ABSOLUTE
    ..\\user\\groundwork\\src\\frame.c       0x00000000   Number         0  frame.o ABSOLUTE
    ..\\user\\groundwork\\src\\gimbal.c      0x00000000   Number         0  gimbal.o ABSOLUTE
    ..\\user\\groundwork\\src\\led.c         0x00000000   Number         0  led.o ABSOLUTE
    ..\\user\\groundwork\\src\\mecanum.c     0x00000000   Number         0  mecanum.o ABSOLUTE
    ..\\user\\groundwork\\src\\pwm.c         0x00000000   Number         0  pwm.o ABSOLUTE
    ..\\user\\groundwork\\src\\usart.c       0x00000000   Number         0  usart.o ABSOLUTE
    ..\\user\\main\\src\\init.c              0x00000000   Number         0  init.o ABSOLUTE
    ..\\user\\main\\src\\main.c              0x00000000   Number         0  main.o ABSOLUTE
    ..\\user\\main\\src\\stm32f4xx_it.c      0x00000000   Number         0  stm32f4xx_it.o ABSOLUTE
    ..\\user\\main\\src\\system_stm32f4xx.c  0x00000000   Number         0  system_stm32f4xx.o ABSOLUTE
    ..\core\startup_stm32f427_437xx.s        0x00000000   Number         0  startup_stm32f427_437xx.o ABSOLUTE
    ..\freertos\croutine.c                   0x00000000   Number         0  croutine.o ABSOLUTE
    ..\freertos\event_groups.c               0x00000000   Number         0  event_groups.o ABSOLUTE
    ..\freertos\list.c                       0x00000000   Number         0  list.o ABSOLUTE
    ..\freertos\portable\MemMang\heap_4.c    0x00000000   Number         0  heap_4.o ABSOLUTE
    ..\freertos\portable\RVDS\ARM_CM4F\port.c 0x00000000   Number         0  port.o ABSOLUTE
    ..\freertos\queue.c                      0x00000000   Number         0  queue.o ABSOLUTE
    ..\freertos\stream_buffer.c              0x00000000   Number         0  stream_buffer.o ABSOLUTE
    ..\freertos\tasks.c                      0x00000000   Number         0  tasks.o ABSOLUTE
    ..\freertos\timers.c                     0x00000000   Number         0  timers.o ABSOLUTE
    ..\fwlib\src\misc.c                      0x00000000   Number         0  misc.o ABSOLUTE
    ..\fwlib\src\stm32f4xx_adc.c             0x00000000   Number         0  stm32f4xx_adc.o ABSOLUTE
    ..\fwlib\src\stm32f4xx_can.c             0x00000000   Number         0  stm32f4xx_can.o ABSOLUTE
    ..\fwlib\src\stm32f4xx_cec.c             0x00000000   Number         0  stm32f4xx_cec.o ABSOLUTE
    ..\fwlib\src\stm32f4xx_crc.c             0x00000000   Number         0  stm32f4xx_crc.o ABSOLUTE
    ..\fwlib\src\stm32f4xx_cryp.c            0x00000000   Number         0  stm32f4xx_cryp.o ABSOLUTE
    ..\fwlib\src\stm32f4xx_cryp_aes.c        0x00000000   Number         0  stm32f4xx_cryp_aes.o ABSOLUTE
    ..\fwlib\src\stm32f4xx_cryp_des.c        0x00000000   Number         0  stm32f4xx_cryp_des.o ABSOLUTE
    ..\fwlib\src\stm32f4xx_cryp_tdes.c       0x00000000   Number         0  stm32f4xx_cryp_tdes.o ABSOLUTE
    ..\fwlib\src\stm32f4xx_dac.c             0x00000000   Number         0  stm32f4xx_dac.o ABSOLUTE
    ..\fwlib\src\stm32f4xx_dbgmcu.c          0x00000000   Number         0  stm32f4xx_dbgmcu.o ABSOLUTE
    ..\fwlib\src\stm32f4xx_dcmi.c            0x00000000   Number         0  stm32f4xx_dcmi.o ABSOLUTE
    ..\fwlib\src\stm32f4xx_dfsdm.c           0x00000000   Number         0  stm32f4xx_dfsdm.o ABSOLUTE
    ..\fwlib\src\stm32f4xx_dma.c             0x00000000   Number         0  stm32f4xx_dma.o ABSOLUTE
    ..\fwlib\src\stm32f4xx_dma2d.c           0x00000000   Number         0  stm32f4xx_dma2d.o ABSOLUTE
    ..\fwlib\src\stm32f4xx_dsi.c             0x00000000   Number         0  stm32f4xx_dsi.o ABSOLUTE
    ..\fwlib\src\stm32f4xx_exti.c            0x00000000   Number         0  stm32f4xx_exti.o ABSOLUTE
    ..\fwlib\src\stm32f4xx_flash.c           0x00000000   Number         0  stm32f4xx_flash.o ABSOLUTE
    ..\fwlib\src\stm32f4xx_flash_ramfunc.c   0x00000000   Number         0  stm32f4xx_flash_ramfunc.o ABSOLUTE
    ..\fwlib\src\stm32f4xx_fmc.c             0x00000000   Number         0  stm32f4xx_fmc.o ABSOLUTE
    ..\fwlib\src\stm32f4xx_fmpi2c.c          0x00000000   Number         0  stm32f4xx_fmpi2c.o ABSOLUTE
    ..\fwlib\src\stm32f4xx_gpio.c            0x00000000   Number         0  stm32f4xx_gpio.o ABSOLUTE
    ..\fwlib\src\stm32f4xx_hash.c            0x00000000   Number         0  stm32f4xx_hash.o ABSOLUTE
    ..\fwlib\src\stm32f4xx_hash_md5.c        0x00000000   Number         0  stm32f4xx_hash_md5.o ABSOLUTE
    ..\fwlib\src\stm32f4xx_hash_sha1.c       0x00000000   Number         0  stm32f4xx_hash_sha1.o ABSOLUTE
    ..\fwlib\src\stm32f4xx_i2c.c             0x00000000   Number         0  stm32f4xx_i2c.o ABSOLUTE
    ..\fwlib\src\stm32f4xx_iwdg.c            0x00000000   Number         0  stm32f4xx_iwdg.o ABSOLUTE
    ..\fwlib\src\stm32f4xx_lptim.c           0x00000000   Number         0  stm32f4xx_lptim.o ABSOLUTE
    ..\fwlib\src\stm32f4xx_ltdc.c            0x00000000   Number         0  stm32f4xx_ltdc.o ABSOLUTE
    ..\fwlib\src\stm32f4xx_pwr.c             0x00000000   Number         0  stm32f4xx_pwr.o ABSOLUTE
    ..\fwlib\src\stm32f4xx_qspi.c            0x00000000   Number         0  stm32f4xx_qspi.o ABSOLUTE
    ..\fwlib\src\stm32f4xx_rcc.c             0x00000000   Number         0  stm32f4xx_rcc.o ABSOLUTE
    ..\fwlib\src\stm32f4xx_rng.c             0x00000000   Number         0  stm32f4xx_rng.o ABSOLUTE
    ..\fwlib\src\stm32f4xx_rtc.c             0x00000000   Number         0  stm32f4xx_rtc.o ABSOLUTE
    ..\fwlib\src\stm32f4xx_sai.c             0x00000000   Number         0  stm32f4xx_sai.o ABSOLUTE
    ..\fwlib\src\stm32f4xx_sdio.c            0x00000000   Number         0  stm32f4xx_sdio.o ABSOLUTE
    ..\fwlib\src\stm32f4xx_spdifrx.c         0x00000000   Number         0  stm32f4xx_spdifrx.o ABSOLUTE
    ..\fwlib\src\stm32f4xx_spi.c             0x00000000   Number         0  stm32f4xx_spi.o ABSOLUTE
    ..\fwlib\src\stm32f4xx_syscfg.c          0x00000000   Number         0  stm32f4xx_syscfg.o ABSOLUTE
    ..\fwlib\src\stm32f4xx_tim.c             0x00000000   Number         0  stm32f4xx_tim.o ABSOLUTE
    ..\fwlib\src\stm32f4xx_usart.c           0x00000000   Number         0  stm32f4xx_usart.o ABSOLUTE
    ..\fwlib\src\stm32f4xx_wwdg.c            0x00000000   Number         0  stm32f4xx_wwdg.o ABSOLUTE
    ..\middlewares\delay\delay.c             0x00000000   Number         0  delay.o ABSOLUTE
    ..\middlewares\sys\sys.c                 0x00000000   Number         0  sys.o ABSOLUTE
    ..\task\src\bmi_task.c                   0x00000000   Number         0  bmi_task.o ABSOLUTE
    ..\task\src\pid_caculate_task.c          0x00000000   Number         0  pid_caculate_task.o ABSOLUTE
    ..\task\src\task_manager.c               0x00000000   Number         0  task_manager.o ABSOLUTE
    ..\task\src\test_task.c                  0x00000000   Number         0  test_task.o ABSOLUTE
    ..\user\algorithm\src\filters.c          0x00000000   Number         0  filters.o ABSOLUTE
    ..\user\algorithm\src\pid.c              0x00000000   Number         0  pid.o ABSOLUTE
    ..\user\groundwork\src\bsp_crc16.c       0x00000000   Number         0  bsp_crc16_1.o ABSOLUTE
    ..\user\groundwork\src\bsp_crc8.c        0x00000000   Number         0  bsp_crc8_1.o ABSOLUTE
    ..\user\groundwork\src\bsp_protocol.c    0x00000000   Number         0  bsp_protocol_1.o ABSOLUTE
    ..\user\groundwork\src\can.c             0x00000000   Number         0  can.o ABSOLUTE
    ..\user\groundwork\src\dbus.c            0x00000000   Number         0  dbus.o ABSOLUTE
    ..\user\groundwork\src\frame.c           0x00000000   Number         0  frame.o ABSOLUTE
    ..\user\groundwork\src\gimbal.c          0x00000000   Number         0  gimbal.o ABSOLUTE
    ..\user\groundwork\src\led.c             0x00000000   Number         0  led.o ABSOLUTE
    ..\user\groundwork\src\mecanum.c         0x00000000   Number         0  mecanum.o ABSOLUTE
    ..\user\groundwork\src\pwm.c             0x00000000   Number         0  pwm.o ABSOLUTE
    ..\user\groundwork\src\usart.c           0x00000000   Number         0  usart.o ABSOLUTE
    ..\user\main\src\init.c                  0x00000000   Number         0  init.o ABSOLUTE
    ..\user\main\src\main.c                  0x00000000   Number         0  main.o ABSOLUTE
    ..\user\main\src\stm32f4xx_it.c          0x00000000   Number         0  stm32f4xx_it.o ABSOLUTE
    ..\user\main\src\system_stm32f4xx.c      0x00000000   Number         0  system_stm32f4xx.o ABSOLUTE
    cdcmple.s                                0x00000000   Number         0  cdcmple.o ABSOLUTE
    cdrcmple.s                               0x00000000   Number         0  cdrcmple.o ABSOLUTE
    dc.s                                     0x00000000   Number         0  dc.o ABSOLUTE
    handlers.s                               0x00000000   Number         0  handlers.o ABSOLUTE
    init.s                                   0x00000000   Number         0  init.o ABSOLUTE
    RESET                                    0x08000000   Section      428  startup_stm32f427_437xx.o(RESET)
    .ARM.Collect$$$$00000000                 0x080001ac   Section        0  entry.o(.ARM.Collect$$$$00000000)
    .ARM.Collect$$$$00000001                 0x080001ac   Section        4  entry2.o(.ARM.Collect$$$$00000001)
    .ARM.Collect$$$$00000004                 0x080001b0   Section        4  entry5.o(.ARM.Collect$$$$00000004)
    .ARM.Collect$$$$00000008                 0x080001b4   Section        0  entry7b.o(.ARM.Collect$$$$00000008)
    .ARM.Collect$$$$0000000A                 0x080001b4   Section        0  entry8b.o(.ARM.Collect$$$$0000000A)
    .ARM.Collect$$$$0000000B                 0x080001b4   Section        8  entry9a.o(.ARM.Collect$$$$0000000B)
    .ARM.Collect$$$$0000000D                 0x080001bc   Section        0  entry10a.o(.ARM.Collect$$$$0000000D)
    .ARM.Collect$$$$0000000F                 0x080001bc   Section        0  entry11a.o(.ARM.Collect$$$$0000000F)
    .ARM.Collect$$$$00002712                 0x080001bc   Section        4  entry2.o(.ARM.Collect$$$$00002712)
    __lit__00000000                          0x080001bc   Data           4  entry2.o(.ARM.Collect$$$$00002712)
    .emb_text                                0x080001c0   Section      190  port.o(.emb_text)
    $v0                                      0x080001c0   Number         0  port.o(.emb_text)
    .text                                    0x08000280   Section       36  startup_stm32f427_437xx.o(.text)
    $v0                                      0x08000280   Number         0  startup_stm32f427_437xx.o(.text)
    .text                                    0x080002a4   Section        0  memcpya.o(.text)
    .text                                    0x080002c8   Section        0  memseta.o(.text)
    .text                                    0x080002ec   Section       36  init.o(.text)
    i.BusFault_Handler                       0x08000310   Section        0  stm32f4xx_it.o(i.BusFault_Handler)
    i.CAN1_RX0_IRQHandler                    0x08000314   Section        0  can.o(i.CAN1_RX0_IRQHandler)
    i.CAN_ClearFlag                          0x080003a8   Section        0  stm32f4xx_can.o(i.CAN_ClearFlag)
    i.CAN_ClearITPendingBit                  0x080003e0   Section        0  stm32f4xx_can.o(i.CAN_ClearITPendingBit)
    i.CAN_GetITStatus                        0x08000488   Section        0  stm32f4xx_can.o(i.CAN_GetITStatus)
    i.CAN_Receive                            0x080005a8   Section        0  stm32f4xx_can.o(i.CAN_Receive)
    i.CheckITStatus                          0x08000698   Section        0  stm32f4xx_can.o(i.CheckITStatus)
    CheckITStatus                            0x08000699   Thumb Code    18  stm32f4xx_can.o(i.CheckITStatus)
    i.DMA_Cmd                                0x080006aa   Section        0  stm32f4xx_dma.o(i.DMA_Cmd)
    i.DMA_GetCurrDataCounter                 0x080006c0   Section        0  stm32f4xx_dma.o(i.DMA_GetCurrDataCounter)
    i.DMA_GetCurrentMemoryTarget             0x080006c8   Section        0  stm32f4xx_dma.o(i.DMA_GetCurrentMemoryTarget)
    i.DebugMon_Handler                       0x080006dc   Section        0  stm32f4xx_it.o(i.DebugMon_Handler)
    i.HardFault_Handler                      0x080006de   Section        0  stm32f4xx_it.o(i.HardFault_Handler)
    i.MemManage_Handler                      0x080006e2   Section        0  stm32f4xx_it.o(i.MemManage_Handler)
    i.NMI_Handler                            0x080006e6   Section        0  stm32f4xx_it.o(i.NMI_Handler)
    i.PROTOCOL_RX_IRQ                        0x080006e8   Section        0  bsp_protocol_1.o(i.PROTOCOL_RX_IRQ)
    i.RemoteDataProcess                      0x08000700   Section        0  dbus.o(i.RemoteDataProcess)
    i.SetSysClock                            0x080007b0   Section        0  system_stm32f4xx.o(i.SetSysClock)
    SetSysClock                              0x080007b1   Thumb Code   272  system_stm32f4xx.o(i.SetSysClock)
    i.SysTick_Handler                        0x080008d0   Section        0  delay.o(i.SysTick_Handler)
    i.SystemInit                             0x080008e0   Section        0  system_stm32f4xx.o(i.SystemInit)
    i.USART1_IRQHandler                      0x08000948   Section        0  dbus.o(i.USART1_IRQHandler)
    i.USART6_IRQHandler                      0x08000a00   Section        0  bmi_task.o(i.USART6_IRQHandler)
    i.USART_ClearFlag                        0x08000a40   Section        0  stm32f4xx_usart.o(i.USART_ClearFlag)
    i.USART_ClearITPendingBit                0x08000a52   Section        0  stm32f4xx_usart.o(i.USART_ClearITPendingBit)
    i.USART_GetITStatus                      0x08000a70   Section        0  stm32f4xx_usart.o(i.USART_GetITStatus)
    i.USART_ReceiveData                      0x08000ac4   Section        0  stm32f4xx_usart.o(i.USART_ReceiveData)
    i.UsageFault_Handler                     0x08000ace   Section        0  stm32f4xx_it.o(i.UsageFault_Handler)
    i.__scatterload_copy                     0x08000ad2   Section       14  handlers.o(i.__scatterload_copy)
    i.__scatterload_null                     0x08000ae0   Section        2  handlers.o(i.__scatterload_null)
    i.__scatterload_zeroinit                 0x08000ae2   Section       14  handlers.o(i.__scatterload_zeroinit)
    i.main                                   0x08000af0   Section        0  main.o(i.main)
    i.moto_infomation_process                0x08000af8   Section        0  can.o(i.moto_infomation_process)
    i.protocol_rx_irq_usart6                 0x08000bf0   Section        0  bmi_task.o(i.protocol_rx_irq_usart6)
    i.prvAddCurrentTaskToDelayedList         0x08000c18   Section        0  tasks.o(i.prvAddCurrentTaskToDelayedList)
    prvAddCurrentTaskToDelayedList           0x08000c19   Thumb Code   124  tasks.o(i.prvAddCurrentTaskToDelayedList)
    i.prvAddNewTaskToReadyList               0x08000cb0   Section        0  tasks.o(i.prvAddNewTaskToReadyList)
    prvAddNewTaskToReadyList                 0x08000cb1   Thumb Code   156  tasks.o(i.prvAddNewTaskToReadyList)
    i.prvCheckForValidListAndQueue           0x08000d68   Section        0  timers.o(i.prvCheckForValidListAndQueue)
    prvCheckForValidListAndQueue             0x08000d69   Thumb Code    72  timers.o(i.prvCheckForValidListAndQueue)
    i.prvCheckTasksWaitingTermination        0x08000dcc   Section        0  tasks.o(i.prvCheckTasksWaitingTermination)
    prvCheckTasksWaitingTermination          0x08000dcd   Thumb Code    60  tasks.o(i.prvCheckTasksWaitingTermination)
    i.prvCopyDataFromQueue                   0x08000e14   Section        0  queue.o(i.prvCopyDataFromQueue)
    prvCopyDataFromQueue                     0x08000e15   Thumb Code    42  queue.o(i.prvCopyDataFromQueue)
    i.prvCopyDataToQueue                     0x08000e3e   Section        0  queue.o(i.prvCopyDataToQueue)
    prvCopyDataToQueue                       0x08000e3f   Thumb Code   126  queue.o(i.prvCopyDataToQueue)
    i.prvDeleteTCB                           0x08000ebc   Section        0  tasks.o(i.prvDeleteTCB)
    prvDeleteTCB                             0x08000ebd   Thumb Code    18  tasks.o(i.prvDeleteTCB)
    i.prvGetNextExpireTime                   0x08000ed0   Section        0  timers.o(i.prvGetNextExpireTime)
    prvGetNextExpireTime                     0x08000ed1   Thumb Code    36  timers.o(i.prvGetNextExpireTime)
    i.prvHeapInit                            0x08000ef8   Section        0  heap_4.o(i.prvHeapInit)
    prvHeapInit                              0x08000ef9   Thumb Code    98  heap_4.o(i.prvHeapInit)
    i.prvIdleTask                            0x08000f74   Section        0  tasks.o(i.prvIdleTask)
    prvIdleTask                              0x08000f75   Thumb Code    32  tasks.o(i.prvIdleTask)
    i.prvInitialiseNewQueue                  0x08000f9c   Section        0  queue.o(i.prvInitialiseNewQueue)
    prvInitialiseNewQueue                    0x08000f9d   Thumb Code    42  queue.o(i.prvInitialiseNewQueue)
    i.prvInitialiseNewTask                   0x08000fc6   Section        0  tasks.o(i.prvInitialiseNewTask)
    prvInitialiseNewTask                     0x08000fc7   Thumb Code   190  tasks.o(i.prvInitialiseNewTask)
    i.prvInitialiseTaskLists                 0x08001084   Section        0  tasks.o(i.prvInitialiseTaskLists)
    prvInitialiseTaskLists                   0x08001085   Thumb Code    70  tasks.o(i.prvInitialiseTaskLists)
    i.prvInsertBlockIntoFreeList             0x080010ec   Section        0  heap_4.o(i.prvInsertBlockIntoFreeList)
    prvInsertBlockIntoFreeList               0x080010ed   Thumb Code    96  heap_4.o(i.prvInsertBlockIntoFreeList)
    i.prvInsertTimerInActiveList             0x08001154   Section        0  timers.o(i.prvInsertTimerInActiveList)
    prvInsertTimerInActiveList               0x08001155   Thumb Code    80  timers.o(i.prvInsertTimerInActiveList)
    i.prvIsQueueEmpty                        0x080011ac   Section        0  queue.o(i.prvIsQueueEmpty)
    prvIsQueueEmpty                          0x080011ad   Thumb Code    26  queue.o(i.prvIsQueueEmpty)
    i.prvIsQueueFull                         0x080011c6   Section        0  queue.o(i.prvIsQueueFull)
    prvIsQueueFull                           0x080011c7   Thumb Code    30  queue.o(i.prvIsQueueFull)
    i.prvProcessExpiredTimer                 0x080011e4   Section        0  timers.o(i.prvProcessExpiredTimer)
    prvProcessExpiredTimer                   0x080011e5   Thumb Code   110  timers.o(i.prvProcessExpiredTimer)
    i.prvProcessReceivedCommands             0x08001258   Section        0  timers.o(i.prvProcessReceivedCommands)
    prvProcessReceivedCommands               0x08001259   Thumb Code   308  timers.o(i.prvProcessReceivedCommands)
    i.prvProcessTimerOrBlockTask             0x08001390   Section        0  timers.o(i.prvProcessTimerOrBlockTask)
    prvProcessTimerOrBlockTask               0x08001391   Thumb Code   102  timers.o(i.prvProcessTimerOrBlockTask)
    i.prvResetNextTaskUnblockTime            0x08001404   Section        0  tasks.o(i.prvResetNextTaskUnblockTime)
    prvResetNextTaskUnblockTime              0x08001405   Thumb Code    42  tasks.o(i.prvResetNextTaskUnblockTime)
    i.prvSampleTimeNow                       0x08001438   Section        0  timers.o(i.prvSampleTimeNow)
    prvSampleTimeNow                         0x08001439   Thumb Code    40  timers.o(i.prvSampleTimeNow)
    i.prvSwitchTimerLists                    0x08001464   Section        0  timers.o(i.prvSwitchTimerLists)
    prvSwitchTimerLists                      0x08001465   Thumb Code   154  timers.o(i.prvSwitchTimerLists)
    i.prvTaskExitError                       0x08001508   Section        0  port.o(i.prvTaskExitError)
    prvTaskExitError                         0x08001509   Thumb Code    60  port.o(i.prvTaskExitError)
    i.prvTimerTask                           0x08001548   Section        0  timers.o(i.prvTimerTask)
    prvTimerTask                             0x08001549   Thumb Code    26  timers.o(i.prvTimerTask)
    i.prvUnlockQueue                         0x08001562   Section        0  queue.o(i.prvUnlockQueue)
    prvUnlockQueue                           0x08001563   Thumb Code   126  queue.o(i.prvUnlockQueue)
    i.pvPortMalloc                           0x080015e0   Section        0  heap_4.o(i.pvPortMalloc)
    i.pxPortInitialiseStack                  0x0800171c   Section        0  port.o(i.pxPortInitialiseStack)
    i.uxListRemove                           0x08001748   Section        0  list.o(i.uxListRemove)
    i.vListInitialise                        0x08001770   Section        0  list.o(i.vListInitialise)
    i.vListInitialiseItem                    0x0800178a   Section        0  list.o(i.vListInitialiseItem)
    i.vListInsert                            0x08001790   Section        0  list.o(i.vListInsert)
    i.vListInsertEnd                         0x080017c4   Section        0  list.o(i.vListInsertEnd)
    i.vPortEnterCritical                     0x080017dc   Section        0  port.o(i.vPortEnterCritical)
    i.vPortExitCritical                      0x08001830   Section        0  port.o(i.vPortExitCritical)
    i.vPortFree                              0x0800186c   Section        0  heap_4.o(i.vPortFree)
    i.vPortSetupTimerInterrupt               0x08001900   Section        0  port.o(i.vPortSetupTimerInterrupt)
    i.vPortValidateInterruptPriority         0x08001928   Section        0  port.o(i.vPortValidateInterruptPriority)
    i.vQueueAddToRegistry                    0x080019a0   Section        0  queue.o(i.vQueueAddToRegistry)
    i.vQueueWaitForMessageRestricted         0x080019cc   Section        0  queue.o(i.vQueueWaitForMessageRestricted)
    i.vTaskInternalSetTimeOutState           0x08001a18   Section        0  tasks.o(i.vTaskInternalSetTimeOutState)
    i.vTaskMissedYield                       0x08001a30   Section        0  tasks.o(i.vTaskMissedYield)
    i.vTaskPlaceOnEventList                  0x08001a3c   Section        0  tasks.o(i.vTaskPlaceOnEventList)
    i.vTaskPlaceOnEventListRestricted        0x08001a74   Section        0  tasks.o(i.vTaskPlaceOnEventListRestricted)
    i.vTaskStartScheduler                    0x08001ab4   Section        0  tasks.o(i.vTaskStartScheduler)
    i.vTaskSuspendAll                        0x08001b48   Section        0  tasks.o(i.vTaskSuspendAll)
    i.vTaskSwitchContext                     0x08001b58   Section        0  tasks.o(i.vTaskSwitchContext)
    i.xPortStartScheduler                    0x08001be4   Section        0  port.o(i.xPortStartScheduler)
    i.xPortSysTickHandler                    0x08001d4c   Section        0  port.o(i.xPortSysTickHandler)
    i.xQueueGenericCreate                    0x08001d80   Section        0  queue.o(i.xQueueGenericCreate)
    i.xQueueGenericReset                     0x08001ddc   Section        0  queue.o(i.xQueueGenericReset)
    i.xQueueGenericSend                      0x08001e74   Section        0  queue.o(i.xQueueGenericSend)
    i.xQueueGenericSendFromISR               0x0800201c   Section        0  queue.o(i.xQueueGenericSendFromISR)
    i.xQueueReceive                          0x08002114   Section        0  queue.o(i.xQueueReceive)
    i.xTaskCheckForTimeOut                   0x0800227c   Section        0  tasks.o(i.xTaskCheckForTimeOut)
    i.xTaskCreate                            0x08002308   Section        0  tasks.o(i.xTaskCreate)
    i.xTaskGetSchedulerState                 0x08002368   Section        0  tasks.o(i.xTaskGetSchedulerState)
    i.xTaskGetTickCount                      0x08002388   Section        0  tasks.o(i.xTaskGetTickCount)
    i.xTaskIncrementTick                     0x08002394   Section        0  tasks.o(i.xTaskIncrementTick)
    i.xTaskPriorityDisinherit                0x080024dc   Section        0  tasks.o(i.xTaskPriorityDisinherit)
    i.xTaskRemoveFromEventList               0x080025a4   Section        0  tasks.o(i.xTaskRemoveFromEventList)
    i.xTaskResumeAll                         0x0800263c   Section        0  tasks.o(i.xTaskResumeAll)
    i.xTimerCreateTimerTask                  0x08002740   Section        0  timers.o(i.xTimerCreateTimerTask)
    i.xTimerGenericCommand                   0x08002798   Section        0  timers.o(i.xTimerGenericCommand)
    .data                                    0x20000000   Section       60  tasks.o(.data)
    pxDelayedTaskList                        0x20000004   Data           4  tasks.o(.data)
    pxOverflowDelayedTaskList                0x20000008   Data           4  tasks.o(.data)
    uxDeletedTasksWaitingCleanUp             0x2000000c   Data           4  tasks.o(.data)
    uxCurrentNumberOfTasks                   0x20000010   Data           4  tasks.o(.data)
    xTickCount                               0x20000014   Data           4  tasks.o(.data)
    uxTopReadyPriority                       0x20000018   Data           4  tasks.o(.data)
    xSchedulerRunning                        0x2000001c   Data           4  tasks.o(.data)
    uxPendedTicks                            0x20000020   Data           4  tasks.o(.data)
    xYieldPending                            0x20000024   Data           4  tasks.o(.data)
    xNumOfOverflows                          0x20000028   Data           4  tasks.o(.data)
    uxTaskNumber                             0x2000002c   Data           4  tasks.o(.data)
    xNextTaskUnblockTime                     0x20000030   Data           4  tasks.o(.data)
    xIdleTaskHandle                          0x20000034   Data           4  tasks.o(.data)
    uxSchedulerSuspended                     0x20000038   Data           4  tasks.o(.data)
    .data                                    0x2000003c   Section       20  timers.o(.data)
    pxCurrentTimerList                       0x2000003c   Data           4  timers.o(.data)
    pxOverflowTimerList                      0x20000040   Data           4  timers.o(.data)
    xTimerQueue                              0x20000044   Data           4  timers.o(.data)
    xTimerTaskHandle                         0x20000048   Data           4  timers.o(.data)
    xLastTime                                0x2000004c   Data           4  timers.o(.data)
    .data                                    0x20000050   Section       24  heap_4.o(.data)
    xStart                                   0x20000050   Data           8  heap_4.o(.data)
    pxEnd                                    0x20000058   Data           4  heap_4.o(.data)
    xFreeBytesRemaining                      0x2000005c   Data           4  heap_4.o(.data)
    xMinimumEverFreeBytesRemaining           0x20000060   Data           4  heap_4.o(.data)
    xBlockAllocatedBit                       0x20000064   Data           4  heap_4.o(.data)
    .data                                    0x20000068   Section       12  port.o(.data)
    uxCriticalNesting                        0x20000068   Data           4  port.o(.data)
    ucMaxSysCallPriority                     0x2000006c   Data           1  port.o(.data)
    ulMaxPRIGROUPValue                       0x20000070   Data           4  port.o(.data)
    .data                                    0x20000074   Section       20  system_stm32f4xx.o(.data)
    .data                                    0x20000088   Section       24  bmi_task.o(.data)
    xLastWakeTime_bmiTask                    0x2000009c   Data           4  bmi_task.o(.data)
    .data                                    0x200000a0   Section        4  dbus.o(.data)
    this_time_rx_len                         0x200000a0   Data           4  dbus.o(.data)
    .bss                                     0x200000a4   Section       64  queue.o(.bss)
    .bss                                     0x200000e4   Section      740  tasks.o(.bss)
    pxReadyTasksLists                        0x200000e4   Data         640  tasks.o(.bss)
    xDelayedTaskList1                        0x20000364   Data          20  tasks.o(.bss)
    xDelayedTaskList2                        0x20000378   Data          20  tasks.o(.bss)
    xPendingReadyList                        0x2000038c   Data          20  tasks.o(.bss)
    xTasksWaitingTermination                 0x200003a0   Data          20  tasks.o(.bss)
    xSuspendedTaskList                       0x200003b4   Data          20  tasks.o(.bss)
    .bss                                     0x200003c8   Section       40  timers.o(.bss)
    xActiveTimerList1                        0x200003c8   Data          20  timers.o(.bss)
    xActiveTimerList2                        0x200003dc   Data          20  timers.o(.bss)
    .bss                                     0x200003f0   Section    76800  heap_4.o(.bss)
    ucHeap                                   0x200003f0   Data       76800  heap_4.o(.bss)
    .bss                                     0x20012ff0   Section     1104  bmi_task.o(.bss)
    .bss                                     0x20013440   Section      508  frame.o(.bss)
    .bss                                     0x2001363c   Section      188  can.o(.bss)
    .bss                                     0x200136f8   Section       58  dbus.o(.bss)
    STACK                                    0x20013738   Section     1024  startup_stm32f427_437xx.o(STACK)

    Global Symbols

    Symbol Name                              Value     Ov Type        Size  Object(Section)

    BuildAttributes$$THM_ISAv4$E$P$D$K$B$S$7EM$VFPi3$EXTD16$VFPS$VFMA$PE$A:L22UL41UL21$X:L11$S22US41US21$IEEE1$IW$USESV6$~STKCKD$USESV7$~SHL$OTIME$ROPI$IEEEX$EBA8$MICROLIB$REQ8$PRES8$EABIv2 0x00000000   Number         0  anon$$obj.o ABSOLUTE
    __ARM_use_no_argv                        0x00000000   Number         0  main.o ABSOLUTE
    __cpp_initialize__aeabi_                  - Undefined Weak Reference
    __cxa_finalize                            - Undefined Weak Reference
    __decompress                              - Undefined Weak Reference
    _clock_init                               - Undefined Weak Reference
    _microlib_exit                            - Undefined Weak Reference
    __Vectors_Size                           0x000001ac   Number         0  startup_stm32f427_437xx.o ABSOLUTE
    __Vectors                                0x08000000   Data           4  startup_stm32f427_437xx.o(RESET)
    __Vectors_End                            0x080001ac   Data           0  startup_stm32f427_437xx.o(RESET)
    __main                                   0x080001ad   Thumb Code     0  entry.o(.ARM.Collect$$$$00000000)
    _main_stk                                0x080001ad   Thumb Code     0  entry2.o(.ARM.Collect$$$$00000001)
    _main_scatterload                        0x080001b1   Thumb Code     0  entry5.o(.ARM.Collect$$$$00000004)
    __main_after_scatterload                 0x080001b5   Thumb Code     0  entry5.o(.ARM.Collect$$$$00000004)
    _main_clock                              0x080001b5   Thumb Code     0  entry7b.o(.ARM.Collect$$$$00000008)
    _main_cpp_init                           0x080001b5   Thumb Code     0  entry8b.o(.ARM.Collect$$$$0000000A)
    _main_init                               0x080001b5   Thumb Code     0  entry9a.o(.ARM.Collect$$$$0000000B)
    __rt_final_cpp                           0x080001bd   Thumb Code     0  entry10a.o(.ARM.Collect$$$$0000000D)
    __rt_final_exit                          0x080001bd   Thumb Code     0  entry11a.o(.ARM.Collect$$$$0000000F)
    SVC_Handler                              0x080001c1   Thumb Code    28  port.o(.emb_text)
    __asm___6_port_c_39a90d8d__prvStartFirstTask 0x080001e1   Thumb Code    36  port.o(.emb_text)
    __asm___6_port_c_39a90d8d__prvEnableVFP  0x08000209   Thumb Code    16  port.o(.emb_text)
    PendSV_Handler                           0x0800021d   Thumb Code    88  port.o(.emb_text)
    vPortGetIPSR                             0x08000279   Thumb Code     6  port.o(.emb_text)
    Reset_Handler                            0x08000281   Thumb Code     8  startup_stm32f427_437xx.o(.text)
    ADC_IRQHandler                           0x0800029b   Thumb Code     0  startup_stm32f427_437xx.o(.text)
    CAN1_RX1_IRQHandler                      0x0800029b   Thumb Code     0  startup_stm32f427_437xx.o(.text)
    CAN1_SCE_IRQHandler                      0x0800029b   Thumb Code     0  startup_stm32f427_437xx.o(.text)
    CAN1_TX_IRQHandler                       0x0800029b   Thumb Code     0  startup_stm32f427_437xx.o(.text)
    CAN2_RX0_IRQHandler                      0x0800029b   Thumb Code     0  startup_stm32f427_437xx.o(.text)
    CAN2_RX1_IRQHandler                      0x0800029b   Thumb Code     0  startup_stm32f427_437xx.o(.text)
    CAN2_SCE_IRQHandler                      0x0800029b   Thumb Code     0  startup_stm32f427_437xx.o(.text)
    CAN2_TX_IRQHandler                       0x0800029b   Thumb Code     0  startup_stm32f427_437xx.o(.text)
    CRYP_IRQHandler                          0x0800029b   Thumb Code     0  startup_stm32f427_437xx.o(.text)
    DCMI_IRQHandler                          0x0800029b   Thumb Code     0  startup_stm32f427_437xx.o(.text)
    DMA1_Stream0_IRQHandler                  0x0800029b   Thumb Code     0  startup_stm32f427_437xx.o(.text)
    DMA1_Stream1_IRQHandler                  0x0800029b   Thumb Code     0  startup_stm32f427_437xx.o(.text)
    DMA1_Stream2_IRQHandler                  0x0800029b   Thumb Code     0  startup_stm32f427_437xx.o(.text)
    DMA1_Stream3_IRQHandler                  0x0800029b   Thumb Code     0  startup_stm32f427_437xx.o(.text)
    DMA1_Stream4_IRQHandler                  0x0800029b   Thumb Code     0  startup_stm32f427_437xx.o(.text)
    DMA1_Stream5_IRQHandler                  0x0800029b   Thumb Code     0  startup_stm32f427_437xx.o(.text)
    DMA1_Stream6_IRQHandler                  0x0800029b   Thumb Code     0  startup_stm32f427_437xx.o(.text)
    DMA1_Stream7_IRQHandler                  0x0800029b   Thumb Code     0  startup_stm32f427_437xx.o(.text)
    DMA2D_IRQHandler                         0x0800029b   Thumb Code     0  startup_stm32f427_437xx.o(.text)
    DMA2_Stream0_IRQHandler                  0x0800029b   Thumb Code     0  startup_stm32f427_437xx.o(.text)
    DMA2_Stream1_IRQHandler                  0x0800029b   Thumb Code     0  startup_stm32f427_437xx.o(.text)
    DMA2_Stream2_IRQHandler                  0x0800029b   Thumb Code     0  startup_stm32f427_437xx.o(.text)
    DMA2_Stream3_IRQHandler                  0x0800029b   Thumb Code     0  startup_stm32f427_437xx.o(.text)
    DMA2_Stream4_IRQHandler                  0x0800029b   Thumb Code     0  startup_stm32f427_437xx.o(.text)
    DMA2_Stream5_IRQHandler                  0x0800029b   Thumb Code     0  startup_stm32f427_437xx.o(.text)
    DMA2_Stream6_IRQHandler                  0x0800029b   Thumb Code     0  startup_stm32f427_437xx.o(.text)
    DMA2_Stream7_IRQHandler                  0x0800029b   Thumb Code     0  startup_stm32f427_437xx.o(.text)
    ETH_IRQHandler                           0x0800029b   Thumb Code     0  startup_stm32f427_437xx.o(.text)
    ETH_WKUP_IRQHandler                      0x0800029b   Thumb Code     0  startup_stm32f427_437xx.o(.text)
    EXTI0_IRQHandler                         0x0800029b   Thumb Code     0  startup_stm32f427_437xx.o(.text)
    EXTI15_10_IRQHandler                     0x0800029b   Thumb Code     0  startup_stm32f427_437xx.o(.text)
    EXTI1_IRQHandler                         0x0800029b   Thumb Code     0  startup_stm32f427_437xx.o(.text)
    EXTI2_IRQHandler                         0x0800029b   Thumb Code     0  startup_stm32f427_437xx.o(.text)
    EXTI3_IRQHandler                         0x0800029b   Thumb Code     0  startup_stm32f427_437xx.o(.text)
    EXTI4_IRQHandler                         0x0800029b   Thumb Code     0  startup_stm32f427_437xx.o(.text)
    EXTI9_5_IRQHandler                       0x0800029b   Thumb Code     0  startup_stm32f427_437xx.o(.text)
    FLASH_IRQHandler                         0x0800029b   Thumb Code     0  startup_stm32f427_437xx.o(.text)
    FMC_IRQHandler                           0x0800029b   Thumb Code     0  startup_stm32f427_437xx.o(.text)
    FPU_IRQHandler                           0x0800029b   Thumb Code     0  startup_stm32f427_437xx.o(.text)
    HASH_RNG_IRQHandler                      0x0800029b   Thumb Code     0  startup_stm32f427_437xx.o(.text)
    I2C1_ER_IRQHandler                       0x0800029b   Thumb Code     0  startup_stm32f427_437xx.o(.text)
    I2C1_EV_IRQHandler                       0x0800029b   Thumb Code     0  startup_stm32f427_437xx.o(.text)
    I2C2_ER_IRQHandler                       0x0800029b   Thumb Code     0  startup_stm32f427_437xx.o(.text)
    I2C2_EV_IRQHandler                       0x0800029b   Thumb Code     0  startup_stm32f427_437xx.o(.text)
    I2C3_ER_IRQHandler                       0x0800029b   Thumb Code     0  startup_stm32f427_437xx.o(.text)
    I2C3_EV_IRQHandler                       0x0800029b   Thumb Code     0  startup_stm32f427_437xx.o(.text)
    OTG_FS_IRQHandler                        0x0800029b   Thumb Code     0  startup_stm32f427_437xx.o(.text)
    OTG_FS_WKUP_IRQHandler                   0x0800029b   Thumb Code     0  startup_stm32f427_437xx.o(.text)
    OTG_HS_EP1_IN_IRQHandler                 0x0800029b   Thumb Code     0  startup_stm32f427_437xx.o(.text)
    OTG_HS_EP1_OUT_IRQHandler                0x0800029b   Thumb Code     0  startup_stm32f427_437xx.o(.text)
    OTG_HS_IRQHandler                        0x0800029b   Thumb Code     0  startup_stm32f427_437xx.o(.text)
    OTG_HS_WKUP_IRQHandler                   0x0800029b   Thumb Code     0  startup_stm32f427_437xx.o(.text)
    PVD_IRQHandler                           0x0800029b   Thumb Code     0  startup_stm32f427_437xx.o(.text)
    RCC_IRQHandler                           0x0800029b   Thumb Code     0  startup_stm32f427_437xx.o(.text)
    RTC_Alarm_IRQHandler                     0x0800029b   Thumb Code     0  startup_stm32f427_437xx.o(.text)
    RTC_WKUP_IRQHandler                      0x0800029b   Thumb Code     0  startup_stm32f427_437xx.o(.text)
    SAI1_IRQHandler                          0x0800029b   Thumb Code     0  startup_stm32f427_437xx.o(.text)
    SDIO_IRQHandler                          0x0800029b   Thumb Code     0  startup_stm32f427_437xx.o(.text)
    SPI1_IRQHandler                          0x0800029b   Thumb Code     0  startup_stm32f427_437xx.o(.text)
    SPI2_IRQHandler                          0x0800029b   Thumb Code     0  startup_stm32f427_437xx.o(.text)
    SPI3_IRQHandler                          0x0800029b   Thumb Code     0  startup_stm32f427_437xx.o(.text)
    SPI4_IRQHandler                          0x0800029b   Thumb Code     0  startup_stm32f427_437xx.o(.text)
    SPI5_IRQHandler                          0x0800029b   Thumb Code     0  startup_stm32f427_437xx.o(.text)
    SPI6_IRQHandler                          0x0800029b   Thumb Code     0  startup_stm32f427_437xx.o(.text)
    TAMP_STAMP_IRQHandler                    0x0800029b   Thumb Code     0  startup_stm32f427_437xx.o(.text)
    TIM1_BRK_TIM9_IRQHandler                 0x0800029b   Thumb Code     0  startup_stm32f427_437xx.o(.text)
    TIM1_CC_IRQHandler                       0x0800029b   Thumb Code     0  startup_stm32f427_437xx.o(.text)
    TIM1_TRG_COM_TIM11_IRQHandler            0x0800029b   Thumb Code     0  startup_stm32f427_437xx.o(.text)
    TIM1_UP_TIM10_IRQHandler                 0x0800029b   Thumb Code     0  startup_stm32f427_437xx.o(.text)
    TIM2_IRQHandler                          0x0800029b   Thumb Code     0  startup_stm32f427_437xx.o(.text)
    TIM3_IRQHandler                          0x0800029b   Thumb Code     0  startup_stm32f427_437xx.o(.text)
    TIM4_IRQHandler                          0x0800029b   Thumb Code     0  startup_stm32f427_437xx.o(.text)
    TIM5_IRQHandler                          0x0800029b   Thumb Code     0  startup_stm32f427_437xx.o(.text)
    TIM6_DAC_IRQHandler                      0x0800029b   Thumb Code     0  startup_stm32f427_437xx.o(.text)
    TIM7_IRQHandler                          0x0800029b   Thumb Code     0  startup_stm32f427_437xx.o(.text)
    TIM8_BRK_TIM12_IRQHandler                0x0800029b   Thumb Code     0  startup_stm32f427_437xx.o(.text)
    TIM8_CC_IRQHandler                       0x0800029b   Thumb Code     0  startup_stm32f427_437xx.o(.text)
    TIM8_TRG_COM_TIM14_IRQHandler            0x0800029b   Thumb Code     0  startup_stm32f427_437xx.o(.text)
    TIM8_UP_TIM13_IRQHandler                 0x0800029b   Thumb Code     0  startup_stm32f427_437xx.o(.text)
    UART4_IRQHandler                         0x0800029b   Thumb Code     0  startup_stm32f427_437xx.o(.text)
    UART5_IRQHandler                         0x0800029b   Thumb Code     0  startup_stm32f427_437xx.o(.text)
    UART7_IRQHandler                         0x0800029b   Thumb Code     0  startup_stm32f427_437xx.o(.text)
    UART8_IRQHandler                         0x0800029b   Thumb Code     0  startup_stm32f427_437xx.o(.text)
    USART2_IRQHandler                        0x0800029b   Thumb Code     0  startup_stm32f427_437xx.o(.text)
    USART3_IRQHandler                        0x0800029b   Thumb Code     0  startup_stm32f427_437xx.o(.text)
    WWDG_IRQHandler                          0x0800029b   Thumb Code     0  startup_stm32f427_437xx.o(.text)
    __aeabi_memcpy                           0x080002a5   Thumb Code    36  memcpya.o(.text)
    __aeabi_memcpy4                          0x080002a5   Thumb Code     0  memcpya.o(.text)
    __aeabi_memcpy8                          0x080002a5   Thumb Code     0  memcpya.o(.text)
    __aeabi_memset                           0x080002c9   Thumb Code    14  memseta.o(.text)
    __aeabi_memset4                          0x080002c9   Thumb Code     0  memseta.o(.text)
    __aeabi_memset8                          0x080002c9   Thumb Code     0  memseta.o(.text)
    __aeabi_memclr                           0x080002d7   Thumb Code     4  memseta.o(.text)
    __aeabi_memclr4                          0x080002d7   Thumb Code     0  memseta.o(.text)
    __aeabi_memclr8                          0x080002d7   Thumb Code     0  memseta.o(.text)
    memset                                   0x080002db   Thumb Code    18  memseta.o(.text)
    __scatterload                            0x080002ed   Thumb Code    28  init.o(.text)
    __scatterload_rt2                        0x080002ed   Thumb Code     0  init.o(.text)
    BusFault_Handler                         0x08000311   Thumb Code     4  stm32f4xx_it.o(i.BusFault_Handler)
    CAN1_RX0_IRQHandler                      0x08000315   Thumb Code   128  can.o(i.CAN1_RX0_IRQHandler)
    CAN_ClearFlag                            0x080003a9   Thumb Code    52  stm32f4xx_can.o(i.CAN_ClearFlag)
    CAN_ClearITPendingBit                    0x080003e1   Thumb Code   162  stm32f4xx_can.o(i.CAN_ClearITPendingBit)
    CAN_GetITStatus                          0x08000489   Thumb Code   284  stm32f4xx_can.o(i.CAN_GetITStatus)
    CAN_Receive                              0x080005a9   Thumb Code   240  stm32f4xx_can.o(i.CAN_Receive)
    DMA_Cmd                                  0x080006ab   Thumb Code    22  stm32f4xx_dma.o(i.DMA_Cmd)
    DMA_GetCurrDataCounter                   0x080006c1   Thumb Code     8  stm32f4xx_dma.o(i.DMA_GetCurrDataCounter)
    DMA_GetCurrentMemoryTarget               0x080006c9   Thumb Code    20  stm32f4xx_dma.o(i.DMA_GetCurrentMemoryTarget)
    DebugMon_Handler                         0x080006dd   Thumb Code     2  stm32f4xx_it.o(i.DebugMon_Handler)
    HardFault_Handler                        0x080006df   Thumb Code     4  stm32f4xx_it.o(i.HardFault_Handler)
    MemManage_Handler                        0x080006e3   Thumb Code     4  stm32f4xx_it.o(i.MemManage_Handler)
    NMI_Handler                              0x080006e7   Thumb Code     2  stm32f4xx_it.o(i.NMI_Handler)
    PROTOCOL_RX_IRQ                          0x080006e9   Thumb Code    22  bsp_protocol_1.o(i.PROTOCOL_RX_IRQ)
    RemoteDataProcess                        0x08000701   Thumb Code   168  dbus.o(i.RemoteDataProcess)
    SysTick_Handler                          0x080008d1   Thumb Code    16  delay.o(i.SysTick_Handler)
    SystemInit                               0x080008e1   Thumb Code    88  system_stm32f4xx.o(i.SystemInit)
    USART1_IRQHandler                        0x08000949   Thumb Code   166  dbus.o(i.USART1_IRQHandler)
    USART6_IRQHandler                        0x08000a01   Thumb Code    54  bmi_task.o(i.USART6_IRQHandler)
    USART_ClearFlag                          0x08000a41   Thumb Code    18  stm32f4xx_usart.o(i.USART_ClearFlag)
    USART_ClearITPendingBit                  0x08000a53   Thumb Code    30  stm32f4xx_usart.o(i.USART_ClearITPendingBit)
    USART_GetITStatus                        0x08000a71   Thumb Code    84  stm32f4xx_usart.o(i.USART_GetITStatus)
    USART_ReceiveData                        0x08000ac5   Thumb Code    10  stm32f4xx_usart.o(i.USART_ReceiveData)
    UsageFault_Handler                       0x08000acf   Thumb Code     4  stm32f4xx_it.o(i.UsageFault_Handler)
    __scatterload_copy                       0x08000ad3   Thumb Code    14  handlers.o(i.__scatterload_copy)
    __scatterload_null                       0x08000ae1   Thumb Code     2  handlers.o(i.__scatterload_null)
    __scatterload_zeroinit                   0x08000ae3   Thumb Code    14  handlers.o(i.__scatterload_zeroinit)
    main                                     0x08000af1   Thumb Code     8  main.o(i.main)
    moto_infomation_process                  0x08000af9   Thumb Code   232  can.o(i.moto_infomation_process)
    protocol_rx_irq_usart6                   0x08000bf1   Thumb Code    30  bmi_task.o(i.protocol_rx_irq_usart6)
    pvPortMalloc                             0x080015e1   Thumb Code   296  heap_4.o(i.pvPortMalloc)
    pxPortInitialiseStack                    0x0800171d   Thumb Code    38  port.o(i.pxPortInitialiseStack)
    uxListRemove                             0x08001749   Thumb Code    40  list.o(i.uxListRemove)
    vListInitialise                          0x08001771   Thumb Code    26  list.o(i.vListInitialise)
    vListInitialiseItem                      0x0800178b   Thumb Code     6  list.o(i.vListInitialiseItem)
    vListInsert                              0x08001791   Thumb Code    52  list.o(i.vListInsert)
    vListInsertEnd                           0x080017c5   Thumb Code    24  list.o(i.vListInsertEnd)
    vPortEnterCritical                       0x080017dd   Thumb Code    76  port.o(i.vPortEnterCritical)
    vPortExitCritical                        0x08001831   Thumb Code    56  port.o(i.vPortExitCritical)
    vPortFree                                0x0800186d   Thumb Code   140  heap_4.o(i.vPortFree)
    vPortSetupTimerInterrupt                 0x08001901   Thumb Code    36  port.o(i.vPortSetupTimerInterrupt)
    vPortValidateInterruptPriority           0x08001929   Thumb Code   106  port.o(i.vPortValidateInterruptPriority)
    vQueueAddToRegistry                      0x080019a1   Thumb Code    38  queue.o(i.vQueueAddToRegistry)
    vQueueWaitForMessageRestricted           0x080019cd   Thumb Code    74  queue.o(i.vQueueWaitForMessageRestricted)
    vTaskInternalSetTimeOutState             0x08001a19   Thumb Code    14  tasks.o(i.vTaskInternalSetTimeOutState)
    vTaskMissedYield                         0x08001a31   Thumb Code     8  tasks.o(i.vTaskMissedYield)
    vTaskPlaceOnEventList                    0x08001a3d   Thumb Code    52  tasks.o(i.vTaskPlaceOnEventList)
    vTaskPlaceOnEventListRestricted          0x08001a75   Thumb Code    60  tasks.o(i.vTaskPlaceOnEventListRestricted)
    vTaskStartScheduler                      0x08001ab5   Thumb Code   118  tasks.o(i.vTaskStartScheduler)
    vTaskSuspendAll                          0x08001b49   Thumb Code    12  tasks.o(i.vTaskSuspendAll)
    vTaskSwitchContext                       0x08001b59   Thumb Code   118  tasks.o(i.vTaskSwitchContext)
    xPortStartScheduler                      0x08001be5   Thumb Code   330  port.o(i.xPortStartScheduler)
    xPortSysTickHandler                      0x08001d4d   Thumb Code    46  port.o(i.xPortSysTickHandler)
    xQueueGenericCreate                      0x08001d81   Thumb Code    90  queue.o(i.xQueueGenericCreate)
    xQueueGenericReset                       0x08001ddd   Thumb Code   146  queue.o(i.xQueueGenericReset)
    xQueueGenericSend                        0x08001e75   Thumb Code   420  queue.o(i.xQueueGenericSend)
    xQueueGenericSendFromISR                 0x0800201d   Thumb Code   248  queue.o(i.xQueueGenericSendFromISR)
    xQueueReceive                            0x08002115   Thumb Code   356  queue.o(i.xQueueReceive)
    xTaskCheckForTimeOut                     0x0800227d   Thumb Code   132  tasks.o(i.xTaskCheckForTimeOut)
    xTaskCreate                              0x08002309   Thumb Code    96  tasks.o(i.xTaskCreate)
    xTaskGetSchedulerState                   0x08002369   Thumb Code    24  tasks.o(i.xTaskGetSchedulerState)
    xTaskGetTickCount                        0x08002389   Thumb Code     6  tasks.o(i.xTaskGetTickCount)
    xTaskIncrementTick                       0x08002395   Thumb Code   282  tasks.o(i.xTaskIncrementTick)
    xTaskPriorityDisinherit                  0x080024dd   Thumb Code   188  tasks.o(i.xTaskPriorityDisinherit)
    xTaskRemoveFromEventList                 0x080025a5   Thumb Code   128  tasks.o(i.xTaskRemoveFromEventList)
    xTaskResumeAll                           0x0800263d   Thumb Code   224  tasks.o(i.xTaskResumeAll)
    xTimerCreateTimerTask                    0x08002741   Thumb Code    66  timers.o(i.xTimerCreateTimerTask)
    xTimerGenericCommand                     0x08002799   Thumb Code   126  timers.o(i.xTimerGenericCommand)
    Region$$Table$$Base                      0x0800281c   Number         0  anon$$obj.o(Region$$Table)
    Region$$Table$$Limit                     0x0800283c   Number         0  anon$$obj.o(Region$$Table)
    pxCurrentTCB                             0x20000000   Data           4  tasks.o(.data)
    SystemCoreClock                          0x20000074   Data           4  system_stm32f4xx.o(.data)
    AHBPrescTable                            0x20000078   Data          16  system_stm32f4xx.o(.data)
    Res                                      0x20000088   Data           1  bmi_task.o(.data)
    usart6_rx_pos                            0x2000008a   Data           2  bmi_task.o(.data)
    rx_it_3                                  0x2000008c   Data           2  bmi_task.o(.data)
    flag_imu                                 0x2000008e   Data           2  bmi_task.o(.data)
    coefficients                             0x20000090   Data          12  bmi_task.o(.data)
    xQueueRegistry                           0x200000a4   Data          64  queue.o(.bss)
    usart6_rx_buf                            0x20012ff0   Data         100  bmi_task.o(.bss)
    imu_rx_data                              0x20013054   Data          80  bmi_task.o(.bss)
    s                                        0x200130a4   Data          40  bmi_task.o(.bss)
    pid                                      0x200130cc   Data          64  bmi_task.o(.bss)
    filter                                   0x2001310c   Data         808  bmi_task.o(.bss)
    dataThisFrame                            0x20013434   Data          12  bmi_task.o(.bss)
    DataCollection                           0x20013440   Data         248  frame.o(.bss)
    DataCollection_lastFrame                 0x20013538   Data         248  frame.o(.bss)
    CollectData                              0x20013630   Data          12  frame.o(.bss)
    moto_chassis_info                        0x2001363c   Data         112  can.o(.bss)
    moto_m6020_info                          0x200136ac   Data          56  can.o(.bss)
    RxMessage                                0x200136e4   Data          20  can.o(.bss)
    USART1_RX_BUF                            0x200136f8   Data          38  dbus.o(.bss)
    RC_CtrlData                              0x2001371e   Data          20  dbus.o(.bss)
    __initial_sp                             0x20013b38   Data           0  startup_stm32f427_437xx.o(STACK)



==============================================================================

Memory Map of the image

  Image Entry point : 0x080001ad

  Load Region LR_IROM1 (Base: 0x08000000, Size: 0x000028e0, Max: 0x00200000, ABSOLUTE)

    Execution Region ER_IROM1 (Exec base: 0x08000000, Load base: 0x08000000, Size: 0x0000283c, Max: 0x00200000, ABSOLUTE)

    Exec Addr    Load Addr    Size         Type   Attr      Idx    E Section Name        Object

    0x08000000   0x08000000   0x000001ac   Data   RO            3    RESET               startup_stm32f427_437xx.o
    0x080001ac   0x080001ac   0x00000000   Code   RO         7499  * .ARM.Collect$$$$00000000  mc_w.l(entry.o)
    0x080001ac   0x080001ac   0x00000004   Code   RO         7568    .ARM.Collect$$$$00000001  mc_w.l(entry2.o)
    0x080001b0   0x080001b0   0x00000004   Code   RO         7571    .ARM.Collect$$$$00000004  mc_w.l(entry5.o)
    0x080001b4   0x080001b4   0x00000000   Code   RO         7573    .ARM.Collect$$$$00000008  mc_w.l(entry7b.o)
    0x080001b4   0x080001b4   0x00000000   Code   RO         7575    .ARM.Collect$$$$0000000A  mc_w.l(entry8b.o)
    0x080001b4   0x080001b4   0x00000008   Code   RO         7576    .ARM.Collect$$$$0000000B  mc_w.l(entry9a.o)
    0x080001bc   0x080001bc   0x00000000   Code   RO         7578    .ARM.Collect$$$$0000000D  mc_w.l(entry10a.o)
    0x080001bc   0x080001bc   0x00000000   Code   RO         7580    .ARM.Collect$$$$0000000F  mc_w.l(entry11a.o)
    0x080001bc   0x080001bc   0x00000004   Code   RO         7569    .ARM.Collect$$$$00002712  mc_w.l(entry2.o)
    0x080001c0   0x080001c0   0x000000be   Code   RO         1136    .emb_text           port.o
    0x0800027e   0x0800027e   0x00000002   PAD
    0x08000280   0x08000280   0x00000024   Code   RO            4    .text               startup_stm32f427_437xx.o
    0x080002a4   0x080002a4   0x00000024   Code   RO         7502    .text               mc_w.l(memcpya.o)
    0x080002c8   0x080002c8   0x00000024   Code   RO         7506    .text               mc_w.l(memseta.o)
    0x080002ec   0x080002ec   0x00000024   Code   RO         7610    .text               mc_w.l(init.o)
    0x08000310   0x08000310   0x00000004   Code   RO         6452    i.BusFault_Handler  stm32f4xx_it.o
    0x08000314   0x08000314   0x00000094   Code   RO         6938    i.CAN1_RX0_IRQHandler  can.o
    0x080003a8   0x080003a8   0x00000038   Code   RO         1618    i.CAN_ClearFlag     stm32f4xx_can.o
    0x080003e0   0x080003e0   0x000000a8   Code   RO         1619    i.CAN_ClearITPendingBit  stm32f4xx_can.o
    0x08000488   0x08000488   0x00000120   Code   RO         1625    i.CAN_GetITStatus   stm32f4xx_can.o
    0x080005a8   0x080005a8   0x000000f0   Code   RO         1633    i.CAN_Receive       stm32f4xx_can.o
    0x08000698   0x08000698   0x00000012   Code   RO         1641    i.CheckITStatus     stm32f4xx_can.o
    0x080006aa   0x080006aa   0x00000016   Code   RO         2398    i.DMA_Cmd           stm32f4xx_dma.o
    0x080006c0   0x080006c0   0x00000008   Code   RO         2404    i.DMA_GetCurrDataCounter  stm32f4xx_dma.o
    0x080006c8   0x080006c8   0x00000014   Code   RO         2405    i.DMA_GetCurrentMemoryTarget  stm32f4xx_dma.o
    0x080006dc   0x080006dc   0x00000002   Code   RO         6453    i.DebugMon_Handler  stm32f4xx_it.o
    0x080006de   0x080006de   0x00000004   Code   RO         6454    i.HardFault_Handler  stm32f4xx_it.o
    0x080006e2   0x080006e2   0x00000004   Code   RO         6455    i.MemManage_Handler  stm32f4xx_it.o
    0x080006e6   0x080006e6   0x00000002   Code   RO         6456    i.NMI_Handler       stm32f4xx_it.o
    0x080006e8   0x080006e8   0x00000016   Code   RO         7389    i.PROTOCOL_RX_IRQ   bsp_protocol_1.o
    0x080006fe   0x080006fe   0x00000002   PAD
    0x08000700   0x08000700   0x000000b0   Code   RO         7018    i.RemoteDataProcess  dbus.o
    0x080007b0   0x080007b0   0x00000120   Code   RO         6509    i.SetSysClock       system_stm32f4xx.o
    0x080008d0   0x080008d0   0x00000010   Code   RO         6777    i.SysTick_Handler   delay.o
    0x080008e0   0x080008e0   0x00000068   Code   RO         6511    i.SystemInit        system_stm32f4xx.o
    0x08000948   0x08000948   0x000000b8   Code   RO         7019    i.USART1_IRQHandler  dbus.o
    0x08000a00   0x08000a00   0x00000040   Code   RO         6609    i.USART6_IRQHandler  bmi_task.o
    0x08000a40   0x08000a40   0x00000012   Code   RO         6130    i.USART_ClearFlag   stm32f4xx_usart.o
    0x08000a52   0x08000a52   0x0000001e   Code   RO         6131    i.USART_ClearITPendingBit  stm32f4xx_usart.o
    0x08000a70   0x08000a70   0x00000054   Code   RO         6138    i.USART_GetITStatus  stm32f4xx_usart.o
    0x08000ac4   0x08000ac4   0x0000000a   Code   RO         6148    i.USART_ReceiveData  stm32f4xx_usart.o
    0x08000ace   0x08000ace   0x00000004   Code   RO         6457    i.UsageFault_Handler  stm32f4xx_it.o
    0x08000ad2   0x08000ad2   0x0000000e   Code   RO         7614    i.__scatterload_copy  mc_w.l(handlers.o)
    0x08000ae0   0x08000ae0   0x00000002   Code   RO         7615    i.__scatterload_null  mc_w.l(handlers.o)
    0x08000ae2   0x08000ae2   0x0000000e   Code   RO         7616    i.__scatterload_zeroinit  mc_w.l(handlers.o)
    0x08000af0   0x08000af0   0x00000008   Code   RO         6388    i.main              main.o
    0x08000af8   0x08000af8   0x000000f8   Code   RO         6941    i.moto_infomation_process  can.o
    0x08000bf0   0x08000bf0   0x00000028   Code   RO         6611    i.protocol_rx_irq_usart6  bmi_task.o
    0x08000c18   0x08000c18   0x00000098   Code   RO          575    i.prvAddCurrentTaskToDelayedList  tasks.o
    0x08000cb0   0x08000cb0   0x000000b8   Code   RO          576    i.prvAddNewTaskToReadyList  tasks.o
    0x08000d68   0x08000d68   0x00000064   Code   RO          933    i.prvCheckForValidListAndQueue  timers.o
    0x08000dcc   0x08000dcc   0x00000048   Code   RO          577    i.prvCheckTasksWaitingTermination  tasks.o
    0x08000e14   0x08000e14   0x0000002a   Code   RO          198    i.prvCopyDataFromQueue  queue.o
    0x08000e3e   0x08000e3e   0x0000007e   Code   RO          199    i.prvCopyDataToQueue  queue.o
    0x08000ebc   0x08000ebc   0x00000012   Code   RO          578    i.prvDeleteTCB      tasks.o
    0x08000ece   0x08000ece   0x00000002   PAD
    0x08000ed0   0x08000ed0   0x00000028   Code   RO          934    i.prvGetNextExpireTime  timers.o
    0x08000ef8   0x08000ef8   0x0000007c   Code   RO         1087    i.prvHeapInit       heap_4.o
    0x08000f74   0x08000f74   0x00000028   Code   RO          579    i.prvIdleTask       tasks.o
    0x08000f9c   0x08000f9c   0x0000002a   Code   RO          202    i.prvInitialiseNewQueue  queue.o
    0x08000fc6   0x08000fc6   0x000000be   Code   RO          580    i.prvInitialiseNewTask  tasks.o
    0x08001084   0x08001084   0x00000068   Code   RO          581    i.prvInitialiseTaskLists  tasks.o
    0x080010ec   0x080010ec   0x00000068   Code   RO         1088    i.prvInsertBlockIntoFreeList  heap_4.o
    0x08001154   0x08001154   0x00000058   Code   RO          936    i.prvInsertTimerInActiveList  timers.o
    0x080011ac   0x080011ac   0x0000001a   Code   RO          203    i.prvIsQueueEmpty   queue.o
    0x080011c6   0x080011c6   0x0000001e   Code   RO          204    i.prvIsQueueFull    queue.o
    0x080011e4   0x080011e4   0x00000074   Code   RO          937    i.prvProcessExpiredTimer  timers.o
    0x08001258   0x08001258   0x00000138   Code   RO          938    i.prvProcessReceivedCommands  timers.o
    0x08001390   0x08001390   0x00000074   Code   RO          939    i.prvProcessTimerOrBlockTask  timers.o
    0x08001404   0x08001404   0x00000034   Code   RO          583    i.prvResetNextTaskUnblockTime  tasks.o
    0x08001438   0x08001438   0x0000002c   Code   RO          940    i.prvSampleTimeNow  timers.o
    0x08001464   0x08001464   0x000000a4   Code   RO          941    i.prvSwitchTimerLists  timers.o
    0x08001508   0x08001508   0x00000040   Code   RO         1137    i.prvTaskExitError  port.o
    0x08001548   0x08001548   0x0000001a   Code   RO          942    i.prvTimerTask      timers.o
    0x08001562   0x08001562   0x0000007e   Code   RO          205    i.prvUnlockQueue    queue.o
    0x080015e0   0x080015e0   0x0000013c   Code   RO         1089    i.pvPortMalloc      heap_4.o
    0x0800171c   0x0800171c   0x0000002c   Code   RO         1138    i.pxPortInitialiseStack  port.o
    0x08001748   0x08001748   0x00000028   Code   RO          158    i.uxListRemove      list.o
    0x08001770   0x08001770   0x0000001a   Code   RO          159    i.vListInitialise   list.o
    0x0800178a   0x0800178a   0x00000006   Code   RO          160    i.vListInitialiseItem  list.o
    0x08001790   0x08001790   0x00000034   Code   RO          161    i.vListInsert       list.o
    0x080017c4   0x080017c4   0x00000018   Code   RO          162    i.vListInsertEnd    list.o
    0x080017dc   0x080017dc   0x00000054   Code   RO         1140    i.vPortEnterCritical  port.o
    0x08001830   0x08001830   0x0000003c   Code   RO         1141    i.vPortExitCritical  port.o
    0x0800186c   0x0800186c   0x00000094   Code   RO         1090    i.vPortFree         heap_4.o
    0x08001900   0x08001900   0x00000028   Code   RO         1142    i.vPortSetupTimerInterrupt  port.o
    0x08001928   0x08001928   0x00000078   Code   RO         1143    i.vPortValidateInterruptPriority  port.o
    0x080019a0   0x080019a0   0x0000002c   Code   RO          211    i.vQueueAddToRegistry  queue.o
    0x080019cc   0x080019cc   0x0000004a   Code   RO          215    i.vQueueWaitForMessageRestricted  queue.o
    0x08001a16   0x08001a16   0x00000002   PAD
    0x08001a18   0x08001a18   0x00000018   Code   RO          600    i.vTaskInternalSetTimeOutState  tasks.o
    0x08001a30   0x08001a30   0x0000000c   Code   RO          601    i.vTaskMissedYield  tasks.o
    0x08001a3c   0x08001a3c   0x00000038   Code   RO          603    i.vTaskPlaceOnEventList  tasks.o
    0x08001a74   0x08001a74   0x00000040   Code   RO          604    i.vTaskPlaceOnEventListRestricted  tasks.o
    0x08001ab4   0x08001ab4   0x00000094   Code   RO          612    i.vTaskStartScheduler  tasks.o
    0x08001b48   0x08001b48   0x00000010   Code   RO          614    i.vTaskSuspendAll   tasks.o
    0x08001b58   0x08001b58   0x0000008c   Code   RO          615    i.vTaskSwitchContext  tasks.o
    0x08001be4   0x08001be4   0x00000168   Code   RO         1144    i.xPortStartScheduler  port.o
    0x08001d4c   0x08001d4c   0x00000034   Code   RO         1145    i.xPortSysTickHandler  port.o
    0x08001d80   0x08001d80   0x0000005a   Code   RO          218    i.xQueueGenericCreate  queue.o
    0x08001dda   0x08001dda   0x00000002   PAD
    0x08001ddc   0x08001ddc   0x00000098   Code   RO          219    i.xQueueGenericReset  queue.o
    0x08001e74   0x08001e74   0x000001a8   Code   RO          220    i.xQueueGenericSend  queue.o
    0x0800201c   0x0800201c   0x000000f8   Code   RO          221    i.xQueueGenericSendFromISR  queue.o
    0x08002114   0x08002114   0x00000168   Code   RO          228    i.xQueueReceive     queue.o
    0x0800227c   0x0800227c   0x0000008c   Code   RO          616    i.xTaskCheckForTimeOut  tasks.o
    0x08002308   0x08002308   0x00000060   Code   RO          617    i.xTaskCreate       tasks.o
    0x08002368   0x08002368   0x00000020   Code   RO          621    i.xTaskGetSchedulerState  tasks.o
    0x08002388   0x08002388   0x0000000c   Code   RO          622    i.xTaskGetTickCount  tasks.o
    0x08002394   0x08002394   0x00000148   Code   RO          624    i.xTaskIncrementTick  tasks.o
    0x080024dc   0x080024dc   0x000000c8   Code   RO          627    i.xTaskPriorityDisinherit  tasks.o
    0x080025a4   0x080025a4   0x00000098   Code   RO          629    i.xTaskRemoveFromEventList  tasks.o
    0x0800263c   0x0800263c   0x00000104   Code   RO          630    i.xTaskResumeAll    tasks.o
    0x08002740   0x08002740   0x00000058   Code   RO          949    i.xTimerCreateTimerTask  timers.o
    0x08002798   0x08002798   0x00000084   Code   RO          950    i.xTimerGenericCommand  timers.o
    0x0800281c   0x0800281c   0x00000020   Data   RO         7612    Region$$Table       anon$$obj.o


    Execution Region RW_IRAM1 (Exec base: 0x20000000, Load base: 0x0800283c, Size: 0x00013b38, Max: 0x00030000, ABSOLUTE)

    Exec Addr    Load Addr    Size         Type   Attr      Idx    E Section Name        Object

    0x20000000   0x0800283c   0x0000003c   Data   RW          633    .data               tasks.o
    0x2000003c   0x08002878   0x00000014   Data   RW          956    .data               timers.o
    0x20000050   0x0800288c   0x00000018   Data   RW         1095    .data               heap_4.o
    0x20000068   0x080028a4   0x0000000c   Data   RW         1146    .data               port.o
    0x20000074   0x080028b0   0x00000014   Data   RW         6512    .data               system_stm32f4xx.o
    0x20000088   0x080028c4   0x00000018   Data   RW         6614    .data               bmi_task.o
    0x200000a0   0x080028dc   0x00000004   Data   RW         7021    .data               dbus.o
    0x200000a4        -       0x00000040   Zero   RW          232    .bss                queue.o
    0x200000e4        -       0x000002e4   Zero   RW          632    .bss                tasks.o
    0x200003c8        -       0x00000028   Zero   RW          955    .bss                timers.o
    0x200003f0        -       0x00012c00   Zero   RW         1094    .bss                heap_4.o
    0x20012ff0        -       0x00000450   Zero   RW         6612    .bss                bmi_task.o
    0x20013440        -       0x000001fc   Zero   RW         6851    .bss                frame.o
    0x2001363c        -       0x000000bc   Zero   RW         6946    .bss                can.o
    0x200136f8        -       0x0000003a   Zero   RW         7020    .bss                dbus.o
    0x20013732   0x080028e0   0x00000006   PAD
    0x20013738        -       0x00000400   Zero   RW            1    STACK               startup_stm32f427_437xx.o


==============================================================================

Image component sizes


      Code (inc. data)   RO Data    RW Data    ZI Data      Debug   Object Name

       104         20          0         24       1104       3145   bmi_task.o
         0          0          0          0          0        600   bsp_crc8_1.o
        22          0          0          0          0       1458   bsp_protocol_1.o
       396         46          0          0        188       2688   can.o
         0          0          0          0          0      11736   croutine.o
       360         26          0          4         58       2956   dbus.o
        16          0          0          0          0        494   delay.o
         0          0          0          0          0       9588   event_groups.o
         0          0          0          0        508       1867   frame.o
       692         62          0         24      76800       4283   heap_4.o
         0          0          0          0          0        464   init.o
       148          0          0          0          0       3114   list.o
         8          0          0          0          0       2981   main.o
         0          0          0          0          0     269904   misc.o
      1014         92          0         12          0      11273   port.o
      1784         20          0          0         64      15430   queue.o
        36          8        428          0       1024        856   startup_stm32f427_437xx.o
       770         14          0          0          0       4080   stm32f4xx_can.o
        50          0          0          0          0       2848   stm32f4xx_dma.o
        20          0          0          0          0       2813   stm32f4xx_it.o
       142          0          0          0          0       3132   stm32f4xx_usart.o
       392         32          0         20          0       1841   system_stm32f4xx.o
      2492        338          0         60        740      22761   tasks.o
      1226        116          0         20         40      22103   timers.o

    ----------------------------------------------------------------------
      9682        774        460        164      80532     402415   Object Totals
         0          0         32          0          0          0   (incl. Generated)
        10          0          0          0          6          0   (incl. Padding)

    ----------------------------------------------------------------------

      Code (inc. data)   RO Data    RW Data    ZI Data      Debug   Library Member Name

         0          0          0          0          0          0   entry.o
         0          0          0          0          0          0   entry10a.o
         0          0          0          0          0          0   entry11a.o
         8          4          0          0          0          0   entry2.o
         4          0          0          0          0          0   entry5.o
         0          0          0          0          0          0   entry7b.o
         0          0          0          0          0          0   entry8b.o
         8          4          0          0          0          0   entry9a.o
        30          0          0          0          0          0   handlers.o
        36          8          0          0          0         68   init.o
        36          0          0          0          0         68   memcpya.o
        36          0          0          0          0        108   memseta.o

    ----------------------------------------------------------------------
       158         16          0          0          0        244   Library Totals
         0          0          0          0          0          0   (incl. Padding)

    ----------------------------------------------------------------------

      Code (inc. data)   RO Data    RW Data    ZI Data      Debug   Library Name

       158         16          0          0          0        244   mc_w.l

    ----------------------------------------------------------------------
       158         16          0          0          0        244   Library Totals

    ----------------------------------------------------------------------

==============================================================================


      Code (inc. data)   RO Data    RW Data    ZI Data      Debug   

      9840        790        460        164      80532     394011   Grand Totals
      9840        790        460        164      80532     394011   ELF Image Totals
      9840        790        460        164          0          0   ROM Totals

==============================================================================

    Total RO  Size (Code + RO Data)                10300 (  10.06kB)
    Total RW  Size (RW Data + ZI Data)             80696 (  78.80kB)
    Total ROM Size (Code + RO Data + RW Data)      10464 (  10.22kB)

==============================================================================

