Component: ARM Compiler 5.06 update 6 (build 750) Tool: armlink [4d35ed]

==============================================================================

Section Cross References

    startup_stm32f427_437xx.o(RESET) refers to startup_stm32f427_437xx.o(STACK) for __initial_sp
    startup_stm32f427_437xx.o(RESET) refers to startup_stm32f427_437xx.o(.text) for Reset_Handler
    startup_stm32f427_437xx.o(RESET) refers to stm32f4xx_it.o(i.NMI_Handler) for NMI_Handler
    startup_stm32f427_437xx.o(RESET) refers to stm32f4xx_it.o(i.HardFault_Handler) for HardFault_Handler
    startup_stm32f427_437xx.o(RESET) refers to stm32f4xx_it.o(i.MemManage_Handler) for MemManage_Handler
    startup_stm32f427_437xx.o(RESET) refers to stm32f4xx_it.o(i.BusFault_Handler) for BusFault_Handler
    startup_stm32f427_437xx.o(RESET) refers to stm32f4xx_it.o(i.UsageFault_Handler) for UsageFault_Handler
    startup_stm32f427_437xx.o(RESET) refers to port.o(.emb_text) for SVC_Handler
    startup_stm32f427_437xx.o(RESET) refers to stm32f4xx_it.o(i.DebugMon_Handler) for DebugMon_Handler
    startup_stm32f427_437xx.o(RESET) refers to delay.o(i.SysTick_Handler) for SysTick_Handler
    startup_stm32f427_437xx.o(RESET) refers to can.o(i.CAN1_RX0_IRQHandler) for CAN1_RX0_IRQHandler
    startup_stm32f427_437xx.o(RESET) refers to dbus.o(i.USART1_IRQHandler) for USART1_IRQHandler
    startup_stm32f427_437xx.o(RESET) refers to bmi_task.o(i.USART6_IRQHandler) for USART6_IRQHandler
    startup_stm32f427_437xx.o(.text) refers to system_stm32f4xx.o(i.SystemInit) for SystemInit
    startup_stm32f427_437xx.o(.text) refers to entry.o(.ARM.Collect$$$$00000000) for __main
    event_groups.o(i.vEventGroupClearBitsCallback) refers to event_groups.o(i.xEventGroupClearBits) for xEventGroupClearBits
    event_groups.o(i.vEventGroupDelete) refers to tasks.o(i.vTaskSuspendAll) for vTaskSuspendAll
    event_groups.o(i.vEventGroupDelete) refers to tasks.o(i.vTaskRemoveFromUnorderedEventList) for vTaskRemoveFromUnorderedEventList
    event_groups.o(i.vEventGroupDelete) refers to heap_4.o(i.vPortFree) for vPortFree
    event_groups.o(i.vEventGroupDelete) refers to tasks.o(i.xTaskResumeAll) for xTaskResumeAll
    event_groups.o(i.vEventGroupSetBitsCallback) refers to event_groups.o(i.xEventGroupSetBits) for xEventGroupSetBits
    event_groups.o(i.xEventGroupClearBits) refers to port.o(i.vPortEnterCritical) for vPortEnterCritical
    event_groups.o(i.xEventGroupClearBits) refers to port.o(i.vPortExitCritical) for vPortExitCritical
    event_groups.o(i.xEventGroupCreate) refers to heap_4.o(i.pvPortMalloc) for pvPortMalloc
    event_groups.o(i.xEventGroupCreate) refers to list.o(i.vListInitialise) for vListInitialise
    event_groups.o(i.xEventGroupSetBits) refers to tasks.o(i.vTaskSuspendAll) for vTaskSuspendAll
    event_groups.o(i.xEventGroupSetBits) refers to tasks.o(i.vTaskRemoveFromUnorderedEventList) for vTaskRemoveFromUnorderedEventList
    event_groups.o(i.xEventGroupSetBits) refers to tasks.o(i.xTaskResumeAll) for xTaskResumeAll
    event_groups.o(i.xEventGroupSync) refers to tasks.o(i.xTaskGetSchedulerState) for xTaskGetSchedulerState
    event_groups.o(i.xEventGroupSync) refers to tasks.o(i.vTaskSuspendAll) for vTaskSuspendAll
    event_groups.o(i.xEventGroupSync) refers to event_groups.o(i.xEventGroupSetBits) for xEventGroupSetBits
    event_groups.o(i.xEventGroupSync) refers to tasks.o(i.vTaskPlaceOnUnorderedEventList) for vTaskPlaceOnUnorderedEventList
    event_groups.o(i.xEventGroupSync) refers to tasks.o(i.xTaskResumeAll) for xTaskResumeAll
    event_groups.o(i.xEventGroupSync) refers to tasks.o(i.uxTaskResetEventItemValue) for uxTaskResetEventItemValue
    event_groups.o(i.xEventGroupSync) refers to port.o(i.vPortEnterCritical) for vPortEnterCritical
    event_groups.o(i.xEventGroupSync) refers to port.o(i.vPortExitCritical) for vPortExitCritical
    event_groups.o(i.xEventGroupWaitBits) refers to tasks.o(i.xTaskGetSchedulerState) for xTaskGetSchedulerState
    event_groups.o(i.xEventGroupWaitBits) refers to tasks.o(i.vTaskSuspendAll) for vTaskSuspendAll
    event_groups.o(i.xEventGroupWaitBits) refers to event_groups.o(i.prvTestWaitCondition) for prvTestWaitCondition
    event_groups.o(i.xEventGroupWaitBits) refers to tasks.o(i.vTaskPlaceOnUnorderedEventList) for vTaskPlaceOnUnorderedEventList
    event_groups.o(i.xEventGroupWaitBits) refers to tasks.o(i.xTaskResumeAll) for xTaskResumeAll
    event_groups.o(i.xEventGroupWaitBits) refers to tasks.o(i.uxTaskResetEventItemValue) for uxTaskResetEventItemValue
    event_groups.o(i.xEventGroupWaitBits) refers to port.o(i.vPortEnterCritical) for vPortEnterCritical
    event_groups.o(i.xEventGroupWaitBits) refers to port.o(i.vPortExitCritical) for vPortExitCritical
    queue.o(i.pcQueueGetName) refers to queue.o(.bss) for xQueueRegistry
    queue.o(i.prvCopyDataFromQueue) refers to memcpya.o(.text) for __aeabi_memcpy
[...]
    ..\\fwlib\\src\\stm32f4xx_i2c.c          0x00000000   Number         0  stm32f4xx_i2c.o ABSOLUTE
    ..\\fwlib\\src\\stm32f4xx_iwdg.c         0x00000000   Number         0  stm32f4xx_iwdg.o ABSOLUTE
    ..\\fwlib\\src\\stm32f4xx_lptim.c        0x00000000   Number         0  stm32f4xx_lptim.o ABSOLUTE
    ..\\fwlib\\src\\stm32f4xx_ltdc.c         0x00000000   Number         0  stm32f4xx_ltdc.o ABSOLUTE
    ..\\fwlib\\src\\stm32f4xx_pwr.c          0x00000000   Number         0  stm32f4xx_pwr.o ABSOLUTE
    ..\\fwlib\\src\\stm32f4xx_qspi.c         0x00000000   Number         0  stm32f4xx_qspi.o ABSOLUTE
    ..\\fwlib\\src\\stm32f4xx_rcc.c          0x00000000   Number         0  stm32f4xx_rcc.o ABSOLUTE
    ..\\fwlib\\src\\stm32f4xx_rng.c          0x00000000   Number         0  stm32f4xx_rng.o ABSOLUTE
    ..\\fwlib\\src\\stm32f4xx_rtc.c          0x00000000   Number         0  stm32f4xx_rtc.o ABSOLUTE
    ..\\fwlib\\src\\stm32f4xx_sai.c          0x00000000   Number         0  stm32f4xx_sai.o ABSOLUTE
    ..\\fwlib\\src\\stm32f4xx_sdio.c         0x00000000   Number         0  stm32f4xx_sdio.o ABSOLUTE
    ..\\fwlib\\src\\stm32f4xx_spdifrx.c      0x00000000   Number         0  stm32f4xx_spdifrx.o ABSOLUTE
    ..\\fwlib\\src\\stm32f4xx_spi.c          0x00000000   Number         0  stm32f4xx_spi.o ABSOLUTE
    ..\\fwlib\\src\\stm32f4xx_syscfg.c       0x00000000   Number         0  stm32f4xx_syscfg.o ABSOLUTE
    ..\\fwlib\\src\\stm32f4xx_tim.c          0x00000000   Number         0  stm32f4xx_tim.o ABSOLUTE
    ..\\fwlib\\src\\stm32f4xx_usart.c        0x00000000   Number         0  stm32f4xx_usart.o ABSOLUTE
    ..\\fwlib\\src\\stm32f4xx_wwdg.c         0x00000000   Number         0  stm32f4xx_wwdg.o ABSOLUTE
    ..\\middlewares\\delay\\delay.c          0x00000000   Number         0  delay.o ABSOLUTE
    ..\\middlewares\\sys\\sys.c              0x00000000   Number         0  sys.o ABSOLUTE
    ..\\task\\src\\bmi_task.c                0x00000000   Number         0  bmi_task.o ABSOLUTE
    ..\\task\\src\\task_manager.c            0x00000000   Number         0  task_manager.o ABSOLUTE
    ..\\task\\src\\test_task.c               0x00000000   Number         0  test_task.o ABSOLUTE
    ..\\user\\groundwork\\src\\can.c         0x00000000   Number         0  can.o ABSOLUTE
    ..\\user\\groundwork\\src\\dbus.c        0x00000000   Number         0  dbus.o ABSOLUTE
    ..\\user\\groundwork\\src\\frame.c       0x00000000   Number         0  frame.o ABSOLUTE
    ..\\user\\groundwork\\src\\gimbal.c      0x00000000   Number         0  gimbal.o ABSOLUTE
    ..\\user\\groundwork\\src\\led.c         0x00000000   Number         0  led.o ABSOLUTE
    ..\\user\\groundwork\\src\\mecanum.c     0x00000000   Number         0  mecanum.o ABSOLUTE
    ..\\user\\groundwork\\src\\pwm.c         0x00000000   Number         0  pwm.o ABSOLUTE
    ..\\user\\groundwork\\src\\usart.c       0x00000000   Number         0  usart.o ABSOLUTE
    ..\\user\\main\\src\\main.c              0x00000000   Number         0  main.o ABSOLUTE
    ..\\user\\main\\src\\stm32f4xx_it.c      0x00000000   Number         0  stm32f4xx_it.o ABSOLUTE
    ..\\user\\main\\src\\system_stm32f4xx.c  0x00000000   Number         0  system_stm32f4xx.o ABSOLUTE
    ..\core\startup_stm32f427_437xx.s        0x00000000   Number         0  startup_stm32f427_437xx.o ABSOLUTE
    ..\freertos\croutine.c                   0x00000000   Number         0  croutine.o ABSOLUTE
    ..\freertos\event_groups.c               0x00000000   Number         0  event_groups.o ABSOLUTE
    ..\freertos\list.c                       0x00000000   Number         0  list.o ABSOLUTE
    ..\freertos\portable\MemMang\heap_4.c    0x00000000   Number         0  heap_4.o ABSOLUTE
    ..\freertos\portable\RVDS\ARM_CM4F\port.c 0x00000000   Number         0  port.o ABSOLUTE
    ..\freertos\queue.c                      0x00000000   Number         0  queue.o ABSOLUTE
    ..\freertos\stream_buffer.c              0x00000000   Number         0  stream_buffer.o ABSOLUTE
    ..\freertos\tasks.c                      0x00000000   Number         0  tasks.o ABSOLUTE
    ..\freertos\timers.c                     0x00000000   Number         0  timers.o ABSOLUTE
    ..\fwlib\src\misc.c                      0x00000000   Number         0  misc.o ABSOLUTE
    ..\fwlib\src\stm32f4xx_adc.c             0x00000000   Number         0  stm32f4xx_adc.o ABSOLUTE
    ..\fwlib\src\stm32f4xx_can.c             0x00000000   Number         0  stm32f4xx_can.o ABSOLUTE
    ..\fwlib\src\stm32f4xx_cec.c             0x00000000   Number         0  stm32f4xx_cec.o ABSOLUTE
    ..\fwlib\src\stm32f4xx_crc.c             0x00000000   Number         0  stm32f4xx_crc.o ABSOLUTE
    ..\fwlib\src\stm32f4xx_cryp.c            0x00000000   Number         0  stm32f4xx_cryp.o ABSOLUTE
    ..\fwlib\src\stm32f4xx_cryp_aes.c        0x00000000   Number         0  stm32f4xx_cryp_aes.o ABSOLUTE
    ..\fwlib\src\stm32f4xx_cryp_des.c        0x00000000   Number         0  stm32f4xx_cryp_des.o ABSOLUTE
    ..\fwlib\src\stm32f4xx_cryp_tdes.c       0x00000000   Number         0  stm32f4xx_cryp_tdes.o ABSOLUTE
    ..\fwlib\src\stm32f4xx_dac.c             0x00000000   Number         0  stm32f4xx_dac.o ABSOLUTE
    ..\fwlib\src\stm32f4xx_dbgmcu.c          0x00000000   Number         0  stm32f4xx_dbgmcu.o ABSOLUTE
    ..\fwlib\src\stm32f4xx_dcmi.c            0x00000000   Number         0  stm32f4xx_dcmi.o ABSOLUTE
    ..\fwlib\src\stm32f4xx_dfsdm.c           0x00000000   Number         0  stm32f4xx_dfsdm.o ABSOLUTE
    ..\fwlib\src\stm32f4xx_dma.c             0x00000000   Number         0  stm32f4xx_dma.o ABSOLUTE
    ..\fwlib\src\stm32f4xx_dma2d.c           0x00000000   Number         0  stm32f4xx_dma2d.o ABSOLUTE
    ..\fwlib\src\stm32f4xx_dsi.c             0x00000000   Number         0  stm32f4xx_dsi.o ABSOLUTE
    ..\fwlib\src\stm32f4xx_exti.c            0x00000000   Number         0  stm32f4xx_exti.o ABSOLUTE
    ..\fwlib\src\stm32f4xx_flash.c           0x00000000   Number         0  stm32f4xx_flash.o ABSOLUTE
    ..\fwlib\src\stm32f4xx_flash_ramfunc.c   0x00000000   Number         0  stm32f4xx_flash_ramfunc.o ABSOLUTE
    ..\fwlib\src\stm32f4xx_fmc.c             0x00000000   Number         0  stm32f4xx_fmc.o ABSOLUTE
    ..\fwlib\src\stm32f4xx_fmpi2c.c          0x00000000   Number         0  stm32f4xx_fmpi2c.o ABSOLUTE
    ..\fwlib\src\stm32f4xx_gpio.c            0x00000000   Number         0  stm32f4xx_gpio.o ABSOLUTE
    ..\fwlib\src\stm32f4xx_hash.c            0x00000000   Number         0  stm32f4xx_hash.o ABSOLUTE
    ..\fwlib\src\stm32f4xx_hash_md5.c        0x00000000   Number         0  stm32f4xx_hash_md5.o ABSOLUTE
    ..\fwlib\src\stm32f4xx_hash_sha1.c       0x00000000   Number         0  stm32f4xx_hash_sha1.o ABSOLUTE
    ..\fwlib\src\stm32f4xx_i2c.c             0x00000000   Number         0  stm32f4xx_i2c.o ABSOLUTE
    ..\fwlib\src\stm32f4xx_iwdg.c            0x00000000   Number         0  stm32f4xx_iwdg.o ABSOLUTE
    ..\fwlib\src\stm32f4xx_lptim.c           0x00000000   Number         0  stm32f4xx_lptim.o ABSOLUTE
    ..\fwlib\src\stm32f4xx_ltdc.c            0x00000000   Number         0  stm32f4xx_ltdc.o ABSOLUTE
    ..\fwlib\src\stm32f4xx_pwr.c             0x00000000   Number         0  stm32f4xx_pwr.o ABSOLUTE
    ..\fwlib\src\stm32f4xx_qspi.c            0x00000000   Number         0  stm32f4xx_qspi.o ABSOLUTE
    ..\fwlib\src\stm32f4xx_rcc.c             0x00000000   Number         0  stm32f4xx_rcc.o ABSOLUTE
    ..\fwlib\src\stm32f4xx_rng.c             0x00000000   Number         0  stm32f4xx_rng.o ABSOLUTE
    ..\fwlib\src\stm32f4xx_rtc.c             0x00000000   Number         0  stm32f4xx_rtc.o ABSOLUTE
    ..\fwlib\src\stm32f4xx_sai.c             0x00000000   Number         0  stm32f4xx_sai.o ABSOLUTE
    ..\fwlib\src\stm32f4xx_sdio.c            0x00000000   Number         0  stm32f4xx_sdio.o ABSOLUTE
    ..\fwlib\src\stm32f4xx_spdifrx.c         0x00000000   Number         0  stm32f4xx_spdifrx.o ABSOLUTE
    ..\fwlib\src\stm32f4xx_spi.c             0x00000000   Number         0  stm32f4xx_spi.o ABSOLUTE
    ..\fwlib\src\stm32f4xx_syscfg.c          0x00000000   Number         0  stm32f4xx_syscfg.o ABSOLUTE
    ..\fwlib\src\stm32f4xx_tim.c             0x00000000   Number         0  stm32f4xx_tim.o ABSOLUTE
    ..\fwlib\src\stm32f4xx_usart.c           0x00000000   Number         0  stm32f4xx_usart.o ABSOLUTE
    ..\fwlib\src\stm32f4xx_wwdg.c            0x00000000   Number         0  stm32f4xx_wwdg.o ABSOLUTE
    ..\middlewares\delay\delay.c             0x00000000   Number         0  delay.o ABSOLUTE
    ..\middlewares\sys\sys.c                 0x00000000   Number         0  sys.o ABSOLUTE
    ..\task\src\bmi_task.c                   0x00000000   Number         0  bmi_task.o ABSOLUTE
    ..\task\src\task_manager.c               0x00000000   Number         0  task_manager.o ABSOLUTE
    ..\task\src\test_task.c                  0x00000000   Number         0  test_task.o ABSOLUTE
    ..\user\algorithm\src\filters.c          0x00000000   Number         0  filters.o ABSOLUTE
    ..\user\algorithm\src\pid.c              0x00000000   Number         0  pid.o ABSOLUTE
    ..\user\groundwork\src\bsp_crc16.c       0x00000000   Number         0  bsp_crc16_1.o ABSOLUTE
    ..\user\groundwork\src\bsp_crc8.c        0x00000000   Number         0  bsp_crc8_1.o ABSOLUTE
    ..\user\groundwork\src\bsp_protocol.c    0x00000000   Number         0  bsp_protocol_1.o ABSOLUTE
    ..\user\groundwork\src\can.c             0x00000000   Number         0  can.o ABSOLUTE
    ..\user\groundwork\src\dbus.c            0x00000000   Number         0  dbus.o ABSOLUTE
    ..\user\groundwork\src\frame.c           0x00000000   Number         0  frame.o ABSOLUTE
    ..\user\groundwork\src\gimbal.c          0x00000000   Number         0  gimbal.o ABSOLUTE
    ..\user\groundwork\src\led.c             0x00000000   Number         0  led.o ABSOLUTE
    ..\user\groundwork\src\mecanum.c         0x00000000   Number         0  mecanum.o ABSOLUTE
    ..\user\groundwork\src\pwm.c             0x00000000   Number         0  pwm.o ABSOLUTE
    ..\user\groundwork\src\usart.c           0x00000000   Number         0  usart.o ABSOLUTE
    ..\user\main\src\main.c                  0x00000000   Number         0  main.o ABSOLUTE
    ..\user\main\src\stm32f4xx_it.c          0x00000000   Number         0  stm32f4xx_it.o ABSOLUTE
    ..\user\main\src\system_stm32f4xx.c      0x00000000   Number         0  system_stm32f4xx.o ABSOLUTE
    cdcmple.s                                0x00000000   Number         0  cdcmple.o ABSOLUTE
    cdrcmple.s                               0x00000000   Number         0  cdrcmple.o ABSOLUTE
    dc.s                                     0x00000000   Number         0  dc.o ABSOLUTE
    handlers.s                               0x00000000   Number         0  handlers.o ABSOLUTE
    init.s                                   0x00000000   Number         0  init.o ABSOLUTE
    RESET                                    0x08000000   Section      428  startup_stm32f427_437xx.o(RESET)
    .ARM.Collect$$$$00000000                 0x080001ac   Section        0  entry.o(.ARM.Collect$$$$00000000)
    .ARM.Collect$$$$00000001                 0x080001ac   Section        4  entry2.o(.ARM.Collect$$$$00000001)
    .ARM.Collect$$$$00000004                 0x080001b0   Section        4  entry5.o(.ARM.Collect$$$$00000004)
    .ARM.Collect$$$$00000008                 0x080001b4   Section        0  entry7b.o(.ARM.Collect$$$$00000008)
    .ARM.Collect$$$$0000000A                 0x080001b4   Section        0  entry8b.o(.ARM.Collect$$$$0000000A)
    .ARM.Collect$$$$0000000B                 0x080001b4   Section        8  entry9a.o(.ARM.Collect$$$$0000000B)
    .ARM.Collect$$$$0000000D                 0x080001bc   Section        0  entry10a.o(.ARM.Collect$$$$0000000D)
    .ARM.Collect$$$$0000000F                 0x080001bc   Section        0  entry11a.o(.ARM.Collect$$$$0000000F)
    .ARM.Collect$$$$00002712                 0x080001bc   Section        4  entry2.o(.ARM.Collect$$$$00002712)
    __lit__00000000                          0x080001bc   Data           4  entry2.o(.ARM.Collect$$$$00002712)
    .emb_text                                0x080001c0   Section      190  port.o(.emb_text)
    $v0                                      0x080001c0   Number         0  port.o(.emb_text)
    .text                                    0x08000280   Section       36  startup_stm32f427_437xx.o(.text)
    $v0                                      0x08000280   Number         0  startup_stm32f427_437xx.o(.text)
    .text                                    0x080002a4   Section        0  memcpya.o(.text)
    .text                                    0x080002c8   Section        0  memseta.o(.text)
    .text                                    0x080002ec   Section        0  ddiv.o(.text)
    .text                                    0x080003ca   Section        0  dflti.o(.text)
    .text                                    0x080003ec   Section        0  dfixui.o(.text)
    .text                                    0x0800041e   Section        0  llushr.o(.text)
    .text                                    0x0800043e   Section        0  depilogue.o(.text)
    .text                                    0x0800043e   Section        0  iusefp.o(.text)
    .text                                    0x080004f8   Section        0  dadd.o(.text)
    .text                                    0x08000646   Section        0  dmul.o(.text)
    .text                                    0x0800072a   Section        0  dscalb.o(.text)
    .text                                    0x08000758   Section       48  cdrcmple.o(.text)
    .text                                    0x08000788   Section       36  init.o(.text)
    .text                                    0x080007ac   Section        0  llshl.o(.text)
    .text                                    0x080007ca   Section        0  llsshr.o(.text)
    .text                                    0x080007ee   Section        0  dsqrt.o(.text)
    i.AddInitFunction                        0x08000890   Section        0  task_manager.o(i.AddInitFunction)
    i.BusFault_Handler                       0x080008d0   Section        0  stm32f4xx_it.o(i.BusFault_Handler)
    i.CAN1_RX0_IRQHandler                    0x080008d4   Section        0  can.o(i.CAN1_RX0_IRQHandler)
    i.CAN_ClearFlag                          0x08000968   Section        0  stm32f4xx_can.o(i.CAN_ClearFlag)
    i.CAN_ClearITPendingBit                  0x080009a0   Section        0  stm32f4xx_can.o(i.CAN_ClearITPendingBit)
    i.CAN_GetITStatus                        0x08000a48   Section        0  stm32f4xx_can.o(i.CAN_GetITStatus)
    i.CAN_Receive                            0x08000b68   Section        0  stm32f4xx_can.o(i.CAN_Receive)
    i.CheckITStatus                          0x08000c58   Section        0  stm32f4xx_can.o(i.CheckITStatus)
    CheckITStatus                            0x08000c59   Thumb Code    18  stm32f4xx_can.o(i.CheckITStatus)
    i.DMA_Cmd                                0x08000c6a   Section        0  stm32f4xx_dma.o(i.DMA_Cmd)
    i.DMA_GetCurrDataCounter                 0x08000c80   Section        0  stm32f4xx_dma.o(i.DMA_GetCurrDataCounter)
    i.DMA_GetCurrentMemoryTarget             0x08000c88   Section        0  stm32f4xx_dma.o(i.DMA_GetCurrentMemoryTarget)
    i.DebugMon_Handler                       0x08000c9c   Section        0  stm32f4xx_it.o(i.DebugMon_Handler)
    i.GPIO_Init                              0x08000c9e   Section        0  stm32f4xx_gpio.o(i.GPIO_Init)
    i.GPIO_ResetBits                         0x08000d2e   Section        0  stm32f4xx_gpio.o(i.GPIO_ResetBits)
    i.GPIO_SetBits                           0x08000d32   Section        0  stm32f4xx_gpio.o(i.GPIO_SetBits)
    i.HardFault_Handler                      0x08000d36   Section        0  stm32f4xx_it.o(i.HardFault_Handler)
    i.InitAll                                0x08000d3a   Section        0  frame.o(i.InitAll)
    i.MemManage_Handler                      0x08000d50   Section        0  stm32f4xx_it.o(i.MemManage_Handler)
    i.NMI_Handler                            0x08000d54   Section        0  stm32f4xx_it.o(i.NMI_Handler)
    i.PROTOCOL_RX_IRQ                        0x08000d56   Section        0  bsp_protocol_1.o(i.PROTOCOL_RX_IRQ)
    i.RCC_AHB1PeriphClockCmd                 0x08000d6c   Section        0  stm32f4xx_rcc.o(i.RCC_AHB1PeriphClockCmd)
    i.RemoteDataProcess                      0x08000d8c   Section        0  dbus.o(i.RemoteDataProcess)
    i.SetSysClock                            0x08000e3c   Section        0  system_stm32f4xx.o(i.SetSysClock)
    SetSysClock                              0x08000e3d   Thumb Code   272  system_stm32f4xx.o(i.SetSysClock)
    i.SysTick_CLKSourceConfig                0x08000f5c   Section        0  misc.o(i.SysTick_CLKSourceConfig)
    i.SysTick_Handler                        0x08000f84   Section        0  delay.o(i.SysTick_Handler)
    i.SystemInit                             0x08000f94   Section        0  system_stm32f4xx.o(i.SystemInit)
    i.TaskInit                               0x08000ffc   Section        0  task_manager.o(i.TaskInit)
    i.USART1_IRQHandler                      0x08001030   Section        0  dbus.o(i.USART1_IRQHandler)
    i.USART6_IRQHandler                      0x080010e8   Section        0  bmi_task.o(i.USART6_IRQHandler)
    i.USART_ClearFlag                        0x08001128   Section        0  stm32f4xx_usart.o(i.USART_ClearFlag)
    i.USART_ClearITPendingBit                0x0800113a   Section        0  stm32f4xx_usart.o(i.USART_ClearITPendingBit)
    i.USART_GetITStatus                      0x08001158   Section        0  stm32f4xx_usart.o(i.USART_GetITStatus)
    i.USART_ReceiveData                      0x080011ac   Section        0  stm32f4xx_usart.o(i.USART_ReceiveData)
    i.UsageFault_Handler                     0x080011b6   Section        0  stm32f4xx_it.o(i.UsageFault_Handler)
    i.__ARM_fpclassify                       0x080011ba   Section        0  fpclassify.o(i.__ARM_fpclassify)
    i.__hardfp_pow                           0x080011f0   Section        0  pow.o(i.__hardfp_pow)
    i.__kernel_poly                          0x08001e40   Section        0  poly.o(i.__kernel_poly)
    i.__mathlib_dbl_divzero                  0x08001f38   Section        0  dunder.o(i.__mathlib_dbl_divzero)
    i.__mathlib_dbl_infnan2                  0x08001f68   Section        0  dunder.o(i.__mathlib_dbl_infnan2)
    i.__mathlib_dbl_invalid                  0x08001f80   Section        0  dunder.o(i.__mathlib_dbl_invalid)
    i.__mathlib_dbl_overflow                 0x08001fa0   Section        0  dunder.o(i.__mathlib_dbl_overflow)
    i.__mathlib_dbl_underflow                0x08001fc0   Section        0  dunder.o(i.__mathlib_dbl_underflow)
    i.__scatterload_copy                     0x08001fe0   Section       14  handlers.o(i.__scatterload_copy)
    i.__scatterload_null                     0x08001fee   Section        2  handlers.o(i.__scatterload_null)
    i.__scatterload_zeroinit                 0x08001ff0   Section       14  handlers.o(i.__scatterload_zeroinit)
    i.__set_errno                            0x08002000   Section        0  errno.o(i.__set_errno)
    i.debug                                  0x0800200c   Section        0  frame.o(i.debug)
    i.delay_init                             0x0800204c   Section        0  delay.o(i.delay_init)
    i.fabs                                   0x08002090   Section        0  fabs.o(i.fabs)
    i.frame_task                             0x080020a8   Section        0  frame.o(i.frame_task)
    i.frame_task_PidDebug                    0x080020e0   Section        0  frame.o(i.frame_task_PidDebug)
    i.frame_task_init                        0x080020e4   Section        0  frame.o(i.frame_task_init)
    i.ledX_Clear                             0x0800212c   Section        0  led.o(i.ledX_Clear)
    i.ledX_Off                               0x0800214c   Section        0  led.o(i.ledX_Off)
    i.ledX_On                                0x080021c8   Section        0  led.o(i.ledX_On)
    i.ledX_init                              0x080021d4   Section        0  led.o(i.ledX_init)
    i.ledX_light                             0x08002240   Section        0  led.o(i.ledX_light)
    i.main                                   0x080022bc   Section        0  main.o(i.main)
    i.moto_infomation_process                0x080022c4   Section        0  can.o(i.moto_infomation_process)
    i.protocol_rx_irq_usart6                 0x080023bc   Section        0  bmi_task.o(i.protocol_rx_irq_usart6)
    i.prvAddCurrentTaskToDelayedList         0x080023e4   Section        0  tasks.o(i.prvAddCurrentTaskToDelayedList)
    prvAddCurrentTaskToDelayedList           0x080023e5   Thumb Code   124  tasks.o(i.prvAddCurrentTaskToDelayedList)
    i.prvAddNewTaskToReadyList               0x0800247c   Section        0  tasks.o(i.prvAddNewTaskToReadyList)
    prvAddNewTaskToReadyList                 0x0800247d   Thumb Code   156  tasks.o(i.prvAddNewTaskToReadyList)
    i.prvCheckForValidListAndQueue           0x08002534   Section        0  timers.o(i.prvCheckForValidListAndQueue)
    prvCheckForValidListAndQueue             0x08002535   Thumb Code    72  timers.o(i.prvCheckForValidListAndQueue)
    i.prvCheckTasksWaitingTermination        0x08002598   Section        0  tasks.o(i.prvCheckTasksWaitingTermination)
    prvCheckTasksWaitingTermination          0x08002599   Thumb Code    60  tasks.o(i.prvCheckTasksWaitingTermination)
    i.prvCopyDataFromQueue                   0x080025e0   Section        0  queue.o(i.prvCopyDataFromQueue)
    prvCopyDataFromQueue                     0x080025e1   Thumb Code    42  queue.o(i.prvCopyDataFromQueue)
    i.prvCopyDataToQueue                     0x0800260a   Section        0  queue.o(i.prvCopyDataToQueue)
    prvCopyDataToQueue                       0x0800260b   Thumb Code   126  queue.o(i.prvCopyDataToQueue)
    i.prvDeleteTCB                           0x08002688   Section        0  tasks.o(i.prvDeleteTCB)
    prvDeleteTCB                             0x08002689   Thumb Code    18  tasks.o(i.prvDeleteTCB)
    i.prvGetNextExpireTime                   0x0800269c   Section        0  timers.o(i.prvGetNextExpireTime)
    prvGetNextExpireTime                     0x0800269d   Thumb Code    36  timers.o(i.prvGetNextExpireTime)
    i.prvHeapInit                            0x080026c4   Section        0  heap_4.o(i.prvHeapInit)
    prvHeapInit                              0x080026c5   Thumb Code    98  heap_4.o(i.prvHeapInit)
    i.prvIdleTask                            0x08002740   Section        0  tasks.o(i.prvIdleTask)
    prvIdleTask                              0x08002741   Thumb Code    32  tasks.o(i.prvIdleTask)
    i.prvInitialiseNewQueue                  0x08002768   Section        0  queue.o(i.prvInitialiseNewQueue)
    prvInitialiseNewQueue                    0x08002769   Thumb Code    42  queue.o(i.prvInitialiseNewQueue)
    i.prvInitialiseNewTask                   0x08002792   Section        0  tasks.o(i.prvInitialiseNewTask)
    prvInitialiseNewTask                     0x08002793   Thumb Code   190  tasks.o(i.prvInitialiseNewTask)
    i.prvInitialiseTaskLists                 0x08002850   Section        0  tasks.o(i.prvInitialiseTaskLists)
    prvInitialiseTaskLists                   0x08002851   Thumb Code    70  tasks.o(i.prvInitialiseTaskLists)
    i.prvInsertBlockIntoFreeList             0x080028b8   Section        0  heap_4.o(i.prvInsertBlockIntoFreeList)
    prvInsertBlockIntoFreeList               0x080028b9   Thumb Code    96  heap_4.o(i.prvInsertBlockIntoFreeList)
    i.prvInsertTimerInActiveList             0x08002920   Section        0  timers.o(i.prvInsertTimerInActiveList)
    prvInsertTimerInActiveList               0x08002921   Thumb Code    80  timers.o(i.prvInsertTimerInActiveList)
    i.prvIsQueueEmpty                        0x08002978   Section        0  queue.o(i.prvIsQueueEmpty)
    prvIsQueueEmpty                          0x08002979   Thumb Code    26  queue.o(i.prvIsQueueEmpty)
    i.prvIsQueueFull                         0x08002992   Section        0  queue.o(i.prvIsQueueFull)
    prvIsQueueFull                           0x08002993   Thumb Code    30  queue.o(i.prvIsQueueFull)
    i.prvProcessExpiredTimer                 0x080029b0   Section        0  timers.o(i.prvProcessExpiredTimer)
    prvProcessExpiredTimer                   0x080029b1   Thumb Code   110  timers.o(i.prvProcessExpiredTimer)
    i.prvProcessReceivedCommands             0x08002a24   Section        0  timers.o(i.prvProcessReceivedCommands)
    prvProcessReceivedCommands               0x08002a25   Thumb Code   308  timers.o(i.prvProcessReceivedCommands)
    i.prvProcessTimerOrBlockTask             0x08002b5c   Section        0  timers.o(i.prvProcessTimerOrBlockTask)
    prvProcessTimerOrBlockTask               0x08002b5d   Thumb Code   102  timers.o(i.prvProcessTimerOrBlockTask)
    i.prvResetNextTaskUnblockTime            0x08002bd0   Section        0  tasks.o(i.prvResetNextTaskUnblockTime)
    prvResetNextTaskUnblockTime              0x08002bd1   Thumb Code    42  tasks.o(i.prvResetNextTaskUnblockTime)
    i.prvSampleTimeNow                       0x08002c04   Section        0  timers.o(i.prvSampleTimeNow)
    prvSampleTimeNow                         0x08002c05   Thumb Code    40  timers.o(i.prvSampleTimeNow)
    i.prvSwitchTimerLists                    0x08002c30   Section        0  timers.o(i.prvSwitchTimerLists)
    prvSwitchTimerLists                      0x08002c31   Thumb Code   154  timers.o(i.prvSwitchTimerLists)
    i.prvTaskExitError                       0x08002cd4   Section        0  port.o(i.prvTaskExitError)
    prvTaskExitError                         0x08002cd5   Thumb Code    60  port.o(i.prvTaskExitError)
    i.prvTimerTask                           0x08002d14   Section        0  timers.o(i.prvTimerTask)
    prvTimerTask                             0x08002d15   Thumb Code    26  timers.o(i.prvTimerTask)
    i.prvUnlockQueue                         0x08002d2e   Section        0  queue.o(i.prvUnlockQueue)
    prvUnlockQueue                           0x08002d2f   Thumb Code   126  queue.o(i.prvUnlockQueue)
    i.pvPortMalloc                           0x08002dac   Section        0  heap_4.o(i.pvPortMalloc)
    i.pxPortInitialiseStack                  0x08002ee8   Section        0  port.o(i.pxPortInitialiseStack)
    i.sqrt                                   0x08002f14   Section        0  sqrt.o(i.sqrt)
    i.start_task                             0x08002f84   Section        0  task_manager.o(i.start_task)
    i.test_task                              0x08002fe0   Section        0  test_task.o(i.test_task)
    i.test_task_Init                         0x08003024   Section        0  test_task.o(i.test_task_Init)
    i.test_task_PidDebug                     0x0800306c   Section        0  test_task.o(i.test_task_PidDebug)
    i.uxListRemove                           0x0800306e   Section        0  list.o(i.uxListRemove)
    i.vListInitialise                        0x08003096   Section        0  list.o(i.vListInitialise)
    i.vListInitialiseItem                    0x080030b0   Section        0  list.o(i.vListInitialiseItem)
    i.vListInsert                            0x080030b6   Section        0  list.o(i.vListInsert)
    i.vListInsertEnd                         0x080030ea   Section        0  list.o(i.vListInsertEnd)
    i.vPortEnterCritical                     0x08003104   Section        0  port.o(i.vPortEnterCritical)
    i.vPortExitCritical                      0x08003158   Section        0  port.o(i.vPortExitCritical)
    i.vPortFree                              0x08003194   Section        0  heap_4.o(i.vPortFree)
    i.vPortSetupTimerInterrupt               0x08003228   Section        0  port.o(i.vPortSetupTimerInterrupt)
    i.vPortValidateInterruptPriority         0x08003250   Section        0  port.o(i.vPortValidateInterruptPriority)
    i.vQueueAddToRegistry                    0x080032c8   Section        0  queue.o(i.vQueueAddToRegistry)
    i.vQueueWaitForMessageRestricted         0x080032f4   Section        0  queue.o(i.vQueueWaitForMessageRestricted)
    i.vTaskDelay                             0x08003340   Section        0  tasks.o(i.vTaskDelay)
    i.vTaskDelete                            0x0800339c   Section        0  tasks.o(i.vTaskDelete)
    i.vTaskInternalSetTimeOutState           0x08003490   Section        0  tasks.o(i.vTaskInternalSetTimeOutState)
    i.vTaskMissedYield                       0x080034a8   Section        0  tasks.o(i.vTaskMissedYield)
    i.vTaskPlaceOnEventList                  0x080034b4   Section        0  tasks.o(i.vTaskPlaceOnEventList)
    i.vTaskPlaceOnEventListRestricted        0x080034ec   Section        0  tasks.o(i.vTaskPlaceOnEventListRestricted)
    i.vTaskStartScheduler                    0x0800352c   Section        0  tasks.o(i.vTaskStartScheduler)
    i.vTaskSuspendAll                        0x080035c0   Section        0  tasks.o(i.vTaskSuspendAll)
    i.vTaskSwitchContext                     0x080035d0   Section        0  tasks.o(i.vTaskSwitchContext)
    i.xPortStartScheduler                    0x0800365c   Section        0  port.o(i.xPortStartScheduler)
    i.xPortSysTickHandler                    0x080037c4   Section        0  port.o(i.xPortSysTickHandler)
    i.xQueueGenericCreate                    0x080037f8   Section        0  queue.o(i.xQueueGenericCreate)
    i.xQueueGenericReset                     0x08003854   Section        0  queue.o(i.xQueueGenericReset)
    i.xQueueGenericSend                      0x080038ec   Section        0  queue.o(i.xQueueGenericSend)
    i.xQueueGenericSendFromISR               0x08003a94   Section        0  queue.o(i.xQueueGenericSendFromISR)
    i.xQueueReceive                          0x08003b8c   Section        0  queue.o(i.xQueueReceive)
    i.xTaskCheckForTimeOut                   0x08003cf4   Section        0  tasks.o(i.xTaskCheckForTimeOut)
    i.xTaskCreate                            0x08003d80   Section        0  tasks.o(i.xTaskCreate)
    i.xTaskGetSchedulerState                 0x08003de0   Section        0  tasks.o(i.xTaskGetSchedulerState)
    i.xTaskGetTickCount                      0x08003e00   Section        0  tasks.o(i.xTaskGetTickCount)
    i.xTaskIncrementTick                     0x08003e0c   Section        0  tasks.o(i.xTaskIncrementTick)
    i.xTaskPriorityDisinherit                0x08003f54   Section        0  tasks.o(i.xTaskPriorityDisinherit)
    i.xTaskRemoveFromEventList               0x0800401c   Section        0  tasks.o(i.xTaskRemoveFromEventList)
    i.xTaskResumeAll                         0x080040b4   Section        0  tasks.o(i.xTaskResumeAll)
    i.xTimerCreateTimerTask                  0x080041b8   Section        0  timers.o(i.xTimerCreateTimerTask)
    i.xTimerGenericCommand                   0x08004210   Section        0  timers.o(i.xTimerGenericCommand)
    .constdata                               0x08004298   Section      136  pow.o(.constdata)
    bp                                       0x08004298   Data          16  pow.o(.constdata)
    dp_h                                     0x080042a8   Data          16  pow.o(.constdata)
    dp_l                                     0x080042b8   Data          16  pow.o(.constdata)
    L                                        0x080042c8   Data          48  pow.o(.constdata)
    P                                        0x080042f8   Data          40  pow.o(.constdata)
    .constdata                               0x08004320   Section        8  qnan.o(.constdata)
    .data                                    0x20000000   Section       60  tasks.o(.data)
    pxDelayedTaskList                        0x20000004   Data           4  tasks.o(.data)
    pxOverflowDelayedTaskList                0x20000008   Data           4  tasks.o(.data)
    uxDeletedTasksWaitingCleanUp             0x2000000c   Data           4  tasks.o(.data)
    uxCurrentNumberOfTasks                   0x20000010   Data           4  tasks.o(.data)
    xTickCount                               0x20000014   Data           4  tasks.o(.data)
    uxTopReadyPriority                       0x20000018   Data           4  tasks.o(.data)
    xSchedulerRunning                        0x2000001c   Data           4  tasks.o(.data)
    uxPendedTicks                            0x20000020   Data           4  tasks.o(.data)
    xYieldPending                            0x20000024   Data           4  tasks.o(.data)
    xNumOfOverflows                          0x20000028   Data           4  tasks.o(.data)
    uxTaskNumber                             0x2000002c   Data           4  tasks.o(.data)
    xNextTaskUnblockTime                     0x20000030   Data           4  tasks.o(.data)
    xIdleTaskHandle                          0x20000034   Data           4  tasks.o(.data)
    uxSchedulerSuspended                     0x20000038   Data           4  tasks.o(.data)
    .data                                    0x2000003c   Section       20  timers.o(.data)
    pxCurrentTimerList                       0x2000003c   Data           4  timers.o(.data)
    pxOverflowTimerList                      0x20000040   Data           4  timers.o(.data)
    xTimerQueue                              0x20000044   Data           4  timers.o(.data)
    xTimerTaskHandle                         0x20000048   Data           4  timers.o(.data)
    xLastTime                                0x2000004c   Data           4  timers.o(.data)
    .data                                    0x20000050   Section       24  heap_4.o(.data)
    xStart                                   0x20000050   Data           8  heap_4.o(.data)
    pxEnd                                    0x20000058   Data           4  heap_4.o(.data)
    xFreeBytesRemaining                      0x2000005c   Data           4  heap_4.o(.data)
    xMinimumEverFreeBytesRemaining           0x20000060   Data           4  heap_4.o(.data)
    xBlockAllocatedBit                       0x20000064   Data           4  heap_4.o(.data)
    .data                                    0x20000068   Section       12  port.o(.data)
    uxCriticalNesting                        0x20000068   Data           4  port.o(.data)
    ucMaxSysCallPriority                     0x2000006c   Data           1  port.o(.data)
    ulMaxPRIGROUPValue                       0x20000070   Data           4  port.o(.data)
    .data                                    0x20000074   Section       20  system_stm32f4xx.o(.data)
    .data                                    0x20000088   Section       24  bmi_task.o(.data)
    xLastWakeTime_bmiTask                    0x2000009c   Data           4  bmi_task.o(.data)
    .data                                    0x200000a0   Section       20  task_manager.o(.data)
    .data                                    0x200000b4   Section        4  test_task.o(.data)
    .data                                    0x200000b8   Section        4  delay.o(.data)
    fac_us                                   0x200000b8   Data           1  delay.o(.data)
    fac_ms                                   0x200000ba   Data           2  delay.o(.data)
    .data                                    0x200000bc   Section       16  frame.o(.data)
    xLastWakeTime_Frame                      0x200000c8   Data           4  frame.o(.data)
    .data                                    0x200000cc   Section       12  dbus.o(.data)
    this_time_rx_len                         0x200000d4   Data           4  dbus.o(.data)
    .data                                    0x200000d8   Section        4  errno.o(.data)
    _errno                                   0x200000d8   Data           4  errno.o(.data)
    .bss                                     0x200000dc   Section       64  queue.o(.bss)
    .bss                                     0x2000011c   Section      740  tasks.o(.bss)
    pxReadyTasksLists                        0x2000011c   Data         640  tasks.o(.bss)
    xDelayedTaskList1                        0x2000039c   Data          20  tasks.o(.bss)
    xDelayedTaskList2                        0x200003b0   Data          20  tasks.o(.bss)
    xPendingReadyList                        0x200003c4   Data          20  tasks.o(.bss)
    xTasksWaitingTermination                 0x200003d8   Data          20  tasks.o(.bss)
    xSuspendedTaskList                       0x200003ec   Data          20  tasks.o(.bss)
    .bss                                     0x20000400   Section       40  timers.o(.bss)
    xActiveTimerList1                        0x20000400   Data          20  timers.o(.bss)
    xActiveTimerList2                        0x20000414   Data          20  timers.o(.bss)
    .bss                                     0x20000428   Section    76800  heap_4.o(.bss)
    ucHeap                                   0x20000428   Data       76800  heap_4.o(.bss)
    .bss                                     0x20013028   Section      308  bmi_task.o(.bss)
    .bss                                     0x2001315c   Section      400  task_manager.o(.bss)
    .bss                                     0x200132ec   Section       20  test_task.o(.bss)
    .bss                                     0x20013300   Section      766  frame.o(.bss)
    .bss                                     0x20013600   Section      188  can.o(.bss)
    .bss                                     0x200136bc   Section       84  dbus.o(.bss)
    STACK                                    0x20013710   Section     1024  startup_stm32f427_437xx.o(STACK)

    Global Symbols

    Symbol Name                              Value     Ov Type        Size  Object(Section)

    BuildAttributes$$THM_ISAv4$E$P$D$K$B$S$7EM$VFPi3$EXTD16$VFPS$VFMA$PE$A:L22UL41UL21$X:L11$S22US41US21$IEEE1$IW$USESV6$~STKCKD$USESV7$~SHL$OTIME$ROPI$IEEEX$EBA8$MICROLIB$REQ8$PRES8$EABIv2 0x00000000   Number         0  anon$$obj.o ABSOLUTE
    __ARM_use_no_argv                        0x00000000   Number         0  main.o ABSOLUTE
    __cpp_initialize__aeabi_                  - Undefined Weak Reference
    __cxa_finalize                            - Undefined Weak Reference
    __decompress                              - Undefined Weak Reference
    _clock_init                               - Undefined Weak Reference
    _microlib_exit                            - Undefined Weak Reference
    __Vectors_Size                           0x000001ac   Number         0  startup_stm32f427_437xx.o ABSOLUTE
    __Vectors                                0x08000000   Data           4  startup_stm32f427_437xx.o(RESET)
    __Vectors_End                            0x080001ac   Data           0  startup_stm32f427_437xx.o(RESET)
    __main                                   0x080001ad   Thumb Code     0  entry.o(.ARM.Collect$$$$00000000)
    _main_stk                                0x080001ad   Thumb Code     0  entry2.o(.ARM.Collect$$$$00000001)
    _main_scatterload                        0x080001b1   Thumb Code     0  entry5.o(.ARM.Collect$$$$00000004)
    __main_after_scatterload                 0x080001b5   Thumb Code     0  entry5.o(.ARM.Collect$$$$00000004)
    _main_clock                              0x080001b5   Thumb Code     0  entry7b.o(.ARM.Collect$$$$00000008)
    _main_cpp_init                           0x080001b5   Thumb Code     0  entry8b.o(.ARM.Collect$$$$0000000A)
    _main_init                               0x080001b5   Thumb Code     0  entry9a.o(.ARM.Collect$$$$0000000B)
    __rt_final_cpp                           0x080001bd   Thumb Code     0  entry10a.o(.ARM.Collect$$$$0000000D)
    __rt_final_exit                          0x080001bd   Thumb Code     0  entry11a.o(.ARM.Collect$$$$0000000F)
    SVC_Handler                              0x080001c1   Thumb Code    28  port.o(.emb_text)
    __asm___6_port_c_39a90d8d__prvStartFirstTask 0x080001e1   Thumb Code    36  port.o(.emb_text)
    __asm___6_port_c_39a90d8d__prvEnableVFP  0x08000209   Thumb Code    16  port.o(.emb_text)
    PendSV_Handler                           0x0800021d   Thumb Code    88  port.o(.emb_text)
    vPortGetIPSR                             0x08000279   Thumb Code     6  port.o(.emb_text)
    Reset_Handler                            0x08000281   Thumb Code     8  startup_stm32f427_437xx.o(.text)
    ADC_IRQHandler                           0x0800029b   Thumb Code     0  startup_stm32f427_437xx.o(.text)
    CAN1_RX1_IRQHandler                      0x0800029b   Thumb Code     0  startup_stm32f427_437xx.o(.text)
    CAN1_SCE_IRQHandler                      0x0800029b   Thumb Code     0  startup_stm32f427_437xx.o(.text)
    CAN1_TX_IRQHandler                       0x0800029b   Thumb Code     0  startup_stm32f427_437xx.o(.text)
    CAN2_RX0_IRQHandler                      0x0800029b   Thumb Code     0  startup_stm32f427_437xx.o(.text)
    CAN2_RX1_IRQHandler                      0x0800029b   Thumb Code     0  startup_stm32f427_437xx.o(.text)
    CAN2_SCE_IRQHandler                      0x0800029b   Thumb Code     0  startup_stm32f427_437xx.o(.text)
    CAN2_TX_IRQHandler                       0x0800029b   Thumb Code     0  startup_stm32f427_437xx.o(.text)
    CRYP_IRQHandler                          0x0800029b   Thumb Code     0  startup_stm32f427_437xx.o(.text)
    DCMI_IRQHandler                          0x0800029b   Thumb Code     0  startup_stm32f427_437xx.o(.text)
    DMA1_Stream0_IRQHandler                  0x0800029b   Thumb Code     0  startup_stm32f427_437xx.o(.text)
    DMA1_Stream1_IRQHandler                  0x0800029b   Thumb Code     0  startup_stm32f427_437xx.o(.text)
    DMA1_Stream2_IRQHandler                  0x0800029b   Thumb Code     0  startup_stm32f427_437xx.o(.text)
    DMA1_Stream3_IRQHandler                  0x0800029b   Thumb Code     0  startup_stm32f427_437xx.o(.text)
    DMA1_Stream4_IRQHandler                  0x0800029b   Thumb Code     0  startup_stm32f427_437xx.o(.text)
    DMA1_Stream5_IRQHandler                  0x0800029b   Thumb Code     0  startup_stm32f427_437xx.o(.text)
    DMA1_Stream6_IRQHandler                  0x0800029b   Thumb Code     0  startup_stm32f427_437xx.o(.text)
    DMA1_Stream7_IRQHandler                  0x0800029b   Thumb Code     0  startup_stm32f427_437xx.o(.text)
    DMA2D_IRQHandler                         0x0800029b   Thumb Code     0  startup_stm32f427_437xx.o(.text)
    DMA2_Stream0_IRQHandler                  0x0800029b   Thumb Code     0  startup_stm32f427_437xx.o(.text)
    DMA2_Stream1_IRQHandler                  0x0800029b   Thumb Code     0  startup_stm32f427_437xx.o(.text)
    DMA2_Stream2_IRQHandler                  0x0800029b   Thumb Code     0  startup_stm32f427_437xx.o(.text)
    DMA2_Stream3_IRQHandler                  0x0800029b   Thumb Code     0  startup_stm32f427_437xx.o(.text)
    DMA2_Stream4_IRQHandler                  0x0800029b   Thumb Code     0  startup_stm32f427_437xx.o(.text)
    DMA2_Stream5_IRQHandler                  0x0800029b   Thumb Code     0  startup_stm32f427_437xx.o(.text)
    DMA2_Stream6_IRQHandler                  0x0800029b   Thumb Code     0  startup_stm32f427_437xx.o(.text)
    DMA2_Stream7_IRQHandler                  0x0800029b   Thumb Code     0  startup_stm32f427_437xx.o(.text)
    ETH_IRQHandler                           0x0800029b   Thumb Code     0  startup_stm32f427_437xx.o(.text)
    ETH_WKUP_IRQHandler                      0x0800029b   Thumb Code     0  startup_stm32f427_437xx.o(.text)
    EXTI0_IRQHandler                         0x0800029b   Thumb Code     0  startup_stm32f427_437xx.o(.text)
    EXTI15_10_IRQHandler                     0x0800029b   Thumb Code     0  startup_stm32f427_437xx.o(.text)
    EXTI1_IRQHandler                         0x0800029b   Thumb Code     0  startup_stm32f427_437xx.o(.text)
    EXTI2_IRQHandler                         0x0800029b   Thumb Code     0  startup_stm32f427_437xx.o(.text)
    EXTI3_IRQHandler                         0x0800029b   Thumb Code     0  startup_stm32f427_437xx.o(.text)
    EXTI4_IRQHandler                         0x0800029b   Thumb Code     0  startup_stm32f427_437xx.o(.text)
    EXTI9_5_IRQHandler                       0x0800029b   Thumb Code     0  startup_stm32f427_437xx.o(.text)
    FLASH_IRQHandler                         0x0800029b   Thumb Code     0  startup_stm32f427_437xx.o(.text)
    FMC_IRQHandler                           0x0800029b   Thumb Code     0  startup_stm32f427_437xx.o(.text)
    FPU_IRQHandler                           0x0800029b   Thumb Code     0  startup_stm32f427_437xx.o(.text)
    HASH_RNG_IRQHandler                      0x0800029b   Thumb Code     0  startup_stm32f427_437xx.o(.text)
    I2C1_ER_IRQHandler                       0x0800029b   Thumb Code     0  startup_stm32f427_437xx.o(.text)
    I2C1_EV_IRQHandler                       0x0800029b   Thumb Code     0  startup_stm32f427_437xx.o(.text)
    I2C2_ER_IRQHandler                       0x0800029b   Thumb Code     0  startup_stm32f427_437xx.o(.text)
    I2C2_EV_IRQHandler                       0x0800029b   Thumb Code     0  startup_stm32f427_437xx.o(.text)
    I2C3_ER_IRQHandler                       0x0800029b   Thumb Code     0  startup_stm32f427_437xx.o(.text)
    I2C3_EV_IRQHandler                       0x0800029b   Thumb Code     0  startup_stm32f427_437xx.o(.text)
    OTG_FS_IRQHandler                        0x0800029b   Thumb Code     0  startup_stm32f427_437xx.o(.text)
    OTG_FS_WKUP_IRQHandler                   0x0800029b   Thumb Code     0  startup_stm32f427_437xx.o(.text)
    OTG_HS_EP1_IN_IRQHandler                 0x0800029b   Thumb Code     0  startup_stm32f427_437xx.o(.text)
    OTG_HS_EP1_OUT_IRQHandler                0x0800029b   Thumb Code     0  startup_stm32f427_437xx.o(.text)
    OTG_HS_IRQHandler                        0x0800029b   Thumb Code     0  startup_stm32f427_437xx.o(.text)
    OTG_HS_WKUP_IRQHandler                   0x0800029b   Thumb Code     0  startup_stm32f427_437xx.o(.text)
    PVD_IRQHandler                           0x0800029b   Thumb Code     0  startup_stm32f427_437xx.o(.text)
    RCC_IRQHandler                           0x0800029b   Thumb Code     0  startup_stm32f427_437xx.o(.text)
    RTC_Alarm_IRQHandler                     0x0800029b   Thumb Code     0  startup_stm32f427_437xx.o(.text)
    RTC_WKUP_IRQHandler                      0x0800029b   Thumb Code     0  startup_stm32f427_437xx.o(.text)
    SAI1_IRQHandler                          0x0800029b   Thumb Code     0  startup_stm32f427_437xx.o(.text)
    SDIO_IRQHandler                          0x0800029b   Thumb Code     0  startup_stm32f427_437xx.o(.text)
    SPI1_IRQHandler                          0x0800029b   Thumb Code     0  startup_stm32f427_437xx.o(.text)
    SPI2_IRQHandler                          0x0800029b   Thumb Code     0  startup_stm32f427_437xx.o(.text)
    SPI3_IRQHandler                          0x0800029b   Thumb Code     0  startup_stm32f427_437xx.o(.text)
    SPI4_IRQHandler                          0x0800029b   Thumb Code     0  startup_stm32f427_437xx.o(.text)
    SPI5_IRQHandler                          0x0800029b   Thumb Code     0  startup_stm32f427_437xx.o(.text)
    SPI6_IRQHandler                          0x0800029b   Thumb Code     0  startup_stm32f427_437xx.o(.text)
    TAMP_STAMP_IRQHandler                    0x0800029b   Thumb Code     0  startup_stm32f427_437xx.o(.text)
    TIM1_BRK_TIM9_IRQHandler                 0x0800029b   Thumb Code     0  startup_stm32f427_437xx.o(.text)
    TIM1_CC_IRQHandler                       0x0800029b   Thumb Code     0  startup_stm32f427_437xx.o(.text)
    TIM1_TRG_COM_TIM11_IRQHandler            0x0800029b   Thumb Code     0  startup_stm32f427_437xx.o(.text)
    TIM1_UP_TIM10_IRQHandler                 0x0800029b   Thumb Code     0  startup_stm32f427_437xx.o(.text)
    TIM2_IRQHandler                          0x0800029b   Thumb Code     0  startup_stm32f427_437xx.o(.text)
    TIM3_IRQHandler                          0x0800029b   Thumb Code     0  startup_stm32f427_437xx.o(.text)
    TIM4_IRQHandler                          0x0800029b   Thumb Code     0  startup_stm32f427_437xx.o(.text)
    TIM5_IRQHandler                          0x0800029b   Thumb Code     0  startup_stm32f427_437xx.o(.text)
    TIM6_DAC_IRQHandler                      0x0800029b   Thumb Code     0  startup_stm32f427_437xx.o(.text)
    TIM7_IRQHandler                          0x0800029b   Thumb Code     0  startup_stm32f427_437xx.o(.text)
    TIM8_BRK_TIM12_IRQHandler                0x0800029b   Thumb Code     0  startup_stm32f427_437xx.o(.text)
    TIM8_CC_IRQHandler                       0x0800029b   Thumb Code     0  startup_stm32f427_437xx.o(.text)
    TIM8_TRG_COM_TIM14_IRQHandler            0x0800029b   Thumb Code     0  startup_stm32f427_437xx.o(.text)
    TIM8_UP_TIM13_IRQHandler                 0x0800029b   Thumb Code     0  startup_stm32f427_437xx.o(.text)
    UART4_IRQHandler                         0x0800029b   Thumb Code     0  startup_stm32f427_437xx.o(.text)
    UART5_IRQHandler                         0x0800029b   Thumb Code     0  startup_stm32f427_437xx.o(.text)
    UART7_IRQHandler                         0x0800029b   Thumb Code     0  startup_stm32f427_437xx.o(.text)
    UART8_IRQHandler                         0x0800029b   Thumb Code     0  startup_stm32f427_437xx.o(.text)
    USART2_IRQHandler                        0x0800029b   Thumb Code     0  startup_stm32f427_437xx.o(.text)
    USART3_IRQHandler                        0x0800029b   Thumb Code     0  startup_stm32f427_437xx.o(.text)
    WWDG_IRQHandler                          0x0800029b   Thumb Code     0  startup_stm32f427_437xx.o(.text)
    __aeabi_memcpy                           0x080002a5   Thumb Code    36  memcpya.o(.text)
    __aeabi_memcpy4                          0x080002a5   Thumb Code     0  memcpya.o(.text)
    __aeabi_memcpy8                          0x080002a5   Thumb Code     0  memcpya.o(.text)
    __aeabi_memset                           0x080002c9   Thumb Code    14  memseta.o(.text)
    __aeabi_memset4                          0x080002c9   Thumb Code     0  memseta.o(.text)
    __aeabi_memset8                          0x080002c9   Thumb Code     0  memseta.o(.text)
    __aeabi_memclr                           0x080002d7   Thumb Code     4  memseta.o(.text)
    __aeabi_memclr4                          0x080002d7   Thumb Code     0  memseta.o(.text)
    __aeabi_memclr8                          0x080002d7   Thumb Code     0  memseta.o(.text)
    memset                                   0x080002db   Thumb Code    18  memseta.o(.text)
    __aeabi_ddiv                             0x080002ed   Thumb Code   222  ddiv.o(.text)
    __aeabi_i2d                              0x080003cb   Thumb Code    34  dflti.o(.text)
    __aeabi_d2uiz                            0x080003ed   Thumb Code    50  dfixui.o(.text)
    __aeabi_llsr                             0x0800041f   Thumb Code    32  llushr.o(.text)
    _ll_ushift_r                             0x0800041f   Thumb Code     0  llushr.o(.text)
    __I$use$fp                               0x0800043f   Thumb Code     0  iusefp.o(.text)
    _double_round                            0x0800043f   Thumb Code    30  depilogue.o(.text)
    _double_epilogue                         0x0800045d   Thumb Code   156  depilogue.o(.text)
    __aeabi_dadd                             0x080004f9   Thumb Code   322  dadd.o(.text)
    __aeabi_dsub                             0x0800063b   Thumb Code     6  dadd.o(.text)
    __aeabi_drsub                            0x08000641   Thumb Code     6  dadd.o(.text)
    __aeabi_dmul                             0x08000647   Thumb Code   228  dmul.o(.text)
    __ARM_scalbn                             0x0800072b   Thumb Code    46  dscalb.o(.text)
    scalbn                                   0x0800072b   Thumb Code     0  dscalb.o(.text)
    __aeabi_cdrcmple                         0x08000759   Thumb Code    48  cdrcmple.o(.text)
    __scatterload                            0x08000789   Thumb Code    28  init.o(.text)
    __scatterload_rt2                        0x08000789   Thumb Code     0  init.o(.text)
    __aeabi_llsl                             0x080007ad   Thumb Code    30  llshl.o(.text)
    _ll_shift_l                              0x080007ad   Thumb Code     0  llshl.o(.text)
    __aeabi_lasr                             0x080007cb   Thumb Code    36  llsshr.o(.text)
    _ll_sshift_r                             0x080007cb   Thumb Code     0  llsshr.o(.text)
    _dsqrt                                   0x080007ef   Thumb Code   162  dsqrt.o(.text)
    AddInitFunction                          0x08000891   Thumb Code    54  task_manager.o(i.AddInitFunction)
    BusFault_Handler                         0x080008d1   Thumb Code     4  stm32f4xx_it.o(i.BusFault_Handler)
    CAN1_RX0_IRQHandler                      0x080008d5   Thumb Code   128  can.o(i.CAN1_RX0_IRQHandler)
    CAN_ClearFlag                            0x08000969   Thumb Code    52  stm32f4xx_can.o(i.CAN_ClearFlag)
    CAN_ClearITPendingBit                    0x080009a1   Thumb Code   162  stm32f4xx_can.o(i.CAN_ClearITPendingBit)
    CAN_GetITStatus                          0x08000a49   Thumb Code   284  stm32f4xx_can.o(i.CAN_GetITStatus)
    CAN_Receive                              0x08000b69   Thumb Code   240  stm32f4xx_can.o(i.CAN_Receive)
    DMA_Cmd                                  0x08000c6b   Thumb Code    22  stm32f4xx_dma.o(i.DMA_Cmd)
    DMA_GetCurrDataCounter                   0x08000c81   Thumb Code     8  stm32f4xx_dma.o(i.DMA_GetCurrDataCounter)
    DMA_GetCurrentMemoryTarget               0x08000c89   Thumb Code    20  stm32f4xx_dma.o(i.DMA_GetCurrentMemoryTarget)
    DebugMon_Handler                         0x08000c9d   Thumb Code     2  stm32f4xx_it.o(i.DebugMon_Handler)
    GPIO_Init                                0x08000c9f   Thumb Code   144  stm32f4xx_gpio.o(i.GPIO_Init)
    GPIO_ResetBits                           0x08000d2f   Thumb Code     4  stm32f4xx_gpio.o(i.GPIO_ResetBits)
    GPIO_SetBits                             0x08000d33   Thumb Code     4  stm32f4xx_gpio.o(i.GPIO_SetBits)
    HardFault_Handler                        0x08000d37   Thumb Code     4  stm32f4xx_it.o(i.HardFault_Handler)
    InitAll                                  0x08000d3b   Thumb Code    22  frame.o(i.InitAll)
    MemManage_Handler                        0x08000d51   Thumb Code     4  stm32f4xx_it.o(i.MemManage_Handler)
    NMI_Handler                              0x08000d55   Thumb Code     2  stm32f4xx_it.o(i.NMI_Handler)
    PROTOCOL_RX_IRQ                          0x08000d57   Thumb Code    22  bsp_protocol_1.o(i.PROTOCOL_RX_IRQ)
    RCC_AHB1PeriphClockCmd                   0x08000d6d   Thumb Code    26  stm32f4xx_rcc.o(i.RCC_AHB1PeriphClockCmd)
    RemoteDataProcess                        0x08000d8d   Thumb Code   168  dbus.o(i.RemoteDataProcess)
    SysTick_CLKSourceConfig                  0x08000f5d   Thumb Code    40  misc.o(i.SysTick_CLKSourceConfig)
    SysTick_Handler                          0x08000f85   Thumb Code    16  delay.o(i.SysTick_Handler)
    SystemInit                               0x08000f95   Thumb Code    88  system_stm32f4xx.o(i.SystemInit)
    TaskInit                                 0x08000ffd   Thumb Code    32  task_manager.o(i.TaskInit)
    USART1_IRQHandler                        0x08001031   Thumb Code   166  dbus.o(i.USART1_IRQHandler)
    USART6_IRQHandler                        0x080010e9   Thumb Code    54  bmi_task.o(i.USART6_IRQHandler)
    USART_ClearFlag                          0x08001129   Thumb Code    18  stm32f4xx_usart.o(i.USART_ClearFlag)
    USART_ClearITPendingBit                  0x0800113b   Thumb Code    30  stm32f4xx_usart.o(i.USART_ClearITPendingBit)
    USART_GetITStatus                        0x08001159   Thumb Code    84  stm32f4xx_usart.o(i.USART_GetITStatus)
    USART_ReceiveData                        0x080011ad   Thumb Code    10  stm32f4xx_usart.o(i.USART_ReceiveData)
    UsageFault_Handler                       0x080011b7   Thumb Code     4  stm32f4xx_it.o(i.UsageFault_Handler)
    __ARM_fpclassify                         0x080011bb   Thumb Code    48  fpclassify.o(i.__ARM_fpclassify)
    __hardfp_pow                             0x080011f1   Thumb Code  3072  pow.o(i.__hardfp_pow)
    __kernel_poly                            0x08001e41   Thumb Code   248  poly.o(i.__kernel_poly)
    __mathlib_dbl_divzero                    0x08001f39   Thumb Code    28  dunder.o(i.__mathlib_dbl_divzero)
    __mathlib_dbl_infnan2                    0x08001f69   Thumb Code    20  dunder.o(i.__mathlib_dbl_infnan2)
    __mathlib_dbl_invalid                    0x08001f81   Thumb Code    24  dunder.o(i.__mathlib_dbl_invalid)
    __mathlib_dbl_overflow                   0x08001fa1   Thumb Code    24  dunder.o(i.__mathlib_dbl_overflow)
    __mathlib_dbl_underflow                  0x08001fc1   Thumb Code    24  dunder.o(i.__mathlib_dbl_underflow)
    __scatterload_copy                       0x08001fe1   Thumb Code    14  handlers.o(i.__scatterload_copy)
    __scatterload_null                       0x08001fef   Thumb Code     2  handlers.o(i.__scatterload_null)
    __scatterload_zeroinit                   0x08001ff1   Thumb Code    14  handlers.o(i.__scatterload_zeroinit)
    __set_errno                              0x08002001   Thumb Code     6  errno.o(i.__set_errno)
    debug                                    0x0800200d   Thumb Code    54  frame.o(i.debug)
    delay_init                               0x0800204d   Thumb Code    58  delay.o(i.delay_init)
    fabs                                     0x08002091   Thumb Code    24  fabs.o(i.fabs)
    frame_task                               0x080020a9   Thumb Code    42  frame.o(i.frame_task)
    frame_task_PidDebug                      0x080020e1   Thumb Code     2  frame.o(i.frame_task_PidDebug)
    frame_task_init                          0x080020e5   Thumb Code    42  frame.o(i.frame_task_init)
    ledX_Clear                               0x0800212d   Thumb Code    24  led.o(i.ledX_Clear)
    ledX_Off                                 0x0800214d   Thumb Code   106  led.o(i.ledX_Off)
    ledX_On                                  0x080021c9   Thumb Code    12  led.o(i.ledX_On)
    ledX_init                                0x080021d5   Thumb Code   100  led.o(i.ledX_init)
    ledX_light                               0x08002241   Thumb Code   106  led.o(i.ledX_light)
    main                                     0x080022bd   Thumb Code     8  main.o(i.main)
    moto_infomation_process                  0x080022c5   Thumb Code   232  can.o(i.moto_infomation_process)
    protocol_rx_irq_usart6                   0x080023bd   Thumb Code    30  bmi_task.o(i.protocol_rx_irq_usart6)
    pvPortMalloc                             0x08002dad   Thumb Code   296  heap_4.o(i.pvPortMalloc)
    pxPortInitialiseStack                    0x08002ee9   Thumb Code    38  port.o(i.pxPortInitialiseStack)
    sqrt                                     0x08002f15   Thumb Code   110  sqrt.o(i.sqrt)
    start_task                               0x08002f85   Thumb Code    80  task_manager.o(i.start_task)
    test_task                                0x08002fe1   Thumb Code    56  test_task.o(i.test_task)
    test_task_Init                           0x08003025   Thumb Code    42  test_task.o(i.test_task_Init)
    test_task_PidDebug                       0x0800306d   Thumb Code     2  test_task.o(i.test_task_PidDebug)
    uxListRemove                             0x0800306f   Thumb Code    40  list.o(i.uxListRemove)
    vListInitialise                          0x08003097   Thumb Code    26  list.o(i.vListInitialise)
    vListInitialiseItem                      0x080030b1   Thumb Code     6  list.o(i.vListInitialiseItem)
    vListInsert                              0x080030b7   Thumb Code    52  list.o(i.vListInsert)
    vListInsertEnd                           0x080030eb   Thumb Code    24  list.o(i.vListInsertEnd)
    vPortEnterCritical                       0x08003105   Thumb Code    76  port.o(i.vPortEnterCritical)
    vPortExitCritical                        0x08003159   Thumb Code    56  port.o(i.vPortExitCritical)
    vPortFree                                0x08003195   Thumb Code   140  heap_4.o(i.vPortFree)
    vPortSetupTimerInterrupt                 0x08003229   Thumb Code    36  port.o(i.vPortSetupTimerInterrupt)
    vPortValidateInterruptPriority           0x08003251   Thumb Code   106  port.o(i.vPortValidateInterruptPriority)
    vQueueAddToRegistry                      0x080032c9   Thumb Code    38  queue.o(i.vQueueAddToRegistry)
    vQueueWaitForMessageRestricted           0x080032f5   Thumb Code    74  queue.o(i.vQueueWaitForMessageRestricted)
    vTaskDelay                               0x08003341   Thumb Code    82  tasks.o(i.vTaskDelay)
    vTaskDelete                              0x0800339d   Thumb Code   202  tasks.o(i.vTaskDelete)
    vTaskInternalSetTimeOutState             0x08003491   Thumb Code    14  tasks.o(i.vTaskInternalSetTimeOutState)
    vTaskMissedYield                         0x080034a9   Thumb Code     8  tasks.o(i.vTaskMissedYield)
    vTaskPlaceOnEventList                    0x080034b5   Thumb Code    52  tasks.o(i.vTaskPlaceOnEventList)
    vTaskPlaceOnEventListRestricted          0x080034ed   Thumb Code    60  tasks.o(i.vTaskPlaceOnEventListRestricted)
    vTaskStartScheduler                      0x0800352d   Thumb Code   118  tasks.o(i.vTaskStartScheduler)
    vTaskSuspendAll                          0x080035c1   Thumb Code    12  tasks.o(i.vTaskSuspendAll)
    vTaskSwitchContext                       0x080035d1   Thumb Code   118  tasks.o(i.vTaskSwitchContext)
    xPortStartScheduler                      0x0800365d   Thumb Code   330  port.o(i.xPortStartScheduler)
    xPortSysTickHandler                      0x080037c5   Thumb Code    46  port.o(i.xPortSysTickHandler)
    xQueueGenericCreate                      0x080037f9   Thumb Code    90  queue.o(i.xQueueGenericCreate)
    xQueueGenericReset                       0x08003855   Thumb Code   146  queue.o(i.xQueueGenericReset)
    xQueueGenericSend                        0x080038ed   Thumb Code   420  queue.o(i.xQueueGenericSend)
    xQueueGenericSendFromISR                 0x08003a95   Thumb Code   248  queue.o(i.xQueueGenericSendFromISR)
    xQueueReceive                            0x08003b8d   Thumb Code   356  queue.o(i.xQueueReceive)
    xTaskCheckForTimeOut                     0x08003cf5   Thumb Code   132  tasks.o(i.xTaskCheckForTimeOut)
    xTaskCreate                              0x08003d81   Thumb Code    96  tasks.o(i.xTaskCreate)
    xTaskGetSchedulerState                   0x08003de1   Thumb Code    24  tasks.o(i.xTaskGetSchedulerState)
    xTaskGetTickCount                        0x08003e01   Thumb Code     6  tasks.o(i.xTaskGetTickCount)
    xTaskIncrementTick                       0x08003e0d   Thumb Code   282  tasks.o(i.xTaskIncrementTick)
    xTaskPriorityDisinherit                  0x08003f55   Thumb Code   188  tasks.o(i.xTaskPriorityDisinherit)
    xTaskRemoveFromEventList                 0x0800401d   Thumb Code   128  tasks.o(i.xTaskRemoveFromEventList)
    xTaskResumeAll                           0x080040b5   Thumb Code   224  tasks.o(i.xTaskResumeAll)
    xTimerCreateTimerTask                    0x080041b9   Thumb Code    66  timers.o(i.xTimerCreateTimerTask)
    xTimerGenericCommand                     0x08004211   Thumb Code   126  timers.o(i.xTimerGenericCommand)
    __mathlib_zero                           0x08004320   Data           8  qnan.o(.constdata)
    Region$$Table$$Base                      0x08004328   Number         0  anon$$obj.o(Region$$Table)
    Region$$Table$$Limit                     0x08004348   Number         0  anon$$obj.o(Region$$Table)
    pxCurrentTCB                             0x20000000   Data           4  tasks.o(.data)
    SystemCoreClock                          0x20000074   Data           4  system_stm32f4xx.o(.data)
    AHBPrescTable                            0x20000078   Data          16  system_stm32f4xx.o(.data)
    Res                                      0x20000088   Data           1  bmi_task.o(.data)
    usart6_rx_pos                            0x2000008a   Data           2  bmi_task.o(.data)
    rx_it_3                                  0x2000008c   Data           2  bmi_task.o(.data)
    flag_imu                                 0x2000008e   Data           2  bmi_task.o(.data)
    coefficients                             0x20000090   Data          12  bmi_task.o(.data)
    Start_Task_Handler                       0x200000a0   Data           4  task_manager.o(.data)
    test_Task_Handler                        0x200000a4   Data           4  task_manager.o(.data)
    pidInitParams                            0x200000a8   Data           8  task_manager.o(.data)
    MaxNum                                   0x200000b0   Data           4  task_manager.o(.data)
    test_task_handle                         0x200000b4   Data           4  test_task.o(.data)
    frame_task_handle                        0x200000bc   Data           4  frame.o(.data)
    maxNum                                   0x200000c0   Data           4  frame.o(.data)
    debugIndex                               0x200000c4   Data           4  frame.o(.data)
    dbus_filltor                             0x200000cc   Data           8  dbus.o(.data)
    xQueueRegistry                           0x200000dc   Data          64  queue.o(.bss)
    usart6_rx_buf                            0x20013028   Data         100  bmi_task.o(.bss)
    imu_rx_data                              0x2001308c   Data          80  bmi_task.o(.bss)
    s                                        0x200130dc   Data          40  bmi_task.o(.bss)
    pid                                      0x20013104   Data          76  bmi_task.o(.bss)
    dataThisFrame                            0x20013150   Data          12  bmi_task.o(.bss)
    taskInitArray                            0x2001315c   Data         400  task_manager.o(.bss)
    testTaskInit                             0x200132ec   Data          20  test_task.o(.bss)
    DataCollection                           0x20013300   Data         268  frame.o(.bss)
    DataCollection_lastFrame                 0x2001340c   Data         268  frame.o(.bss)
    Filltors                                 0x20013518   Data         160  frame.o(.bss)
    frameTaskInit                            0x200135b8   Data          20  frame.o(.bss)
    logs                                     0x200135cc   Data          50  frame.o(.bss)
    moto_chassis_info                        0x20013600   Data         112  can.o(.bss)
    moto_m6020_info                          0x20013670   Data          56  can.o(.bss)
    RxMessage                                0x200136a8   Data          20  can.o(.bss)
    USART1_RX_BUF                            0x200136bc   Data          38  dbus.o(.bss)
    RC_CtrlData                              0x200136e2   Data          20  dbus.o(.bss)
    Dbus_ControlData                         0x200136f8   Data          24  dbus.o(.bss)
    __initial_sp                             0x20013b10   Data           0  startup_stm32f427_437xx.o(STACK)



==============================================================================

Memory Map of the image

  Image Entry point : 0x080001ad

  Load Region LR_IROM1 (Base: 0x08000000, Size: 0x00004424, Max: 0x00200000, ABSOLUTE)

    Execution Region ER_IROM1 (Exec base: 0x08000000, Load base: 0x08000000, Size: 0x00004348, Max: 0x00200000, ABSOLUTE)

    Exec Addr    Load Addr    Size         Type   Attr      Idx    E Section Name        Object

    0x08000000   0x08000000   0x000001ac   Data   RO            3    RESET               startup_stm32f427_437xx.o
    0x080001ac   0x080001ac   0x00000000   Code   RO         7389  * .ARM.Collect$$$$00000000  mc_w.l(entry.o)
    0x080001ac   0x080001ac   0x00000004   Code   RO         7445    .ARM.Collect$$$$00000001  mc_w.l(entry2.o)
    0x080001b0   0x080001b0   0x00000004   Code   RO         7448    .ARM.Collect$$$$00000004  mc_w.l(entry5.o)
    0x080001b4   0x080001b4   0x00000000   Code   RO         7450    .ARM.Collect$$$$00000008  mc_w.l(entry7b.o)
    0x080001b4   0x080001b4   0x00000000   Code   RO         7452    .ARM.Collect$$$$0000000A  mc_w.l(entry8b.o)
    0x080001b4   0x080001b4   0x00000008   Code   RO         7453    .ARM.Collect$$$$0000000B  mc_w.l(entry9a.o)
    0x080001bc   0x080001bc   0x00000000   Code   RO         7455    .ARM.Collect$$$$0000000D  mc_w.l(entry10a.o)
    0x080001bc   0x080001bc   0x00000000   Code   RO         7457    .ARM.Collect$$$$0000000F  mc_w.l(entry11a.o)
    0x080001bc   0x080001bc   0x00000004   Code   RO         7446    .ARM.Collect$$$$00002712  mc_w.l(entry2.o)
    0x080001c0   0x080001c0   0x000000be   Code   RO         1136    .emb_text           port.o
    0x0800027e   0x0800027e   0x00000002   PAD
    0x08000280   0x08000280   0x00000024   Code   RO            4    .text               startup_stm32f427_437xx.o
    0x080002a4   0x080002a4   0x00000024   Code   RO         7392    .text               mc_w.l(memcpya.o)
    0x080002c8   0x080002c8   0x00000024   Code   RO         7396    .text               mc_w.l(memseta.o)
    0x080002ec   0x080002ec   0x000000de   Code   RO         7400    .text               mf_w.l(ddiv.o)
    0x080003ca   0x080003ca   0x00000022   Code   RO         7402    .text               mf_w.l(dflti.o)
    0x080003ec   0x080003ec   0x00000032   Code   RO         7404    .text               mf_w.l(dfixui.o)
    0x0800041e   0x0800041e   0x00000020   Code   RO         7459    .text               mc_w.l(llushr.o)
    0x0800043e   0x0800043e   0x00000000   Code   RO         7468    .text               mc_w.l(iusefp.o)
    0x0800043e   0x0800043e   0x000000ba   Code   RO         7471    .text               mf_w.l(depilogue.o)
    0x080004f8   0x080004f8   0x0000014e   Code   RO         7473    .text               mf_w.l(dadd.o)
    0x08000646   0x08000646   0x000000e4   Code   RO         7475    .text               mf_w.l(dmul.o)
    0x0800072a   0x0800072a   0x0000002e   Code   RO         7479    .text               mf_w.l(dscalb.o)
    0x08000758   0x08000758   0x00000030   Code   RO         7481    .text               mf_w.l(cdrcmple.o)
    0x08000788   0x08000788   0x00000024   Code   RO         7483    .text               mc_w.l(init.o)
    0x080007ac   0x080007ac   0x0000001e   Code   RO         7485    .text               mc_w.l(llshl.o)
    0x080007ca   0x080007ca   0x00000024   Code   RO         7487    .text               mc_w.l(llsshr.o)
    0x080007ee   0x080007ee   0x000000a2   Code   RO         7489    .text               mf_w.l(dsqrt.o)
    0x08000890   0x08000890   0x00000040   Code   RO         6635    i.AddInitFunction   task_manager.o
    0x080008d0   0x080008d0   0x00000004   Code   RO         6477    i.BusFault_Handler  stm32f4xx_it.o
    0x080008d4   0x080008d4   0x00000094   Code   RO         6881    i.CAN1_RX0_IRQHandler  can.o
    0x08000968   0x08000968   0x00000038   Code   RO         1618    i.CAN_ClearFlag     stm32f4xx_can.o
    0x080009a0   0x080009a0   0x000000a8   Code   RO         1619    i.CAN_ClearITPendingBit  stm32f4xx_can.o
    0x08000a48   0x08000a48   0x00000120   Code   RO         1625    i.CAN_GetITStatus   stm32f4xx_can.o
    0x08000b68   0x08000b68   0x000000f0   Code   RO         1633    i.CAN_Receive       stm32f4xx_can.o
    0x08000c58   0x08000c58   0x00000012   Code   RO         1641    i.CheckITStatus     stm32f4xx_can.o
    0x08000c6a   0x08000c6a   0x00000016   Code   RO         2398    i.DMA_Cmd           stm32f4xx_dma.o
    0x08000c80   0x08000c80   0x00000008   Code   RO         2404    i.DMA_GetCurrDataCounter  stm32f4xx_dma.o
    0x08000c88   0x08000c88   0x00000014   Code   RO         2405    i.DMA_GetCurrentMemoryTarget  stm32f4xx_dma.o
    0x08000c9c   0x08000c9c   0x00000002   Code   RO         6478    i.DebugMon_Handler  stm32f4xx_it.o
    0x08000c9e   0x08000c9e   0x00000090   Code   RO         3243    i.GPIO_Init         stm32f4xx_gpio.o
    0x08000d2e   0x08000d2e   0x00000004   Code   RO         3250    i.GPIO_ResetBits    stm32f4xx_gpio.o
    0x08000d32   0x08000d32   0x00000004   Code   RO         3251    i.GPIO_SetBits      stm32f4xx_gpio.o
    0x08000d36   0x08000d36   0x00000004   Code   RO         6479    i.HardFault_Handler  stm32f4xx_it.o
    0x08000d3a   0x08000d3a   0x00000016   Code   RO         6797    i.InitAll           frame.o
    0x08000d50   0x08000d50   0x00000004   Code   RO         6480    i.MemManage_Handler  stm32f4xx_it.o
    0x08000d54   0x08000d54   0x00000002   Code   RO         6481    i.NMI_Handler       stm32f4xx_it.o
    0x08000d56   0x08000d56   0x00000016   Code   RO         7315    i.PROTOCOL_RX_IRQ   bsp_protocol_1.o
    0x08000d6c   0x08000d6c   0x00000020   Code   RO         4181    i.RCC_AHB1PeriphClockCmd  stm32f4xx_rcc.o
    0x08000d8c   0x08000d8c   0x000000b0   Code   RO         6961    i.RemoteDataProcess  dbus.o
    0x08000e3c   0x08000e3c   0x00000120   Code   RO         6534    i.SetSysClock       system_stm32f4xx.o
    0x08000f5c   0x08000f5c   0x00000028   Code   RO         1220    i.SysTick_CLKSourceConfig  misc.o
    0x08000f84   0x08000f84   0x00000010   Code   RO         6724    i.SysTick_Handler   delay.o
    0x08000f94   0x08000f94   0x00000068   Code   RO         6536    i.SystemInit        system_stm32f4xx.o
    0x08000ffc   0x08000ffc   0x00000034   Code   RO         6636    i.TaskInit          task_manager.o
    0x08001030   0x08001030   0x000000b8   Code   RO         6962    i.USART1_IRQHandler  dbus.o
    0x080010e8   0x080010e8   0x00000040   Code   RO         6573    i.USART6_IRQHandler  bmi_task.o
    0x08001128   0x08001128   0x00000012   Code   RO         6130    i.USART_ClearFlag   stm32f4xx_usart.o
    0x0800113a   0x0800113a   0x0000001e   Code   RO         6131    i.USART_ClearITPendingBit  stm32f4xx_usart.o
    0x08001158   0x08001158   0x00000054   Code   RO         6138    i.USART_GetITStatus  stm32f4xx_usart.o
    0x080011ac   0x080011ac   0x0000000a   Code   RO         6148    i.USART_ReceiveData  stm32f4xx_usart.o
    0x080011b6   0x080011b6   0x00000004   Code   RO         6482    i.UsageFault_Handler  stm32f4xx_it.o
    0x080011ba   0x080011ba   0x00000030   Code   RO         7428    i.__ARM_fpclassify  m_wm.l(fpclassify.o)
    0x080011ea   0x080011ea   0x00000006   PAD
    0x080011f0   0x080011f0   0x00000c50   Code   RO         7375    i.__hardfp_pow      m_wm.l(pow.o)
    0x08001e40   0x08001e40   0x000000f8   Code   RO         7430    i.__kernel_poly     m_wm.l(poly.o)
    0x08001f38   0x08001f38   0x00000030   Code   RO         7408    i.__mathlib_dbl_divzero  m_wm.l(dunder.o)
    0x08001f68   0x08001f68   0x00000014   Code   RO         7410    i.__mathlib_dbl_infnan2  m_wm.l(dunder.o)
    0x08001f7c   0x08001f7c   0x00000004   PAD
    0x08001f80   0x08001f80   0x00000020   Code   RO         7411    i.__mathlib_dbl_invalid  m_wm.l(dunder.o)
    0x08001fa0   0x08001fa0   0x00000020   Code   RO         7412    i.__mathlib_dbl_overflow  m_wm.l(dunder.o)
    0x08001fc0   0x08001fc0   0x00000020   Code   RO         7414    i.__mathlib_dbl_underflow  m_wm.l(dunder.o)
    0x08001fe0   0x08001fe0   0x0000000e   Code   RO         7495    i.__scatterload_copy  mc_w.l(handlers.o)
    0x08001fee   0x08001fee   0x00000002   Code   RO         7496    i.__scatterload_null  mc_w.l(handlers.o)
    0x08001ff0   0x08001ff0   0x0000000e   Code   RO         7497    i.__scatterload_zeroinit  mc_w.l(handlers.o)
    0x08001ffe   0x08001ffe   0x00000002   PAD
    0x08002000   0x08002000   0x0000000c   Code   RO         7463    i.__set_errno       mc_w.l(errno.o)
    0x0800200c   0x0800200c   0x00000040   Code   RO         6798    i.debug             frame.o
    0x0800204c   0x0800204c   0x00000044   Code   RO         6725    i.delay_init        delay.o
    0x08002090   0x08002090   0x00000018   Code   RO         7424    i.fabs              m_wm.l(fabs.o)
    0x080020a8   0x080020a8   0x00000038   Code   RO         6799    i.frame_task        frame.o
    0x080020e0   0x080020e0   0x00000002   Code   RO         6800    i.frame_task_PidDebug  frame.o
    0x080020e2   0x080020e2   0x00000002   PAD
    0x080020e4   0x080020e4   0x00000048   Code   RO         6801    i.frame_task_init   frame.o
    0x0800212c   0x0800212c   0x00000020   Code   RO         7059    i.ledX_Clear        led.o
    0x0800214c   0x0800214c   0x0000007c   Code   RO         7060    i.ledX_Off          led.o
    0x080021c8   0x080021c8   0x0000000c   Code   RO         7061    i.ledX_On           led.o
    0x080021d4   0x080021d4   0x0000006c   Code   RO         7063    i.ledX_init         led.o
    0x08002240   0x08002240   0x0000007c   Code   RO         7064    i.ledX_light        led.o
    0x080022bc   0x080022bc   0x00000008   Code   RO         6388    i.main              main.o
    0x080022c4   0x080022c4   0x000000f8   Code   RO         6884    i.moto_infomation_process  can.o
    0x080023bc   0x080023bc   0x00000028   Code   RO         6575    i.protocol_rx_irq_usart6  bmi_task.o
    0x080023e4   0x080023e4   0x00000098   Code   RO          575    i.prvAddCurrentTaskToDelayedList  tasks.o
    0x0800247c   0x0800247c   0x000000b8   Code   RO          576    i.prvAddNewTaskToReadyList  tasks.o
    0x08002534   0x08002534   0x00000064   Code   RO          933    i.prvCheckForValidListAndQueue  timers.o
    0x08002598   0x08002598   0x00000048   Code   RO          577    i.prvCheckTasksWaitingTermination  tasks.o
    0x080025e0   0x080025e0   0x0000002a   Code   RO          198    i.prvCopyDataFromQueue  queue.o
    0x0800260a   0x0800260a   0x0000007e   Code   RO          199    i.prvCopyDataToQueue  queue.o
    0x08002688   0x08002688   0x00000012   Code   RO          578    i.prvDeleteTCB      tasks.o
    0x0800269a   0x0800269a   0x00000002   PAD
    0x0800269c   0x0800269c   0x00000028   Code   RO          934    i.prvGetNextExpireTime  timers.o
    0x080026c4   0x080026c4   0x0000007c   Code   RO         1087    i.prvHeapInit       heap_4.o
    0x08002740   0x08002740   0x00000028   Code   RO          579    i.prvIdleTask       tasks.o
    0x08002768   0x08002768   0x0000002a   Code   RO          202    i.prvInitialiseNewQueue  queue.o
    0x08002792   0x08002792   0x000000be   Code   RO          580    i.prvInitialiseNewTask  tasks.o
    0x08002850   0x08002850   0x00000068   Code   RO          581    i.prvInitialiseTaskLists  tasks.o
    0x080028b8   0x080028b8   0x00000068   Code   RO         1088    i.prvInsertBlockIntoFreeList  heap_4.o
    0x08002920   0x08002920   0x00000058   Code   RO          936    i.prvInsertTimerInActiveList  timers.o
    0x08002978   0x08002978   0x0000001a   Code   RO          203    i.prvIsQueueEmpty   queue.o
    0x08002992   0x08002992   0x0000001e   Code   RO          204    i.prvIsQueueFull    queue.o
    0x080029b0   0x080029b0   0x00000074   Code   RO          937    i.prvProcessExpiredTimer  timers.o
    0x08002a24   0x08002a24   0x00000138   Code   RO          938    i.prvProcessReceivedCommands  timers.o
    0x08002b5c   0x08002b5c   0x00000074   Code   RO          939    i.prvProcessTimerOrBlockTask  timers.o
    0x08002bd0   0x08002bd0   0x00000034   Code   RO          583    i.prvResetNextTaskUnblockTime  tasks.o
    0x08002c04   0x08002c04   0x0000002c   Code   RO          940    i.prvSampleTimeNow  timers.o
    0x08002c30   0x08002c30   0x000000a4   Code   RO          941    i.prvSwitchTimerLists  timers.o
    0x08002cd4   0x08002cd4   0x00000040   Code   RO         1137    i.prvTaskExitError  port.o
    0x08002d14   0x08002d14   0x0000001a   Code   RO          942    i.prvTimerTask      timers.o
    0x08002d2e   0x08002d2e   0x0000007e   Code   RO          205    i.prvUnlockQueue    queue.o
    0x08002dac   0x08002dac   0x0000013c   Code   RO         1089    i.pvPortMalloc      heap_4.o
    0x08002ee8   0x08002ee8   0x0000002c   Code   RO         1138    i.pxPortInitialiseStack  port.o
    0x08002f14   0x08002f14   0x0000006e   Code   RO         7435    i.sqrt              m_wm.l(sqrt.o)
    0x08002f82   0x08002f82   0x00000002   PAD
    0x08002f84   0x08002f84   0x0000005c   Code   RO         6638    i.start_task        task_manager.o
    0x08002fe0   0x08002fe0   0x00000044   Code   RO         6684    i.test_task         test_task.o
    0x08003024   0x08003024   0x00000048   Code   RO         6685    i.test_task_Init    test_task.o
    0x0800306c   0x0800306c   0x00000002   Code   RO         6686    i.test_task_PidDebug  test_task.o
    0x0800306e   0x0800306e   0x00000028   Code   RO          158    i.uxListRemove      list.o
    0x08003096   0x08003096   0x0000001a   Code   RO          159    i.vListInitialise   list.o
    0x080030b0   0x080030b0   0x00000006   Code   RO          160    i.vListInitialiseItem  list.o
    0x080030b6   0x080030b6   0x00000034   Code   RO          161    i.vListInsert       list.o
    0x080030ea   0x080030ea   0x00000018   Code   RO          162    i.vListInsertEnd    list.o
    0x08003102   0x08003102   0x00000002   PAD
    0x08003104   0x08003104   0x00000054   Code   RO         1140    i.vPortEnterCritical  port.o
    0x08003158   0x08003158   0x0000003c   Code   RO         1141    i.vPortExitCritical  port.o
    0x08003194   0x08003194   0x00000094   Code   RO         1090    i.vPortFree         heap_4.o
    0x08003228   0x08003228   0x00000028   Code   RO         1142    i.vPortSetupTimerInterrupt  port.o
    0x08003250   0x08003250   0x00000078   Code   RO         1143    i.vPortValidateInterruptPriority  port.o
    0x080032c8   0x080032c8   0x0000002c   Code   RO          211    i.vQueueAddToRegistry  queue.o
    0x080032f4   0x080032f4   0x0000004a   Code   RO          215    i.vQueueWaitForMessageRestricted  queue.o
    0x0800333e   0x0800333e   0x00000002   PAD
    0x08003340   0x08003340   0x0000005c   Code   RO          595    i.vTaskDelay        tasks.o
    0x0800339c   0x0800339c   0x000000f4   Code   RO          597    i.vTaskDelete       tasks.o
    0x08003490   0x08003490   0x00000018   Code   RO          600    i.vTaskInternalSetTimeOutState  tasks.o
    0x080034a8   0x080034a8   0x0000000c   Code   RO          601    i.vTaskMissedYield  tasks.o
    0x080034b4   0x080034b4   0x00000038   Code   RO          603    i.vTaskPlaceOnEventList  tasks.o
    0x080034ec   0x080034ec   0x00000040   Code   RO          604    i.vTaskPlaceOnEventListRestricted  tasks.o
    0x0800352c   0x0800352c   0x00000094   Code   RO          612    i.vTaskStartScheduler  tasks.o
    0x080035c0   0x080035c0   0x00000010   Code   RO          614    i.vTaskSuspendAll   tasks.o
    0x080035d0   0x080035d0   0x0000008c   Code   RO          615    i.vTaskSwitchContext  tasks.o
    0x0800365c   0x0800365c   0x00000168   Code   RO         1144    i.xPortStartScheduler  port.o
    0x080037c4   0x080037c4   0x00000034   Code   RO         1145    i.xPortSysTickHandler  port.o
    0x080037f8   0x080037f8   0x0000005a   Code   RO          218    i.xQueueGenericCreate  queue.o
    0x08003852   0x08003852   0x00000002   PAD
    0x08003854   0x08003854   0x00000098   Code   RO          219    i.xQueueGenericReset  queue.o
    0x080038ec   0x080038ec   0x000001a8   Code   RO          220    i.xQueueGenericSend  queue.o
    0x08003a94   0x08003a94   0x000000f8   Code   RO          221    i.xQueueGenericSendFromISR  queue.o
    0x08003b8c   0x08003b8c   0x00000168   Code   RO          228    i.xQueueReceive     queue.o
    0x08003cf4   0x08003cf4   0x0000008c   Code   RO          616    i.xTaskCheckForTimeOut  tasks.o
    0x08003d80   0x08003d80   0x00000060   Code   RO          617    i.xTaskCreate       tasks.o
    0x08003de0   0x08003de0   0x00000020   Code   RO          621    i.xTaskGetSchedulerState  tasks.o
    0x08003e00   0x08003e00   0x0000000c   Code   RO          622    i.xTaskGetTickCount  tasks.o
    0x08003e0c   0x08003e0c   0x00000148   Code   RO          624    i.xTaskIncrementTick  tasks.o
    0x08003f54   0x08003f54   0x000000c8   Code   RO          627    i.xTaskPriorityDisinherit  tasks.o
    0x0800401c   0x0800401c   0x00000098   Code   RO          629    i.xTaskRemoveFromEventList  tasks.o
    0x080040b4   0x080040b4   0x00000104   Code   RO          630    i.xTaskResumeAll    tasks.o
    0x080041b8   0x080041b8   0x00000058   Code   RO          949    i.xTimerCreateTimerTask  timers.o
    0x08004210   0x08004210   0x00000084   Code   RO          950    i.xTimerGenericCommand  timers.o
    0x08004294   0x08004294   0x00000004   PAD
    0x08004298   0x08004298   0x00000088   Data   RO         7378    .constdata          m_wm.l(pow.o)
    0x08004320   0x08004320   0x00000008   Data   RO         7432    .constdata          m_wm.l(qnan.o)
    0x08004328   0x08004328   0x00000020   Data   RO         7493    Region$$Table       anon$$obj.o


    Execution Region RW_IRAM1 (Exec base: 0x20000000, Load base: 0x08004348, Size: 0x00013b10, Max: 0x00030000, ABSOLUTE)

    Exec Addr    Load Addr    Size         Type   Attr      Idx    E Section Name        Object

    0x20000000   0x08004348   0x0000003c   Data   RW          633    .data               tasks.o
    0x2000003c   0x08004384   0x00000014   Data   RW          956    .data               timers.o
    0x20000050   0x08004398   0x00000018   Data   RW         1095    .data               heap_4.o
    0x20000068   0x080043b0   0x0000000c   Data   RW         1146    .data               port.o
    0x20000074   0x080043bc   0x00000014   Data   RW         6537    .data               system_stm32f4xx.o
    0x20000088   0x080043d0   0x00000018   Data   RW         6578    .data               bmi_task.o
    0x200000a0   0x080043e8   0x00000014   Data   RW         6640    .data               task_manager.o
    0x200000b4   0x080043fc   0x00000004   Data   RW         6688    .data               test_task.o
    0x200000b8   0x08004400   0x00000004   Data   RW         6729    .data               delay.o
    0x200000bc   0x08004404   0x00000010   Data   RW         6803    .data               frame.o
    0x200000cc   0x08004414   0x0000000c   Data   RW         6965    .data               dbus.o
    0x200000d8   0x08004420   0x00000004   Data   RW         7464    .data               mc_w.l(errno.o)
    0x200000dc        -       0x00000040   Zero   RW          232    .bss                queue.o
    0x2000011c        -       0x000002e4   Zero   RW          632    .bss                tasks.o
    0x20000400        -       0x00000028   Zero   RW          955    .bss                timers.o
    0x20000428        -       0x00012c00   Zero   RW         1094    .bss                heap_4.o
    0x20013028        -       0x00000134   Zero   RW         6576    .bss                bmi_task.o
    0x2001315c        -       0x00000190   Zero   RW         6639    .bss                task_manager.o
    0x200132ec        -       0x00000014   Zero   RW         6687    .bss                test_task.o
    0x20013300        -       0x000002fe   Zero   RW         6802    .bss                frame.o
    0x200135fe   0x08004424   0x00000002   PAD
    0x20013600        -       0x000000bc   Zero   RW         6889    .bss                can.o
    0x200136bc        -       0x00000054   Zero   RW         6964    .bss                dbus.o
    0x20013710        -       0x00000400   Zero   RW            1    STACK               startup_stm32f427_437xx.o


==============================================================================

Image component sizes


      Code (inc. data)   RO Data    RW Data    ZI Data      Debug   Object Name

       104         20          0         24        308       2614   bmi_task.o
         0          0          0          0          0        612   bsp_crc8_1.o
        22          0          0          0          0       1502   bsp_protocol_1.o
       396         46          0          0        188       2752   can.o
         0          0          0          0          0      14816   croutine.o
       360         26          0         12         84       4801   dbus.o
        84         10          0          4          0       1303   delay.o
         0          0          0          0          0       9628   event_groups.o
       216         54          0         16        766       4769   frame.o
       692         62          0         24      76800       4363   heap_4.o
       400         52          0          0          0       2867   led.o
       148          0          0          0          0       3190   list.o
         8          0          0          0          0       4444   main.o
        40          0          0          0          0     277738   misc.o
      1014         92          0         12          0      11433   port.o
      1784         20          0          0         64      15634   queue.o
        36          8        428          0       1024        868   startup_stm32f427_437xx.o
       770         14          0          0          0       4156   stm32f4xx_can.o
        50          0          0          0          0       2900   stm32f4xx_dma.o
       152          0          0          0          0       2164   stm32f4xx_gpio.o
        20          0          0          0          0       2889   stm32f4xx_it.o
        32          6          0          0          0        585   stm32f4xx_rcc.o
       142          0          0          0          0       3200   stm32f4xx_usart.o
       392         32          0         20          0       1889   system_stm32f4xx.o
       208         42          0         20        400       3280   task_manager.o
      2828        390          0         60        740      24640   tasks.o
       142         42          0          4         20       1762   test_task.o
      1226        116          0         20         40      22335   timers.o

    ----------------------------------------------------------------------
     11282       1036        460        216      80436     433134   Object Totals
         0          0         32          0          0          0   (incl. Generated)
        16          4          0          0          2          0   (incl. Padding)

    ----------------------------------------------------------------------

      Code (inc. data)   RO Data    RW Data    ZI Data      Debug   Library Member Name

       164         44          0          0          0        620   dunder.o
        24          0          0          0          0        124   fabs.o
        48          0          0          0          0        124   fpclassify.o
       248          0          0          0          0        152   poly.o
      3152        296        136          0          0        352   pow.o
         0          0          8          0          0          0   qnan.o
       110          0          0          0          0        148   sqrt.o
         0          0          0          0          0          0   entry.o
         0          0          0          0          0          0   entry10a.o
         0          0          0          0          0          0   entry11a.o
         8          4          0          0          0          0   entry2.o
         4          0          0          0          0          0   entry5.o
         0          0          0          0          0          0   entry7b.o
         0          0          0          0          0          0   entry8b.o
         8          4          0          0          0          0   entry9a.o
        12          6          0          4          0         68   errno.o
        30          0          0          0          0          0   handlers.o
        36          8          0          0          0         68   init.o
         0          0          0          0          0          0   iusefp.o
        30          0          0          0          0         68   llshl.o
        36          0          0          0          0         68   llsshr.o
        32          0          0          0          0         68   llushr.o
        36          0          0          0          0         68   memcpya.o
        36          0          0          0          0        108   memseta.o
        48          0          0          0          0         68   cdrcmple.o
       334          0          0          0          0        148   dadd.o
       222          0          0          0          0        100   ddiv.o
       186          0          0          0          0        176   depilogue.o
        50          0          0          0          0         76   dfixui.o
        34          0          0          0          0         76   dflti.o
       228          0          0          0          0         96   dmul.o
        46          0          0          0          0         80   dscalb.o
       162          0          0          0          0        100   dsqrt.o

    ----------------------------------------------------------------------
      5338        362        144          4          0       2956   Library Totals
        14          0          0          0          0          0   (incl. Padding)

    ----------------------------------------------------------------------

      Code (inc. data)   RO Data    RW Data    ZI Data      Debug   Library Name

      3746        340        144          0          0       1520   m_wm.l
       268         22          0          4          0        516   mc_w.l
      1310          0          0          0          0        920   mf_w.l

    ----------------------------------------------------------------------
      5338        362        144          4          0       2956   Library Totals

    ----------------------------------------------------------------------

==============================================================================


      Code (inc. data)   RO Data    RW Data    ZI Data      Debug   

     16620       1398        604        220      80436     423418   Grand Totals
     16620       1398        604        220      80436     423418   ELF Image Totals
     16620       1398        604        220          0          0   ROM Totals

==============================================================================

    Total RO  Size (Code + RO Data)                17224 (  16.82kB)
    Total RW  Size (RW Data + ZI Data)             80656 (  78.77kB)
    Total ROM Size (Code + RO Data + RW Data)      17444 (  17.04kB)

==============================================================================

